<?xml version="1.0" encoding="utf-8"?><testsuites name="pytest tests"><testsuite name="pytest" errors="0" failures="0" skipped="6" tests="1151" time="129.705" timestamp="2026-08-05T20:07:02.192409+00:00" hostname="5d26c005fcdd"><testcase classname="tests.kernels.test_grouped_gemm_persistent_3wg" name="test_against_torch_reference[uniform]" time="0.503" /><testcase classname="tests.kernels.test_grouped_gemm_persistent_3wg" name="test_against_torch_reference[skewed]" time="0.012" /><testcase classname="tests.kernels.test_grouped_gemm_persistent_3wg" name="test_correctness_stages[2]" time="0.087" /><testcase classname="tests.kernels.test_grouped_gemm_persistent_3wg" name="test_correctness_stages[3]" time="0.090" /><testcase classname="tests.kernels.test_grouped_gemm_persistent_3wg" name="test_correctness_stages[4]" time="0.086" /><testcase classname="tests.kernels.test_grouped_gemm_persistent_3wg" name="test_partial_m_tile" time="0.081" /><testcase classname="tests.kernels.test_grouped_gemm_persistent_3wg" name="test_max_waves_edge_case" time="0.083" /><testcase classname="tests.kernels.test_grouped_gemm_persistent_3wg" name="test_cooperative_correctness[uniform-bm128_bn128_ns2]" time="0.079" /><testcase classname="tests.kernels.test_grouped_gemm_persistent_3wg" name="test_cooperative_correctness[uniform-bm128_bn128_ns3]" time="0.079" /><testcase classname="tests.kernels.test_grouped_gemm_persistent_3wg" name="test_cooperative_correctness[uniform-bm128_bn256_ns2]" time="0.078" /><testcase classname="tests.kernels.test_grouped_gemm_persistent_3wg" name="test_cooperative_correctness[uniform-bm128_bn256_ns3]" time="0.078" /><testcase classname="tests.kernels.test_grouped_gemm_persistent_3wg" name="test_cooperative_correctness[skewed-bm128_bn128_ns2]" time="0.003" /><testcase classname="tests.kernels.test_grouped_gemm_persistent_3wg" name="test_cooperative_correctness[skewed-bm128_bn128_ns3]" time="0.003" /><testcase classname="tests.kernels.test_grouped_gemm_persistent_3wg" name="test_cooperative_correctness[skewed-bm128_bn256_ns2]" time="0.003" /><testcase classname="tests.kernels.test_grouped_gemm_persistent_3wg" name="test_cooperative_correctness[skewed-bm128_bn256_ns3]" time="0.003" /><testcase classname="tests.kernels.test_grouped_gemm_persistent_3wg" name="test_cooperative_partial_m_tile" time="0.105" /><testcase classname="tests.kernels.test_grouped_gemm_persistent_3wg" name="test_out_param_reuse" time="0.081" /><testcase classname="tests.kernels.test_grouped_gemm_persistent_3wg" name="test_out_buffer_validation" time="0.002" /><testcase classname="tests.kernels.test_grouped_gemm_persistent_3wg" name="test_no_host_pad_on_unaligned" time="0.082" /><testcase classname="tests.kernels.test_moe_grouped_gemm_3wg_fused_act" name="test_pingpong_against_reference[silu_and_mul]" time="0.116" /><testcase classname="tests.kernels.test_moe_grouped_gemm_3wg_fused_act" name="test_pingpong_against_reference[gelu_and_mul]" time="0.116" /><testcase classname="tests.kernels.test_moe_grouped_gemm_3wg_fused_act" name="test_pingpong_partial_m_tile" time="0.434" /><testcase classname="tests.kernels.test_moe_grouped_gemm_3wg_fused_act" name="test_cooperative_against_reference[uniform-silu_and_mul]" time="0.085" /><testcase classname="tests.kernels.test_moe_grouped_gemm_3wg_fused_act" name="test_cooperative_against_reference[uniform-gelu_and_mul]" time="0.086" /><testcase classname="tests.kernels.test_moe_grouped_gemm_3wg_fused_act" name="test_cooperative_against_reference[skewed-silu_and_mul]" time="0.003" /><testcase classname="tests.kernels.test_moe_grouped_gemm_3wg_fused_act" name="test_cooperative_against_reference[skewed-gelu_and_mul]" time="0.003" /><testcase classname="tests.kernels.test_moe_grouped_gemm_3wg_fused_act" name="test_many_zero_experts" time="0.098" /><testcase classname="tests.ops.attention.test_deepseek_dsa_decode" name="test_sparse_mla_decode[full-fp16-tuned]" time="0.451"><properties><property name="op" value="DeepSeekSparseAttentionDecodeWithKVCacheFwdOp" /><property name="op_module" value="tileops.ops.attention.deepseek_dsa" /><property name="max_abs_err" value="2.44e-04" /></properties></testcase><testcase classname="tests.ops.attention.test_deepseek_nsa" name="test_nsa_varlen_op[4-16-8192-64-True-0.1-32-16-1-dtype1-accum_dtype1-False]" time="4.684"><properties><property name="op" value="NSAFwdVarlenOp" /><property name="op_module" value="tileops.ops.attention.deepseek_nsa" /><property name="max_abs_err" value="4.88e-04" /></properties></testcase><testcase classname="tests.ops.attention.test_deepseek_nsa" name="test_nsa_varlen_op[2-16-8192-64-True-0.1-32-16-4-dtype2-accum_dtype2-False]" time="4.669"><properties><property name="op" value="NSAFwdVarlenOp" /><property name="op_module" value="tileops.ops.attention.deepseek_nsa" /><property name="max_abs_err" value="4.88e-04" /></properties></testcase><testcase classname="tests.ops.attention.test_deepseek_nsa_topk" name="test_nsa_topk_varlen_op[3-512-32-128-16-1-16-32-32-dtype1-accum_dtype1-False]" time="1.701" /><testcase classname="tests.ops.attention.test_gqa" name="test_gqa_fwd[4-2048-64-4-128-False-dtype4-False]" time="0.151"><properties><property name="op" value="GroupedQueryAttentionFwdOp" /><property name="op_module" value="tileops.ops.attention.gqa" /><property name="max_abs_err" value="2.44e-04" /></properties></testcase><testcase classname="tests.ops.attention.test_gqa" name="test_gqa_fwd[4-2048-64-4-128-False-dtype5-False]" time="0.149"><properties><property name="op" value="GroupedQueryAttentionFwdOp" /><property name="op_module" value="tileops.ops.attention.gqa" /><property name="max_abs_err" value="1.95e-03" /></properties></testcase><testcase classname="tests.ops.attention.test_gqa" name="test_gqa_bwd[4-2048-64-4-128-False-dtype2-False]" time="0.142"><properties><property name="op" value="GroupedQueryAttentionBwdOp" /><property name="op_module" value="tileops.ops.attention.gqa" /><property name="max_abs_err" value="4.88e-04" /></properties></testcase><testcase classname="tests.ops.attention.test_gqa" name="test_gqa_bwd[4-2048-64-4-128-False-dtype3-False]" time="0.150"><properties><property name="op" value="GroupedQueryAttentionBwdOp" /><property name="op_module" value="tileops.ops.attention.gqa" /><property name="max_abs_err" value="3.91e-03" /></properties></testcase><testcase classname="tests.ops.attention.test_gqa_decode" name="test_gqa_decode[8-64-16-8192-128-dtype3-False]" time="0.199"><properties><property name="op" value="GroupedQueryAttentionDecodeWithKVCacheFwdOp" /><property name="op_module" value="tileops.ops.attention.gqa" /><property name="max_abs_err" value="1.30e-04" /></properties></testcase><testcase classname="tests.ops.attention.test_gqa_decode_paged" name="test_gqa_decode_paged_op[2-8-4-1024-64-256-dtype1-False]" time="0.211"><properties><property name="op" value="GroupedQueryAttentionDecodePagedWithKVCacheFwdOp" /><property name="op_module" value="tileops.ops.attention.gqa" /><property name="max_abs_err" value="1.22e-04" /></properties></testcase><testcase classname="tests.ops.attention.test_gqa_decode_paged" name="test_gqa_decode_paged_op[1-32-8-256-128-64-dtype2-False]" time="0.111"><properties><property name="op" value="GroupedQueryAttentionDecodePagedWithKVCacheFwdOp" /><property name="op_module" value="tileops.ops.attention.gqa" /><property name="max_abs_err" value="2.44e-04" /></properties></testcase><testcase classname="tests.ops.attention.test_gqa_decode_paged" name="test_gqa_decode_paged_op[1-8-4-1024-64-256-dtype3-False]" time="0.171"><properties><property name="op" value="GroupedQueryAttentionDecodePagedWithKVCacheFwdOp" /><property name="op_module" value="tileops.ops.attention.gqa" /><property name="max_abs_err" value="6.10e-05" /></properties></testcase><testcase classname="tests.ops.attention.test_gqa_decode_paged" name="test_gqa_decode_paged_op[2-16-8-512-128-128-dtype4-False]" time="0.173"><properties><property name="op" value="GroupedQueryAttentionDecodePagedWithKVCacheFwdOp" /><property name="op_module" value="tileops.ops.attention.gqa" /><property name="max_abs_err" value="2.44e-04" /></properties></testcase><testcase classname="tests.ops.attention.test_gqa_decode_paged" name="test_gqa_decode_paged_op[1-16-4-2048-128-512-dtype5-False]" time="0.322"><properties><property name="op" value="GroupedQueryAttentionDecodePagedWithKVCacheFwdOp" /><property name="op_module" value="tileops.ops.attention.gqa" /><property name="max_abs_err" value="1.22e-04" /></properties></testcase><testcase classname="tests.ops.attention.test_gqa_decode_paged" name="test_gqa_decode_paged_op[1-32-16-512-64-128-dtype6-False]" time="0.173"><properties><property name="op" value="GroupedQueryAttentionDecodePagedWithKVCacheFwdOp" /><property name="op_module" value="tileops.ops.attention.gqa" /><property name="max_abs_err" value="2.44e-04" /></properties></testcase><testcase classname="tests.ops.attention.test_gqa_sliding_window" name="test_gqa_sliding_window_fwd_op[2-512-8-2-64-True-128--1-dtype2-False]" time="0.155"><properties><property name="op" value="GroupedQueryAttentionSlidingWindowFwdOp" /><property name="op_module" value="tileops.ops.attention.gqa" /><property name="max_abs_err" value="1.22e-04" /></properties></testcase><testcase classname="tests.ops.attention.test_gqa_sliding_window" name="test_gqa_sliding_window_fwd_op[2-512-8-2-64-False--1--1-dtype3-False]" time="0.153"><properties><property name="op" value="GroupedQueryAttentionSlidingWindowFwdOp" /><property name="op_module" value="tileops.ops.attention.gqa" /><property name="max_abs_err" value="1.53e-05" /></properties></testcase><testcase classname="tests.ops.attention.test_gqa_sliding_window" name="test_gqa_sliding_window_fwd_op[2-512-8-2-64-False-64-64-dtype4-False]" time="0.154"><properties><property name="op" value="GroupedQueryAttentionSlidingWindowFwdOp" /><property name="op_module" value="tileops.ops.attention.gqa" /><property name="max_abs_err" value="3.05e-05" /></properties></testcase><testcase classname="tests.ops.attention.test_gqa_sliding_window" name="test_gqa_sliding_window_fwd_op[2-128-8-1-128-True-1--1-dtype5-False]" time="0.155"><properties><property name="op" value="GroupedQueryAttentionSlidingWindowFwdOp" /><property name="op_module" value="tileops.ops.attention.gqa" /><property name="max_abs_err" value="2.44e-04" /></properties></testcase><testcase classname="tests.ops.attention.test_gqa_sliding_window" name="test_gqa_sliding_window_fwd_op[2-512-8-2-64-False-64-64-dtype6-False]" time="0.155"><properties><property name="op" value="GroupedQueryAttentionSlidingWindowFwdOp" /><property name="op_module" value="tileops.ops.attention.gqa" /><property name="max_abs_err" value="2.44e-04" /></properties></testcase><testcase classname="tests.ops.attention.test_gqa_sliding_window" name="test_gqa_sliding_window_fwd_op[2-512-8-8-64-True--1--1-dtype7-False]" time="0.154"><properties><property name="op" value="GroupedQueryAttentionSlidingWindowFwdOp" /><property name="op_module" value="tileops.ops.attention.gqa" /><property name="max_abs_err" value="1.22e-04" /></properties></testcase><testcase classname="tests.ops.attention.test_gqa_sliding_window" name="test_gqa_sliding_window_fwd_op[2-512-16-1-64-True--1--1-dtype8-False]" time="0.154"><properties><property name="op" value="GroupedQueryAttentionSlidingWindowFwdOp" /><property name="op_module" value="tileops.ops.attention.gqa" /><property name="max_abs_err" value="1.22e-04" /></properties></testcase><testcase classname="tests.ops.attention.test_gqa_sliding_window" name="test_gqa_sliding_window_fwd_op[2-384-8-2-64-True--1--1-dtype9-False]" time="0.155"><properties><property name="op" value="GroupedQueryAttentionSlidingWindowFwdOp" /><property name="op_module" value="tileops.ops.attention.gqa" /><property name="max_abs_err" value="1.22e-04" /></properties></testcase><testcase classname="tests.ops.attention.test_gqa_sliding_window" name="test_gqa_sliding_window_fwd_op[2-768-8-2-64-False-256--1-dtype10-False]" time="0.154"><properties><property name="op" value="GroupedQueryAttentionSlidingWindowFwdOp" /><property name="op_module" value="tileops.ops.attention.gqa" /><property name="max_abs_err" value="1.53e-05" /></properties></testcase><testcase classname="tests.ops.attention.test_gqa_sliding_window" name="test_gqa_sliding_window_fwd_op[1-2048-8-2-64-True-512--1-dtype11-False]" time="0.154"><properties><property name="op" value="GroupedQueryAttentionSlidingWindowFwdOp" /><property name="op_module" value="tileops.ops.attention.gqa" /><property name="max_abs_err" value="6.10e-05" /></properties></testcase><testcase classname="tests.ops.attention.test_gqa_sliding_window" name="test_gqa_sliding_window_fwd_op[2-512-8-2-64-False--1-64-dtype12-False]" time="0.155"><properties><property name="op" value="GroupedQueryAttentionSlidingWindowFwdOp" /><property name="op_module" value="tileops.ops.attention.gqa" /><property name="max_abs_err" value="3.05e-05" /></properties></testcase><testcase classname="tests.ops.attention.test_gqa_sliding_window" name="test_gqa_sliding_window_fwd_op[2-256-8-2-64-True-0--1-dtype13-False]" time="0.155"><properties><property name="op" value="GroupedQueryAttentionSlidingWindowFwdOp" /><property name="op_module" value="tileops.ops.attention.gqa" /><property name="max_abs_err" value="0.00e+00" /></properties></testcase><testcase classname="tests.ops.attention.test_gqa_sliding_window_varlen" name="test_gqa_sliding_window_varlen_fwd_op[2-seqlens_q2-seqlens_k2-8-2-64-True-128--1-dtype2-False]" time="0.165"><properties><property name="op" value="GroupedQueryAttentionSlidingWindowVarlenFwdOp" /><property name="op_module" value="tileops.ops.attention.gqa" /><property name="max_abs_err" value="6.10e-05" /></properties></testcase><testcase classname="tests.ops.attention.test_gqa_sliding_window_varlen" name="test_gqa_sliding_window_varlen_fwd_op[2-seqlens_q3-seqlens_k3-8-2-64-False--1--1-dtype3-False]" time="0.302"><properties><property name="op" value="GroupedQueryAttentionSlidingWindowVarlenFwdOp" /><property name="op_module" value="tileops.ops.attention.gqa" /><property name="max_abs_err" value="7.63e-06" /></properties></testcase><testcase classname="tests.ops.attention.test_gqa_sliding_window_varlen" name="test_gqa_sliding_window_varlen_fwd_op[2-seqlens_q4-seqlens_k4-8-2-64-False-64-64-dtype4-False]" time="0.163"><properties><property name="op" value="GroupedQueryAttentionSlidingWindowVarlenFwdOp" /><property name="op_module" value="tileops.ops.attention.gqa" /><property name="max_abs_err" value="3.05e-05" /></properties></testcase><testcase classname="tests.ops.attention.test_gqa_sliding_window_varlen" name="test_gqa_sliding_window_varlen_fwd_op[2-seqlens_q5-seqlens_k5-8-2-64-True--1--1-dtype5-False]" time="0.163"><properties><property name="op" value="GroupedQueryAttentionSlidingWindowVarlenFwdOp" /><property name="op_module" value="tileops.ops.attention.gqa" /><property name="max_abs_err" value="1.53e-05" /></properties></testcase><testcase classname="tests.ops.attention.test_gqa_sliding_window_varlen" name="test_gqa_sliding_window_varlen_fwd_op[2-seqlens_q6-seqlens_k6-8-2-64-True-128--1-dtype6-False]" time="0.164"><properties><property name="op" value="GroupedQueryAttentionSlidingWindowVarlenFwdOp" /><property name="op_module" value="tileops.ops.attention.gqa" /><property name="max_abs_err" value="1.53e-05" /></properties></testcase><testcase classname="tests.ops.attention.test_gqa_sliding_window_varlen" name="test_gqa_sliding_window_varlen_fwd_op[2-seqlens_q7-seqlens_k7-8-2-64-False-64-64-dtype7-False]" time="0.163"><properties><property name="op" value="GroupedQueryAttentionSlidingWindowVarlenFwdOp" /><property name="op_module" value="tileops.ops.attention.gqa" /><property name="max_abs_err" value="3.05e-05" /></properties></testcase><testcase classname="tests.ops.attention.test_gqa_sliding_window_varlen" name="test_gqa_sliding_window_varlen_fwd_op[2-seqlens_q8-seqlens_k8-8-2-64-False-64-64-dtype8-False]" time="0.164"><properties><property name="op" value="GroupedQueryAttentionSlidingWindowVarlenFwdOp" /><property name="op_module" value="tileops.ops.attention.gqa" /><property name="max_abs_err" value="2.44e-04" /></properties></testcase><testcase classname="tests.ops.attention.test_gqa_sliding_window_varlen" name="test_gqa_sliding_window_varlen_fwd_op[2-seqlens_q9-seqlens_k9-8-8-64-True--1--1-dtype9-False]" time="0.163"><properties><property name="op" value="GroupedQueryAttentionSlidingWindowVarlenFwdOp" /><property name="op_module" value="tileops.ops.attention.gqa" /><property name="max_abs_err" value="1.22e-04" /></properties></testcase><testcase classname="tests.ops.attention.test_gqa_sliding_window_varlen" name="test_gqa_sliding_window_varlen_fwd_op[2-seqlens_q10-seqlens_k10-16-1-64-True--1--1-dtype10-False]" time="0.164"><properties><property name="op" value="GroupedQueryAttentionSlidingWindowVarlenFwdOp" /><property name="op_module" value="tileops.ops.attention.gqa" /><property name="max_abs_err" value="1.22e-04" /></properties></testcase><testcase classname="tests.ops.attention.test_gqa_sliding_window_varlen" name="test_gqa_sliding_window_varlen_fwd_op[3-seqlens_q11-seqlens_k11-8-2-64-True--1--1-dtype11-False]" time="0.165"><properties><property name="op" value="GroupedQueryAttentionSlidingWindowVarlenFwdOp" /><property name="op_module" value="tileops.ops.attention.gqa" /><property name="max_abs_err" value="1.22e-04" /></properties></testcase><testcase classname="tests.ops.attention.test_gqa_sliding_window_varlen" name="test_gqa_sliding_window_varlen_fwd_op[2-seqlens_q12-seqlens_k12-8-2-64-False--1-64-dtype12-False]" time="0.164"><properties><property name="op" value="GroupedQueryAttentionSlidingWindowVarlenFwdOp" /><property name="op_module" value="tileops.ops.attention.gqa" /><property name="max_abs_err" value="3.05e-05" /></properties></testcase><testcase classname="tests.ops.attention.test_gqa_sliding_window_varlen" name="test_gqa_sliding_window_varlen_fwd_op[2-seqlens_q13-seqlens_k13-8-2-64-True-0--1-dtype13-False]" time="0.164"><properties><property name="op" value="GroupedQueryAttentionSlidingWindowVarlenFwdOp" /><property name="op_module" value="tileops.ops.attention.gqa" /><property name="max_abs_err" value="0.00e+00" /></properties></testcase><testcase classname="tests.ops.attention.test_mha" name="test_mha_fwd[full-fwd-fp16]" time="0.148"><properties><property name="op" value="MultiHeadAttentionFwdOp" /><property name="op_module" value="tileops.ops.attention.mha" /><property name="max_abs_err" value="2.44e-04" /></properties></testcase><testcase classname="tests.ops.attention.test_mha" name="test_mha_fwd[full-fwd-bf16-tuned]" time="0.242"><properties><property name="op" value="MultiHeadAttentionFwdOp" /><property name="op_module" value="tileops.ops.attention.mha" /><property name="max_abs_err" value="9.77e-04" /></properties></testcase><testcase classname="tests.ops.attention.test_mha" name="test_mha_bwd[full-bwd-fp16-large]" time="0.124"><properties><property name="op" value="MultiHeadAttentionBwdOp" /><property name="op_module" value="tileops.ops.attention.mha" /><property name="max_abs_err" value="4.88e-04" /></properties></testcase><testcase classname="tests.ops.attention.test_mha" name="test_mha_bwd[full-bwd-bf16-tuned]" time="0.131"><properties><property name="op" value="MultiHeadAttentionBwdOp" /><property name="op_module" value="tileops.ops.attention.mha" /><property name="max_abs_err" value="1.95e-03" /></properties></testcase><testcase classname="tests.ops.attention.test_mha_decode" name="test_mha_decode[1-32-128-5-128-dtype2-False]" time="0.174"><properties><property name="op" value="MultiHeadAttentionDecodeWithKVCacheFwdOp" /><property name="op_module" value="tileops.ops.attention.mha" /><property name="max_abs_err" value="9.77e-04" /></properties></testcase><testcase classname="tests.ops.attention.test_mha_decode_paged" name="test_mha_decode_paged_op[1-8-1-1024-64-256-False-dtype1-False]" time="0.403"><properties><property name="op" value="MultiHeadAttentionDecodePagedWithKVCacheFwdOp" /><property name="op_module" value="tileops.ops.attention.mha" /><property name="max_abs_err" value="2.52e-04" /></properties></testcase><testcase classname="tests.ops.attention.test_mha_decode_paged" name="test_mha_decode_paged_op[2-8-1-1024-64-256-False-dtype2-False]" time="0.261"><properties><property name="op" value="MultiHeadAttentionDecodePagedWithKVCacheFwdOp" /><property name="op_module" value="tileops.ops.attention.mha" /><property name="max_abs_err" value="3.05e-04" /></properties></testcase><testcase classname="tests.ops.attention.test_mha_decode_paged" name="test_mha_decode_paged_op[1-8-1-512-64-256-False-dtype3-False]" time="0.261"><properties><property name="op" value="MultiHeadAttentionDecodePagedWithKVCacheFwdOp" /><property name="op_module" value="tileops.ops.attention.mha" /><property name="max_abs_err" value="2.44e-04" /></properties></testcase><testcase classname="tests.ops.test_activation" name="test_relu_op[4000000-dtype3]" time="0.018"><properties><property name="op" value="ReluFwdOp" /><property name="op_module" value="tileops.ops.elementwise.activations" /><property name="max_abs_err" value="0.00e+00" /></properties></testcase><testcase classname="tests.ops.test_activation" name="test_relu_op[4000000-dtype4]" time="0.017"><properties><property name="op" value="ReluFwdOp" /><property name="op_module" value="tileops.ops.elementwise.activations" /><property name="max_abs_err" value="0.00e+00" /></properties></testcase><testcase classname="tests.ops.test_activation" name="test_relu_strategies[1000000-dtype1-explicit_parallel]" time="0.013"><properties><property name="op" value="ReluFwdKernel" /><property name="op_module" value="tileops.kernels.elementwise" /><property name="max_abs_err" value="0.00e+00" /></properties></testcase><testcase classname="tests.ops.test_activation" name="test_relu_strategies[1000000-dtype2-register_copy]" time="0.016"><properties><property name="op" value="ReluFwdKernel" /><property name="op_module" value="tileops.kernels.elementwise" /><property name="max_abs_err" value="0.00e+00" /></properties></testcase><testcase classname="tests.ops.test_ada_layer_norm" name="test_ada_layer_norm_op[4096-4096-dtype3]" time="0.167"><properties><property name="op" value="AdaLayerNormFwdOp" /><property name="op_module" value="tileops.ops.norm.ada_layer_norm" /><property name="max_abs_err" value="2.86e-06" /></properties></testcase><testcase classname="tests.ops.test_ada_layer_norm" name="test_ada_layer_norm_op[4096-4096-dtype4]" time="0.155"><properties><property name="op" value="AdaLayerNormFwdOp" /><property name="op_module" value="tileops.ops.norm.ada_layer_norm" /><property name="max_abs_err" value="3.91e-03" /></properties></testcase><testcase classname="tests.ops.test_ada_layer_norm" name="test_ada_layer_norm_op[4096-4096-dtype5]" time="0.159"><properties><property name="op" value="AdaLayerNormFwdOp" /><property name="op_module" value="tileops.ops.norm.ada_layer_norm" /><property name="max_abs_err" value="1.56e-02" /></properties></testcase><testcase classname="tests.ops.test_ada_layer_norm" name="test_ada_layer_norm_op[1024-3000-dtype6]" time="0.156"><properties><property name="op" value="AdaLayerNormFwdOp" /><property name="op_module" value="tileops.ops.norm.ada_layer_norm" /><property name="max_abs_err" value="1.91e-06" /></properties></testcase><testcase classname="tests.ops.test_ada_layer_norm" name="test_ada_layer_norm_op[1024-3000-dtype7]" time="0.157"><properties><property name="op" value="AdaLayerNormFwdOp" /><property name="op_module" value="tileops.ops.norm.ada_layer_norm" /><property name="max_abs_err" value="3.91e-03" /></properties></testcase><testcase classname="tests.ops.test_ada_layer_norm" name="test_ada_layer_norm_op[1024-3000-dtype8]" time="0.156"><properties><property name="op" value="AdaLayerNormFwdOp" /><property name="op_module" value="tileops.ops.norm.ada_layer_norm" /><property name="max_abs_err" value="1.56e-02" /></properties></testcase><testcase classname="tests.ops.test_ada_layer_norm" name="test_ada_layer_norm_op[1025-4096-dtype9]" time="0.157"><properties><property name="op" value="AdaLayerNormFwdOp" /><property name="op_module" value="tileops.ops.norm.ada_layer_norm" /><property name="max_abs_err" value="3.91e-03" /></properties></testcase><testcase classname="tests.ops.test_ada_layer_norm" name="test_ada_layer_norm_op[1025-4096-dtype10]" time="0.156"><properties><property name="op" value="AdaLayerNormFwdOp" /><property name="op_module" value="tileops.ops.norm.ada_layer_norm" /><property name="max_abs_err" value="7.81e-03" /></properties></testcase><testcase classname="tests.ops.test_ada_layer_norm_zero" name="test_ada_layer_norm_zero_op[4096-4096-dtype3]" time="0.158"><properties><property name="op" value="AdaLayerNormZeroFwdOp" /><property name="op_module" value="tileops.ops.norm.ada_layer_norm_zero" /><property name="max_abs_err" value="5.72e-06" /></properties></testcase><testcase classname="tests.ops.test_ada_layer_norm_zero" name="test_ada_layer_norm_zero_op[4096-4096-dtype4]" time="0.300"><properties><property name="op" value="AdaLayerNormZeroFwdOp" /><property name="op_module" value="tileops.ops.norm.ada_layer_norm_zero" /><property name="max_abs_err" value="7.81e-03" /></properties></testcase><testcase classname="tests.ops.test_ada_layer_norm_zero" name="test_ada_layer_norm_zero_op[4096-4096-dtype5]" time="0.158"><properties><property name="op" value="AdaLayerNormZeroFwdOp" /><property name="op_module" value="tileops.ops.norm.ada_layer_norm_zero" /><property name="max_abs_err" value="1.56e-02" /></properties></testcase><testcase classname="tests.ops.test_ada_layer_norm_zero" name="test_ada_layer_norm_zero_op[1024-3000-dtype6]" time="0.157"><properties><property name="op" value="AdaLayerNormZeroFwdOp" /><property name="op_module" value="tileops.ops.norm.ada_layer_norm_zero" /><property name="max_abs_err" value="3.81e-06" /></properties></testcase><testcase classname="tests.ops.test_ada_layer_norm_zero" name="test_ada_layer_norm_zero_op[1024-3000-dtype7]" time="0.157"><properties><property name="op" value="AdaLayerNormZeroFwdOp" /><property name="op_module" value="tileops.ops.norm.ada_layer_norm_zero" /><property name="max_abs_err" value="3.91e-03" /></properties></testcase><testcase classname="tests.ops.test_ada_layer_norm_zero" name="test_ada_layer_norm_zero_op[1024-3000-dtype8]" time="0.158"><properties><property name="op" value="AdaLayerNormZeroFwdOp" /><property name="op_module" value="tileops.ops.norm.ada_layer_norm_zero" /><property name="max_abs_err" value="1.56e-02" /></properties></testcase><testcase classname="tests.ops.test_ada_layer_norm_zero" name="test_ada_layer_norm_zero_op[1025-4096-dtype9]" time="0.158"><properties><property name="op" value="AdaLayerNormZeroFwdOp" /><property name="op_module" value="tileops.ops.norm.ada_layer_norm_zero" /><property name="max_abs_err" value="3.91e-03" /></properties></testcase><testcase classname="tests.ops.test_ada_layer_norm_zero" name="test_ada_layer_norm_zero_op[1025-4096-dtype10]" time="0.158"><properties><property name="op" value="AdaLayerNormZeroFwdOp" /><property name="op_module" value="tileops.ops.norm.ada_layer_norm_zero" /><property name="max_abs_err" value="7.81e-03" /></properties></testcase><testcase classname="tests.ops.test_argreduce" name="test_argmax_op[256-4096-dtype3]" time="0.062"><properties><property name="op" value="ArgmaxFwdOp" /><property name="op_module" value="tileops.ops.reduction.argreduce" /><property name="max_abs_err" value="0.00e+00" /></properties></testcase><testcase classname="tests.ops.test_argreduce" name="test_argmax_op[256-4096-dtype4]" time="0.053"><properties><property name="op" value="ArgmaxFwdOp" /><property name="op_module" value="tileops.ops.reduction.argreduce" /><property name="max_abs_err" value="0.00e+00" /></properties></testcase><testcase classname="tests.ops.test_argreduce" name="test_argmax_op[128-300-dtype5]" time="0.050"><properties><property name="op" value="ArgmaxFwdOp" /><property name="op_module" value="tileops.ops.reduction.argreduce" /><property name="max_abs_err" value="0.00e+00" /></properties></testcase><testcase classname="tests.ops.test_argreduce" name="test_argmax_op[128-300-dtype6]" time="0.050"><properties><property name="op" value="ArgmaxFwdOp" /><property name="op_module" value="tileops.ops.reduction.argreduce" /><property name="max_abs_err" value="0.00e+00" /></properties></testcase><testcase classname="tests.ops.test_argreduce" name="test_argmax_op[129-512-dtype7]" time="0.050"><properties><property name="op" value="ArgmaxFwdOp" /><property name="op_module" value="tileops.ops.reduction.argreduce" /><property name="max_abs_err" value="0.00e+00" /></properties></testcase><testcase classname="tests.ops.test_argreduce" name="test_argmax_spec_dim[shape2--1-True-dtype2]" time="0.050" /><testcase classname="tests.ops.test_argreduce" name="test_argmax_spec_dim[shape3-0-False-dtype3]" time="0.002" /><testcase classname="tests.ops.test_argreduce" name="test_argmax_spec_dim[shape4-1-False-dtype4]" time="0.050" /><testcase classname="tests.ops.test_argreduce" name="test_argmax_spec_dim[shape5--1-True-dtype5]" time="0.050" /><testcase classname="tests.ops.test_argreduce" name="test_argmin_op[256-4096-dtype3]" time="0.060"><properties><property name="op" value="ArgminFwdOp" /><property name="op_module" value="tileops.ops.reduction.argreduce" /><property name="max_abs_err" value="0.00e+00" /></properties></testcase><testcase classname="tests.ops.test_argreduce" name="test_argmin_op[256-4096-dtype4]" time="0.056"><properties><property name="op" value="ArgminFwdOp" /><property name="op_module" value="tileops.ops.reduction.argreduce" /><property name="max_abs_err" value="0.00e+00" /></properties></testcase><testcase classname="tests.ops.test_argreduce" name="test_argmin_op[128-300-dtype5]" time="0.050"><properties><property name="op" value="ArgminFwdOp" /><property name="op_module" value="tileops.ops.reduction.argreduce" /><property name="max_abs_err" value="0.00e+00" /></properties></testcase><testcase classname="tests.ops.test_argreduce" name="test_argmin_op[128-300-dtype6]" time="0.051"><properties><property name="op" value="ArgminFwdOp" /><property name="op_module" value="tileops.ops.reduction.argreduce" /><property name="max_abs_err" value="0.00e+00" /></properties></testcase><testcase classname="tests.ops.test_argreduce" name="test_argmin_op[129-512-dtype7]" time="0.050"><properties><property name="op" value="ArgminFwdOp" /><property name="op_module" value="tileops.ops.reduction.argreduce" /><property name="max_abs_err" value="0.00e+00" /></properties></testcase><testcase classname="tests.ops.test_argreduce" name="test_argmin_spec_dim[shape2--1-True-dtype2]" time="0.051" /><testcase classname="tests.ops.test_argreduce" name="test_argmin_spec_dim[shape3-0-False-dtype3]" time="0.001" /><testcase classname="tests.ops.test_argreduce" name="test_argmin_spec_dim[shape4-1-False-dtype4]" time="0.051" /><testcase classname="tests.ops.test_argreduce" name="test_argmin_spec_dim[shape5--1-True-dtype5]" time="0.051" /><testcase classname="tests.ops.test_argreduce" name="test_argmax_dim_none[shape6-dtype6]" time="0.051" /><testcase classname="tests.ops.test_argreduce" name="test_argmin_dim_none[shape6-dtype6]" time="0.051" /><testcase classname="tests.ops.test_batch_norm" name="test_batch_norm_fwd[32-64-spatial2-dtype2-False]" time="0.034" /><testcase classname="tests.ops.test_batch_norm" name="test_batch_norm_fwd[32-256-spatial3-dtype3-True]" time="0.094" /><testcase classname="tests.ops.test_batch_norm" name="test_batch_norm_fwd[16-64-spatial4-dtype4-True]" time="0.127" /><testcase classname="tests.ops.test_batch_norm" name="test_batch_norm_fwd[4-64-spatial5-dtype5-True]" time="0.093" /><testcase classname="tests.ops.test_batch_norm" name="test_batch_norm_fwd[8-64-spatial6-dtype6-True]" time="0.129" /><testcase classname="tests.ops.test_batch_norm" name="test_batch_norm_fwd[8-64-spatial7-dtype7-False]" time="0.136" /><testcase classname="tests.ops.test_batch_norm" name="test_batch_norm_fwd[4-128-spatial8-dtype8-True]" time="0.093" /><testcase classname="tests.ops.test_batch_norm" name="test_batch_norm_fwd[8-64-spatial9-dtype9-True]" time="0.094" /><testcase classname="tests.ops.test_batch_norm" name="test_batch_norm_fwd[8-64-spatial10-dtype10-True]" time="0.094" /><testcase classname="tests.ops.test_batch_norm" name="test_batch_norm_fwd[16-1024-spatial11-dtype11-True]" time="0.240" /><testcase classname="tests.ops.test_batch_norm" name="test_batch_norm_bwd[8-64-spatial2-dtype2]" time="0.119" /><testcase classname="tests.ops.test_batch_norm" name="test_batch_norm_bwd[4-128-spatial3-dtype3]" time="0.093" /><testcase classname="tests.ops.test_batch_norm" name="test_batch_norm_bwd[4-64-spatial4-dtype4]" time="0.092" /><testcase classname="tests.ops.test_batch_norm" name="test_batch_norm_bwd[8-64-spatial5-dtype5]" time="0.093" /><testcase classname="tests.ops.test_batch_norm" name="test_batch_norm_bwd[8-64-spatial6-dtype6]" time="0.094" /><testcase classname="tests.ops.test_binary_arith" name="test_coalesce_broadcast_dims[a_shape1-b_shape1-2]" time="0.001" /><testcase classname="tests.ops.test_binary_arith" name="test_coalesce_broadcast_dims[a_shape2-b_shape2-2]" time="0.001" /><testcase classname="tests.ops.test_binary_arith" name="test_coalesce_broadcast_dims[a_shape3-b_shape3-1]" time="0.001" /><testcase classname="tests.ops.test_binary_arith" name="test_coalesce_broadcast_dims[a_shape4-b_shape4-3]" time="0.001" /><testcase classname="tests.ops.test_binary_arith" name="test_coalesce_broadcast_dims[a_shape5-b_shape5-2]" time="0.001" /><testcase classname="tests.ops.test_binary_arith" name="test_coalesce_broadcast_dims[a_shape6-b_shape6-1]" time="0.001" /><testcase classname="tests.ops.test_binary_arith" name="test_coalesce_broadcast_dims[a_shape7-b_shape7-1]" time="0.001" /><testcase classname="tests.ops.test_binary_arith" name="test_add_same_shape[16384-dtype3]" time="0.021"><properties><property name="op" value="AddFwdOp" /><property name="op_module" value="tileops.ops.elementwise.arithmetic" /><property name="max_abs_err" value="0.00e+00" /></properties></testcase><testcase classname="tests.ops.test_binary_arith" name="test_add_broadcast[a_shape1-b_shape1-dtype1]" time="0.016"><properties><property name="op" value="AddFwdOp" /><property name="op_module" value="tileops.ops.elementwise.arithmetic" /><property name="max_abs_err" value="0.00e+00" /></properties></testcase><testcase classname="tests.ops.test_binary_arith" name="test_add_broadcast[a_shape2-b_shape2-dtype2]" time="0.016"><properties><property name="op" value="AddFwdOp" /><property name="op_module" value="tileops.ops.elementwise.arithmetic" /><property name="max_abs_err" value="0.00e+00" /></properties></testcase><testcase classname="tests.ops.test_binary_arith" name="test_add_broadcast[a_shape3-b_shape3-dtype3]" time="0.016"><properties><property name="op" value="AddFwdOp" /><property name="op_module" value="tileops.ops.elementwise.arithmetic" /><property name="max_abs_err" value="0.00e+00" /></properties></testcase><testcase classname="tests.ops.test_binary_arith" name="test_binary_arith_broadcast[sub-SubFwdOp-&lt;lambda&gt;-&lt;lambda&gt;-&lt;lambda&gt;-a_shape1-b_shape1]" time="0.016" /><testcase classname="tests.ops.test_binary_arith" name="test_binary_arith_broadcast[sub-SubFwdOp-&lt;lambda&gt;-&lt;lambda&gt;-&lt;lambda&gt;-a_shape2-b_shape2]" time="0.016" /><testcase classname="tests.ops.test_binary_arith" name="test_binary_arith_broadcast[mul-MulFwdOp-&lt;lambda&gt;-&lt;lambda&gt;-&lt;lambda&gt;-a_shape3-b_shape3]" time="0.016" /><testcase classname="tests.ops.test_binary_arith" name="test_binary_arith_broadcast[mul-MulFwdOp-&lt;lambda&gt;-&lt;lambda&gt;-&lt;lambda&gt;-a_shape4-b_shape4]" time="0.016" /><testcase classname="tests.ops.test_binary_arith" name="test_binary_arith_broadcast[mul-MulFwdOp-&lt;lambda&gt;-&lt;lambda&gt;-&lt;lambda&gt;-a_shape5-b_shape5]" time="0.016" /><testcase classname="tests.ops.test_binary_arith" name="test_binary_arith_broadcast[div-DivFwdOp-&lt;lambda&gt;-&lt;lambda&gt;-&lt;lambda&gt;-a_shape6-b_shape6]" time="0.019" /><testcase classname="tests.ops.test_binary_arith" name="test_binary_arith_broadcast[div-DivFwdOp-&lt;lambda&gt;-&lt;lambda&gt;-&lt;lambda&gt;-a_shape7-b_shape7]" time="0.017" /><testcase classname="tests.ops.test_binary_arith" name="test_binary_arith_broadcast[div-DivFwdOp-&lt;lambda&gt;-&lt;lambda&gt;-&lt;lambda&gt;-a_shape8-b_shape8]" time="0.058" /><testcase classname="tests.ops.test_binary_arith" name="test_binary_arith_broadcast[remainder-RemainderFwdOp-&lt;lambda&gt;-&lt;lambda&gt;-&lt;lambda&gt;-a_shape9-b_shape9]" time="0.016" /><testcase classname="tests.ops.test_binary_arith" name="test_binary_arith_broadcast[remainder-RemainderFwdOp-&lt;lambda&gt;-&lt;lambda&gt;-&lt;lambda&gt;-a_shape10-b_shape10]" time="0.016" /><testcase classname="tests.ops.test_binary_arith" name="test_binary_arith_broadcast[remainder-RemainderFwdOp-&lt;lambda&gt;-&lt;lambda&gt;-&lt;lambda&gt;-a_shape11-b_shape11]" time="0.016" /><testcase classname="tests.ops.test_binary_arith" name="test_binary_arith_broadcast[pow-PowFwdOp-&lt;lambda&gt;-&lt;lambda&gt;-&lt;lambda&gt;-a_shape12-b_shape12]" time="0.053" /><testcase classname="tests.ops.test_binary_arith" name="test_binary_arith_broadcast[pow-PowFwdOp-&lt;lambda&gt;-&lt;lambda&gt;-&lt;lambda&gt;-a_shape13-b_shape13]" time="0.016" /><testcase classname="tests.ops.test_binary_arith" name="test_binary_arith_broadcast[pow-PowFwdOp-&lt;lambda&gt;-&lt;lambda&gt;-&lt;lambda&gt;-a_shape14-b_shape14]" time="0.016" /><testcase classname="tests.ops.test_binary_arith" name="test_binary_arith_broadcast[floor_divide-FloorDivideFwdOp-&lt;lambda&gt;-&lt;lambda&gt;-&lt;lambda&gt;-a_shape15-b_shape15]" time="0.016" /><testcase classname="tests.ops.test_binary_arith" name="test_binary_arith_broadcast[floor_divide-FloorDivideFwdOp-&lt;lambda&gt;-&lt;lambda&gt;-&lt;lambda&gt;-a_shape16-b_shape16]" time="0.016" /><testcase classname="tests.ops.test_binary_arith" name="test_binary_arith_broadcast[floor_divide-FloorDivideFwdOp-&lt;lambda&gt;-&lt;lambda&gt;-&lt;lambda&gt;-a_shape17-b_shape17]" time="0.016" /><testcase classname="tests.ops.test_binary_arith" name="test_binary_arith_broadcast[lerp-LerpFwdOp-&lt;lambda&gt;-&lt;lambda&gt;-&lt;lambda&gt;-a_shape18-b_shape18]" time="0.021" /><testcase classname="tests.ops.test_binary_arith" name="test_binary_arith_broadcast[lerp-LerpFwdOp-&lt;lambda&gt;-&lt;lambda&gt;-&lt;lambda&gt;-a_shape19-b_shape19]" time="0.017" /><testcase classname="tests.ops.test_binary_arith" name="test_binary_arith_broadcast[lerp-LerpFwdOp-&lt;lambda&gt;-&lt;lambda&gt;-&lt;lambda&gt;-a_shape20-b_shape20]" time="0.017" /><testcase classname="tests.ops.test_binary_arith" name="test_binary_arith_broadcast[maximum-MaximumFwdOp-&lt;lambda&gt;-&lt;lambda&gt;-&lt;lambda&gt;-a_shape21-b_shape21]" time="0.017" /><testcase classname="tests.ops.test_binary_arith" name="test_binary_arith_broadcast[maximum-MaximumFwdOp-&lt;lambda&gt;-&lt;lambda&gt;-&lt;lambda&gt;-a_shape22-b_shape22]" time="0.016" /><testcase classname="tests.ops.test_binary_arith" name="test_binary_arith_broadcast[maximum-MaximumFwdOp-&lt;lambda&gt;-&lt;lambda&gt;-&lt;lambda&gt;-a_shape23-b_shape23]" time="0.016" /><testcase classname="tests.ops.test_binary_arith" name="test_binary_arith_broadcast[minimum-MinimumFwdOp-&lt;lambda&gt;-&lt;lambda&gt;-&lt;lambda&gt;-a_shape24-b_shape24]" time="0.017" /><testcase classname="tests.ops.test_binary_arith" name="test_binary_arith_broadcast[minimum-MinimumFwdOp-&lt;lambda&gt;-&lt;lambda&gt;-&lt;lambda&gt;-a_shape25-b_shape25]" time="0.016" /><testcase classname="tests.ops.test_binary_arith" name="test_binary_arith_broadcast[minimum-MinimumFwdOp-&lt;lambda&gt;-&lt;lambda&gt;-&lt;lambda&gt;-a_shape26-b_shape26]" time="0.017" /><testcase classname="tests.ops.test_binary_arith" name="test_add_strategies[16384-dtype1-explicit_parallel]" time="0.014"><properties><property name="op" value="AddFwdKernel" /><property name="op_module" value="tileops.kernels.elementwise" /><property name="max_abs_err" value="0.00e+00" /></properties></testcase><testcase classname="tests.ops.test_binary_arith" name="test_binary_arith_edge_cases[RemainderFwdOp-&lt;lambda&gt;-&lt;lambda&gt;]" time="0.039" /><testcase classname="tests.ops.test_binary_arith" name="test_binary_arith_edge_cases[FloorDivideFwdOp-&lt;lambda&gt;-&lt;lambda&gt;]" time="0.021" /><testcase classname="tests.ops.test_binary_arith" name="test_binary_arith_edge_cases[PowFwdOp-&lt;lambda&gt;-&lt;lambda&gt;]" time="0.021" /><testcase classname="tests.ops.test_binary_arith" name="test_binary_arith_edge_cases[MaximumFwdOp-&lt;lambda&gt;-&lt;lambda&gt;]" time="0.021" /><testcase classname="tests.ops.test_binary_arith" name="test_max_min_optimized_large[10485760-dtype2-maximum]" time="0.021" /><testcase classname="tests.ops.test_binary_arith" name="test_max_min_optimized_large[10485760-dtype2-minimum]" time="0.020" /><testcase classname="tests.ops.test_bitwise" name="test_bitwise_and_op[16384]" time="0.020"><properties><property name="op" value="BitwiseAndFwdOp" /><property name="op_module" value="tileops.ops.elementwise.bitwise" /><property name="max_abs_err" value="0.00e+00" /></properties></testcase><testcase classname="tests.ops.test_bitwise" name="test_bitwise_or_op[16384]" time="0.021"><properties><property name="op" value="BitwiseOrFwdOp" /><property name="op_module" value="tileops.ops.elementwise.bitwise" /><property name="max_abs_err" value="0.00e+00" /></properties></testcase><testcase classname="tests.ops.test_bitwise" name="test_bitwise_xor_op[16384]" time="0.021"><properties><property name="op" value="BitwiseXorFwdOp" /><property name="op_module" value="tileops.ops.elementwise.bitwise" /><property name="max_abs_err" value="0.00e+00" /></properties></testcase><testcase classname="tests.ops.test_bitwise" name="test_bitwise_broadcast[bitwise_and-BitwiseAndFwdOp-bitwise_and-a_shape1-b_shape1]" time="0.016" /><testcase classname="tests.ops.test_bitwise" name="test_bitwise_broadcast[bitwise_and-BitwiseAndFwdOp-bitwise_and-a_shape2-b_shape2]" time="0.016" /><testcase classname="tests.ops.test_bitwise" name="test_bitwise_broadcast[bitwise_or-BitwiseOrFwdOp-bitwise_or-a_shape3-b_shape3]" time="0.016" /><testcase classname="tests.ops.test_bitwise" name="test_bitwise_broadcast[bitwise_or-BitwiseOrFwdOp-bitwise_or-a_shape4-b_shape4]" time="0.016" /><testcase classname="tests.ops.test_bitwise" name="test_bitwise_broadcast[bitwise_or-BitwiseOrFwdOp-bitwise_or-a_shape5-b_shape5]" time="0.016" /><testcase classname="tests.ops.test_bitwise" name="test_bitwise_broadcast[bitwise_xor-BitwiseXorFwdOp-bitwise_xor-a_shape6-b_shape6]" time="0.016" /><testcase classname="tests.ops.test_bitwise" name="test_bitwise_broadcast[bitwise_xor-BitwiseXorFwdOp-bitwise_xor-a_shape7-b_shape7]" time="0.016" /><testcase classname="tests.ops.test_bitwise" name="test_bitwise_broadcast[bitwise_xor-BitwiseXorFwdOp-bitwise_xor-a_shape8-b_shape8]" time="0.016" /><testcase classname="tests.ops.test_bitwise" name="test_bool_bitwise_fast_path[bitwise_and-BitwiseAndFwdOp-bitwise_and-a_shape3-b_shape3]" time="0.016" /><testcase classname="tests.ops.test_bitwise" name="test_bool_bitwise_fast_path[bitwise_or-BitwiseOrFwdOp-bitwise_or-a_shape4-b_shape4]" time="0.016" /><testcase classname="tests.ops.test_bitwise" name="test_bool_bitwise_fast_path[bitwise_xor-BitwiseXorFwdOp-bitwise_xor-a_shape5-b_shape5]" time="0.016" /><testcase classname="tests.ops.test_bitwise" name="test_bitwise_binary_rejects_float_dtype[BitwiseOrFwdOp-dtype3]" time="0.001" /><testcase classname="tests.ops.test_bitwise" name="test_bitwise_binary_rejects_float_dtype[BitwiseXorFwdOp-dtype4]" time="0.001" /><testcase classname="tests.ops.test_bmm" name="test_bmm[full-fp16-b8-512]" time="0.040"><properties><property name="op" value="BmmFwdOp" /><property name="op_module" value="tileops.ops.bmm" /><property name="max_abs_err" value="0.00e+00" /></properties></testcase><testcase classname="tests.ops.test_bmm" name="test_bmm[full-bf16-b8-512]" time="0.118"><properties><property name="op" value="BmmFwdOp" /><property name="op_module" value="tileops.ops.bmm" /><property name="max_abs_err" value="0.00e+00" /></properties></testcase><testcase classname="tests.ops.test_bmm" name="test_bmm[full-fp16-b16-256]" time="0.038"><properties><property name="op" value="BmmFwdOp" /><property name="op_module" value="tileops.ops.bmm" /><property name="max_abs_err" value="0.00e+00" /></properties></testcase><testcase classname="tests.ops.test_bmm" name="test_bmm[full-fp16-b1-1k]" time="0.035"><properties><property name="op" value="BmmFwdOp" /><property name="op_module" value="tileops.ops.bmm" /><property name="max_abs_err" value="0.00e+00" /></properties></testcase><testcase classname="tests.ops.test_bmm" name="test_bmm[full-fp16-b32-mha-qk]" time="0.035"><properties><property name="op" value="BmmFwdOp" /><property name="op_module" value="tileops.ops.bmm" /><property name="max_abs_err" value="0.00e+00" /></properties></testcase><testcase classname="tests.ops.test_bmm" name="test_bmm[full-fp16-b8-mha-pv]" time="0.037"><properties><property name="op" value="BmmFwdOp" /><property name="op_module" value="tileops.ops.bmm" /><property name="max_abs_err" value="0.00e+00" /></properties></testcase><testcase classname="tests.ops.test_bmm" name="test_bmm[full-bf16-b8-mha-pv]" time="0.037"><properties><property name="op" value="BmmFwdOp" /><property name="op_module" value="tileops.ops.bmm" /><property name="max_abs_err" value="0.00e+00" /></properties></testcase><testcase classname="tests.ops.test_bmm" name="test_bmm[full-bf16-b32-moe]" time="0.036"><properties><property name="op" value="BmmFwdOp" /><property name="op_module" value="tileops.ops.bmm" /><property name="max_abs_err" value="0.00e+00" /></properties></testcase><testcase classname="tests.ops.test_bmm" name="test_bmm[full-fp16-b4-mn-nonaligned]" time="0.036"><properties><property name="op" value="BmmFwdOp" /><property name="op_module" value="tileops.ops.bmm" /><property name="max_abs_err" value="0.00e+00" /></properties></testcase><testcase classname="tests.ops.test_bmm" name="test_bmm_fp8[full-fp8-b8-per-tensor]" time="0.041"><properties><property name="op" value="BmmFp8Op" /><property name="op_module" value="tileops.ops.bmm" /><property name="max_abs_err" value="3.91e-03" /></properties></testcase><testcase classname="tests.ops.test_bmm" name="test_bmm_fp8[full-fp8-b16-mha-pv-per-tensor]" time="0.041"><properties><property name="op" value="BmmFp8Op" /><property name="op_module" value="tileops.ops.bmm" /><property name="max_abs_err" value="3.12e-02" /></properties></testcase><testcase classname="tests.ops.test_comparison" name="test_comparison_broadcast[eq-EqFwdOp-eq-a_shape1-b_shape1]" time="0.016" /><testcase classname="tests.ops.test_comparison" name="test_comparison_broadcast[eq-EqFwdOp-eq-a_shape2-b_shape2]" time="0.016" /><testcase classname="tests.ops.test_comparison" name="test_comparison_broadcast[ne-NeFwdOp-ne-a_shape3-b_shape3]" time="0.016" /><testcase classname="tests.ops.test_comparison" name="test_comparison_broadcast[ne-NeFwdOp-ne-a_shape4-b_shape4]" time="0.016" /><testcase classname="tests.ops.test_comparison" name="test_comparison_broadcast[ne-NeFwdOp-ne-a_shape5-b_shape5]" time="0.016" /><testcase classname="tests.ops.test_comparison" name="test_comparison_broadcast[gt-GtFwdOp-gt-a_shape6-b_shape6]" time="0.016" /><testcase classname="tests.ops.test_comparison" name="test_comparison_broadcast[gt-GtFwdOp-gt-a_shape7-b_shape7]" time="0.016" /><testcase classname="tests.ops.test_comparison" name="test_comparison_broadcast[gt-GtFwdOp-gt-a_shape8-b_shape8]" time="0.016" /><testcase classname="tests.ops.test_comparison" name="test_comparison_broadcast[lt-LtFwdOp-lt-a_shape9-b_shape9]" time="0.016" /><testcase classname="tests.ops.test_comparison" name="test_comparison_broadcast[lt-LtFwdOp-lt-a_shape10-b_shape10]" time="0.016" /><testcase classname="tests.ops.test_comparison" name="test_comparison_broadcast[lt-LtFwdOp-lt-a_shape11-b_shape11]" time="0.016" /><testcase classname="tests.ops.test_comparison" name="test_comparison_broadcast[ge-GeFwdOp-ge-a_shape12-b_shape12]" time="0.016" /><testcase classname="tests.ops.test_comparison" name="test_comparison_broadcast[ge-GeFwdOp-ge-a_shape13-b_shape13]" time="0.016" /><testcase classname="tests.ops.test_comparison" name="test_comparison_broadcast[ge-GeFwdOp-ge-a_shape14-b_shape14]" time="0.016" /><testcase classname="tests.ops.test_comparison" name="test_comparison_broadcast[le-LeFwdOp-le-a_shape15-b_shape15]" time="0.016" /><testcase classname="tests.ops.test_comparison" name="test_comparison_broadcast[le-LeFwdOp-le-a_shape16-b_shape16]" time="0.016" /><testcase classname="tests.ops.test_comparison" name="test_comparison_broadcast[le-LeFwdOp-le-a_shape17-b_shape17]" time="0.016" /><testcase classname="tests.ops.test_comparison" name="test_comparison_rejects_unsupported_dtype[LtFwdOp-dtype3]" time="0.001" /><testcase classname="tests.ops.test_comparison" name="test_comparison_rejects_unsupported_dtype[GeFwdOp-dtype4]" time="0.001" /><testcase classname="tests.ops.test_comparison" name="test_comparison_rejects_unsupported_dtype[LeFwdOp-dtype5]" time="0.001" /><testcase classname="tests.ops.test_convolution" name="test_conv1d[full-convtasnet-pointwise-k1-s1-fp16]" time="0.117"><properties><property name="op" value="Conv1dBiasFwdOp" /><property name="op_module" value="tileops.ops.convolution" /><property name="max_abs_err" value="0.00e+00" /></properties></testcase><testcase classname="tests.ops.test_convolution" name="test_conv1d[full-seanet-residual-k3-s1-fp16]" time="0.094"><properties><property name="op" value="Conv1dBiasFwdOp" /><property name="op_module" value="tileops.ops.convolution" /><property name="max_abs_err" value="3.12e-02" /></properties></testcase><testcase classname="tests.ops.test_convolution" name="test_conv1d[full-audio-downsample-k5-s2-fp16]" time="0.063"><properties><property name="op" value="Conv1dBiasFwdOp" /><property name="op_module" value="tileops.ops.convolution" /><property name="max_abs_err" value="0.00e+00" /></properties></testcase><testcase classname="tests.ops.test_convolution" name="test_conv1d[full-small-seanet-stem-k7-s1-fp16]" time="0.063"><properties><property name="op" value="Conv1dBiasFwdOp" /><property name="op_module" value="tileops.ops.convolution" /><property name="max_abs_err" value="0.00e+00" /></properties></testcase><testcase classname="tests.ops.test_convolution" name="test_conv1d[full-sequence-downsample-k3-s2-bf16]" time="0.073"><properties><property name="op" value="Conv1dBiasFwdOp" /><property name="op_module" value="tileops.ops.convolution" /><property name="max_abs_err" value="1.25e-01" /></properties></testcase><testcase classname="tests.ops.test_convolution" name="test_conv1d[full-dilation-k3-d2-fp16]" time="0.062"><properties><property name="op" value="Conv1dBiasFwdOp" /><property name="op_module" value="tileops.ops.convolution" /><property name="max_abs_err" value="0.00e+00" /></properties></testcase><testcase classname="tests.ops.test_convolution" name="test_conv1d[full-padding-valid-fp16]" time="0.062"><properties><property name="op" value="Conv1dBiasFwdOp" /><property name="op_module" value="tileops.ops.convolution" /><property name="max_abs_err" value="0.00e+00" /></properties></testcase><testcase classname="tests.ops.test_convolution" name="test_conv1d[full-padding-same-fp16]" time="0.062"><properties><property name="op" value="Conv1dBiasFwdOp" /><property name="op_module" value="tileops.ops.convolution" /><property name="max_abs_err" value="0.00e+00" /></properties></testcase><testcase classname="tests.ops.test_convolution" name="test_conv1d[full-groups2-k3-fp16]" time="0.073"><properties><property name="op" value="Conv1dBiasFwdOp" /><property name="op_module" value="tileops.ops.convolution" /><property name="max_abs_err" value="7.81e-03" /></properties></testcase><testcase classname="tests.ops.test_convolution" name="test_conv1d[full-groups3-coutg24-fp16]" time="0.063"><properties><property name="op" value="Conv1dBiasFwdOp" /><property name="op_module" value="tileops.ops.convolution" /><property name="max_abs_err" value="7.81e-03" /></properties></testcase><testcase classname="tests.ops.test_convolution" name="test_conv1d[full-conformer-depthwise-k31-fp16]" time="0.268"><properties><property name="op" value="Conv1dBiasFwdOp" /><property name="op_module" value="tileops.ops.convolution" /><property name="max_abs_err" value="7.81e-03" /></properties></testcase><testcase classname="tests.ops.test_convolution" name="test_conv1d_dilation_matches_torch[bias]" time="0.060" /><testcase classname="tests.ops.test_convolution" name="test_conv2d[full-stem-3x3-s2-fp16]" time="0.056"><properties><property name="op" value="Conv2dBiasFwdOp" /><property name="op_module" value="tileops.ops.convolution" /><property name="max_abs_err" value="7.81e-03" /></properties></testcase><testcase classname="tests.ops.test_convolution" name="test_conv2d[full-resblock-3x3-s1-fp16]" time="0.095"><properties><property name="op" value="Conv2dBiasFwdOp" /><property name="op_module" value="tileops.ops.convolution" /><property name="max_abs_err" value="0.00e+00" /></properties></testcase><testcase classname="tests.ops.test_convolution" name="test_conv2d[full-stage-transition-3x3-s2-fp16]" time="0.094"><properties><property name="op" value="Conv2dBiasFwdOp" /><property name="op_module" value="tileops.ops.convolution" /><property name="max_abs_err" value="6.25e-02" /></properties></testcase><testcase classname="tests.ops.test_convolution" name="test_conv2d[full-small-5x5-s1-fp16]" time="0.095"><properties><property name="op" value="Conv2dBiasFwdOp" /><property name="op_module" value="tileops.ops.convolution" /><property name="max_abs_err" value="0.00e+00" /></properties></testcase><testcase classname="tests.ops.test_convolution" name="test_conv2d[full-small-5x5-s2-fp16]" time="0.094"><properties><property name="op" value="Conv2dBiasFwdOp" /><property name="op_module" value="tileops.ops.convolution" /><property name="max_abs_err" value="0.00e+00" /></properties></testcase><testcase classname="tests.ops.test_convolution" name="test_conv2d[full-fp16-1x1-tuned]" time="0.061"><properties><property name="op" value="Conv2dBiasFwdOp" /><property name="op_module" value="tileops.ops.convolution" /><property name="max_abs_err" value="0.00e+00" /></properties></testcase><testcase classname="tests.ops.test_convolution" name="test_conv2d[full-fp16-stride2]" time="0.098"><properties><property name="op" value="Conv2dBiasFwdOp" /><property name="op_module" value="tileops.ops.convolution" /><property name="max_abs_err" value="0.00e+00" /></properties></testcase><testcase classname="tests.ops.test_convolution" name="test_conv2d[full-bf16-3x3-s2]" time="0.102"><properties><property name="op" value="Conv2dBiasFwdOp" /><property name="op_module" value="tileops.ops.convolution" /><property name="max_abs_err" value="0.00e+00" /></properties></testcase><testcase classname="tests.ops.test_convolution" name="test_conv2d[full-bf16-1x1]" time="0.042"><properties><property name="op" value="Conv2dBiasFwdOp" /><property name="op_module" value="tileops.ops.convolution" /><property name="max_abs_err" value="0.00e+00" /></properties></testcase><testcase classname="tests.ops.test_convolution" name="test_conv2d[full-deeplab-aspp-3x3-d2-fp16]" time="0.095"><properties><property name="op" value="Conv2dBiasFwdOp" /><property name="op_module" value="tileops.ops.convolution" /><property name="max_abs_err" value="0.00e+00" /></properties></testcase><testcase classname="tests.ops.test_convolution" name="test_conv2d[full-resnext-grouped-3x3-fp16]" time="0.079"><properties><property name="op" value="Conv2dBiasFwdOp" /><property name="op_module" value="tileops.ops.convolution" /><property name="max_abs_err" value="7.81e-03" /></properties></testcase><testcase classname="tests.ops.test_convolution" name="test_conv3d[full-r3d-stem-k3-s1-fp16]" time="0.063"><properties><property name="op" value="Conv3dBiasFwdOp" /><property name="op_module" value="tileops.ops.convolution" /><property name="max_abs_err" value="3.12e-02" /></properties></testcase><testcase classname="tests.ops.test_convolution" name="test_conv3d[full-video-stage-downsample-k3-s2-fp16]" time="0.063"><properties><property name="op" value="Conv3dBiasFwdOp" /><property name="op_module" value="tileops.ops.convolution" /><property name="max_abs_err" value="1.25e-01" /></properties></testcase><testcase classname="tests.ops.test_convolution" name="test_conv3d[full-unet-encoder-k3-s1-bf16]" time="0.262"><properties><property name="op" value="Conv3dBiasFwdOp" /><property name="op_module" value="tileops.ops.convolution" /><property name="max_abs_err" value="5.00e-01" /></properties></testcase><testcase classname="tests.ops.test_convolution" name="test_conv3d[full-3d-aspp-3x3x3-d2-fp16]" time="0.063"><properties><property name="op" value="Conv3dBiasFwdOp" /><property name="op_module" value="tileops.ops.convolution" /><property name="max_abs_err" value="3.12e-02" /></properties></testcase><testcase classname="tests.ops.test_convolution" name="test_conv3d[full-3d-resnext-grouped-k3-fp16]" time="0.081"><properties><property name="op" value="Conv3dBiasFwdOp" /><property name="op_module" value="tileops.ops.convolution" /><property name="max_abs_err" value="1.56e-02" /></properties></testcase><testcase classname="tests.ops.test_cumulative" name="test_cumsum_op[256-4096-dtype3]" time="0.058"><properties><property name="op" value="CumsumFwdOp" /><property name="op_module" value="tileops.ops.reduction.cumulative" /><property name="max_abs_err" value="1.25e-01" /></properties></testcase><testcase classname="tests.ops.test_cumulative" name="test_cumsum_op[256-4096-dtype4]" time="0.058"><properties><property name="op" value="CumsumFwdOp" /><property name="op_module" value="tileops.ops.reduction.cumulative" /><property name="max_abs_err" value="5.00e-01" /></properties></testcase><testcase classname="tests.ops.test_cumulative" name="test_cumsum_op[128-300-dtype5]" time="0.059"><properties><property name="op" value="CumsumFwdOp" /><property name="op_module" value="tileops.ops.reduction.cumulative" /><property name="max_abs_err" value="0.00e+00" /></properties></testcase><testcase classname="tests.ops.test_cumulative" name="test_cumsum_op[128-300-dtype6]" time="0.059"><properties><property name="op" value="CumsumFwdOp" /><property name="op_module" value="tileops.ops.reduction.cumulative" /><property name="max_abs_err" value="0.00e+00" /></properties></testcase><testcase classname="tests.ops.test_cumulative" name="test_cumsum_op[129-512-dtype7]" time="0.059"><properties><property name="op" value="CumsumFwdOp" /><property name="op_module" value="tileops.ops.reduction.cumulative" /><property name="max_abs_err" value="1.56e-02" /></properties></testcase><testcase classname="tests.ops.test_cumulative" name="test_cumprod_op[256-4096-dtype3]" time="0.061"><properties><property name="op" value="CumprodFwdOp" /><property name="op_module" value="tileops.ops.reduction.cumulative" /><property name="max_abs_err" value="4.88e-04" /></properties></testcase><testcase classname="tests.ops.test_cumulative" name="test_cumprod_op[256-4096-dtype4]" time="0.058"><properties><property name="op" value="CumprodFwdOp" /><property name="op_module" value="tileops.ops.reduction.cumulative" /><property name="max_abs_err" value="1.95e-03" /></properties></testcase><testcase classname="tests.ops.test_cumulative" name="test_cumprod_op[128-300-dtype5]" time="0.059"><properties><property name="op" value="CumprodFwdOp" /><property name="op_module" value="tileops.ops.reduction.cumulative" /><property name="max_abs_err" value="4.88e-04" /></properties></testcase><testcase classname="tests.ops.test_cumulative" name="test_cumprod_op[128-300-dtype6]" time="0.059"><properties><property name="op" value="CumprodFwdOp" /><property name="op_module" value="tileops.ops.reduction.cumulative" /><property name="max_abs_err" value="1.95e-03" /></properties></testcase><testcase classname="tests.ops.test_cumulative" name="test_cumprod_op[129-512-dtype7]" time="0.058"><properties><property name="op" value="CumprodFwdOp" /><property name="op_module" value="tileops.ops.reduction.cumulative" /><property name="max_abs_err" value="4.88e-04" /></properties></testcase><testcase classname="tests.ops.test_deltanet_chunkwise_bwd" name="test_deltanet_bwd[1-128-4-64-64-32-dtype3-False]" time="0.571" /><testcase classname="tests.ops.test_deltanet_chunkwise_bwd" name="test_deltanet_bwd[1-128-4-64-64-32-dtype4-False]" time="0.514" /><testcase classname="tests.ops.test_deltanet_chunkwise_bwd" name="test_deltanet_bwd[1-128-4-64-64-32-dtype5-False]" time="0.685" /><testcase classname="tests.ops.test_deltanet_chunkwise_bwd" name="test_deltanet_bwd[full-bf16-tuned]" time="0.509" /><testcase classname="tests.ops.test_deltanet_fwd" name="test_deltanet_fwd[1-128-4-64-64-32-dtype3-False]" time="0.030" /><testcase classname="tests.ops.test_deltanet_fwd" name="test_deltanet_fwd[1-128-4-64-64-32-dtype4-False]" time="0.009" /><testcase classname="tests.ops.test_deltanet_fwd" name="test_deltanet_fwd[1-128-4-64-64-32-dtype5-False]" time="0.009" /><testcase classname="tests.ops.test_deltanet_fwd" name="test_deltanet_fwd[2-8192-4-64-64-64-dtype6-False]" time="0.583" /><testcase classname="tests.ops.test_deltanet_fwd" name="test_deltanet_fwd[2-16384-4-64-64-64-dtype7-False]" time="0.997" /><testcase classname="tests.ops.test_deltanet_fwd" name="test_deltanet_fwd[full-bf16-tuned]" time="0.006" /><testcase classname="tests.ops.test_deltanet_recurrence" name="test_deltanet_decode[2-8-64-64-dtype3-False]" time="0.045"><properties><property name="op" value="DeltaNetDecodeOp" /><property name="op_module" value="tileops.ops.deltanet_recurrence" /><property name="max_abs_err" value="5.96e-08" /></properties></testcase><testcase classname="tests.ops.test_deltanet_recurrence" name="test_deltanet_decode[2-4-128-128-dtype4-False]" time="0.044"><properties><property name="op" value="DeltaNetDecodeOp" /><property name="op_module" value="tileops.ops.deltanet_recurrence" /><property name="max_abs_err" value="1.19e-07" /></properties></testcase><testcase classname="tests.ops.test_deltanet_recurrence" name="test_deltanet_decode[2-4-128-128-dtype5-False]" time="0.049"><properties><property name="op" value="DeltaNetDecodeOp" /><property name="op_module" value="tileops.ops.deltanet_recurrence" /><property name="max_abs_err" value="1.19e-07" /></properties></testcase><testcase classname="tests.ops.test_deltanet_recurrence" name="test_deltanet_decode[2-4-128-128-dtype6-False]" time="0.048"><properties><property name="op" value="DeltaNetDecodeOp" /><property name="op_module" value="tileops.ops.deltanet_recurrence" /><property name="max_abs_err" value="0.00e+00" /></properties></testcase><testcase classname="tests.ops.test_deltanet_recurrence" name="test_deltanet_decode[2-8-64-64-dtype7-False]" time="0.056"><properties><property name="op" value="DeltaNetDecodeOp" /><property name="op_module" value="tileops.ops.deltanet_recurrence" /><property name="max_abs_err" value="9.54e-07" /></properties></testcase><testcase classname="tests.ops.test_deltanet_recurrence" name="test_deltanet_decode[2-8-64-64-dtype8-False]" time="0.057"><properties><property name="op" value="DeltaNetDecodeOp" /><property name="op_module" value="tileops.ops.deltanet_recurrence" /><property name="max_abs_err" value="0.00e+00" /></properties></testcase><testcase classname="tests.ops.test_deltanet_recurrence" name="test_deltanet_decode_multi_step[2-8-64-64-dtype3-False]" time="0.007" /><testcase classname="tests.ops.test_deltanet_recurrence" name="test_deltanet_decode_multi_step[2-4-128-128-dtype4-False]" time="0.007" /><testcase classname="tests.ops.test_deltanet_recurrence" name="test_deltanet_decode_multi_step[2-4-128-128-dtype5-False]" time="0.008" /><testcase classname="tests.ops.test_deltanet_recurrence" name="test_deltanet_decode_multi_step[2-4-128-128-dtype6-False]" time="0.008" /><testcase classname="tests.ops.test_deltanet_recurrence" name="test_deltanet_decode_multi_step[2-8-64-64-dtype7-False]" time="0.008" /><testcase classname="tests.ops.test_deltanet_recurrence" name="test_deltanet_decode_multi_step[2-8-64-64-dtype8-False]" time="0.008" /><testcase classname="tests.ops.test_deltanet_recurrence" name="test_deltanet_decode_raw_cuda_dispatch_selects_raw_on_supported_sm90[full-bf16-tuned]" time="0.001" /><testcase classname="tests.ops.test_dropout" name="test_dropout_statistical_rate[4000000-dtype3-0.1]" time="0.021" /><testcase classname="tests.ops.test_dropout" name="test_dropout_statistical_rate[4000000-dtype4-0.3]" time="0.021" /><testcase classname="tests.ops.test_dropout" name="test_dropout_scale_factor[1000000-dtype3-0.1]" time="0.025" /><testcase classname="tests.ops.test_dropout" name="test_dropout_scale_factor[1000000-dtype4-0.3]" time="0.021" /><testcase classname="tests.ops.test_dropout" name="test_dropout_custom_config_p0_identity[65536-dtype2-64-16]" time="0.020" /><testcase classname="tests.ops.test_dropout" name="test_dropout_custom_config_correctness[65536-dtype2-64-16]" time="0.020" /><testcase classname="tests.ops.test_elementwise_caching_autotune.TestUnaryCaching" name="test_unary_has_compiled_fn[ReluFwdKernel]" time="0.016" /><testcase classname="tests.ops.test_elementwise_caching_autotune.TestUnaryCaching" name="test_unary_has_compiled_fn[SigmoidFwdKernel]" time="0.016" /><testcase classname="tests.ops.test_elementwise_caching_autotune.TestUnaryCaching" name="test_unary_has_compiled_fn[AbsFwdKernel]" time="0.016" /><testcase classname="tests.ops.test_elementwise_caching_autotune.TestUnaryCaching" name="test_unary_forward_uses_cached_fn" time="0.001" /><testcase classname="tests.ops.test_elementwise_caching_autotune.TestUnaryCaching" name="test_unary_direct_strategy_caching" time="0.010" /><testcase classname="tests.ops.test_elementwise_caching_autotune.TestFusedGatedCaching" name="test_fused_gated_has_compiled_fn[SiluAndMulFwdKernel]" time="0.014" /><testcase classname="tests.ops.test_elementwise_caching_autotune.TestFusedGatedCaching" name="test_fused_gated_has_compiled_fn[GeluAndMulFwdKernel]" time="0.014" /><testcase classname="tests.ops.test_elementwise_caching_autotune.TestFusedGatedCaching" name="test_fused_gated_has_compiled_fn[GeluTanhAndMulFwdKernel]" time="0.014" /><testcase classname="tests.ops.test_elementwise_caching_autotune.TestFusedGatedCaching" name="test_fused_gated_forward_uses_cached_fn" time="0.014" /><testcase classname="tests.ops.test_elementwise_caching_autotune.TestCustomKernelCaching" name="test_leaky_relu_caching" time="0.018" /><testcase classname="tests.ops.test_elementwise_caching_autotune.TestCustomKernelCaching" name="test_elu_caching" time="0.020" /><testcase classname="tests.ops.test_elementwise_caching_autotune.TestCustomKernelCaching" name="test_hardtanh_caching" time="0.019" /><testcase classname="tests.ops.test_elementwise_caching_autotune.TestCustomKernelCaching" name="test_softplus_caching" time="0.021" /><testcase classname="tests.ops.test_elementwise_caching_autotune.TestCustomKernelCaching" name="test_prelu_caching" time="0.020" /><testcase classname="tests.ops.test_elementwise_caching_autotune.TestCustomKernelCaching" name="test_where_caching" time="0.021" /><testcase classname="tests.ops.test_elementwise_caching_autotune.TestCustomKernelCaching" name="test_clamp_caching" time="0.022" /><testcase classname="tests.ops.test_elementwise_caching_autotune.TestCustomKernelCaching" name="test_masked_fill_caching" time="0.019" /><testcase classname="tests.ops.test_elementwise_caching_autotune.TestCustomKernelCaching" name="test_nan_to_num_caching" time="0.021" /><testcase classname="tests.ops.test_elementwise_caching_autotune.TestCustomKernelCaching" name="test_alibi_caching" time="0.021" /><testcase classname="tests.ops.test_elementwise_caching_autotune.TestCustomKernelCaching" name="test_sinusoidal_caching" time="0.021" /><testcase classname="tests.ops.test_elementwise_caching_autotune.TestAutotuneConfigs" name="test_unary_autotune_configs_count[dtype0]" time="0.001" /><testcase classname="tests.ops.test_elementwise_caching_autotune.TestAutotuneConfigs" name="test_unary_autotune_configs_count[dtype1]" time="0.016" /><testcase classname="tests.ops.test_elementwise_caching_autotune.TestAutotuneConfigs" name="test_unary_autotune_configs_count[dtype2]" time="0.016" /><testcase classname="tests.ops.test_elementwise_caching_autotune.TestAutotuneConfigs" name="test_fused_gated_autotune_configs_count[dtype0]" time="0.013" /><testcase classname="tests.ops.test_elementwise_caching_autotune.TestAutotuneConfigs" name="test_fused_gated_autotune_configs_count[dtype1]" time="0.014" /><testcase classname="tests.ops.test_elementwise_caching_autotune.TestAutotuneConfigs" name="test_fused_gated_autotune_configs_count[dtype2]" time="0.014" /><testcase classname="tests.ops.test_elementwise_caching_autotune.TestAutotuneConfigs" name="test_binary_autotune_configs_still_works" time="0.019" /><testcase classname="tests.ops.test_elementwise_caching_autotune.TestCachingCorrectness" name="test_unary_relu_correctness" time="0.001" /><testcase classname="tests.ops.test_elementwise_caching_autotune.TestCachingCorrectness" name="test_fused_gated_silu_correctness" time="0.014" /><testcase classname="tests.ops.test_elementwise_caching_autotune.TestCachingCorrectness" name="test_custom_leaky_relu_correctness" time="0.004" /><testcase classname="tests.ops.test_elementwise_compile" name="test_relu_compile[1048576-dtype0]" time="1.045"><properties><property name="op" value="function" /><property name="op_module" value="builtins" /><property name="max_abs_err" value="0.00e+00" /></properties></testcase><testcase classname="tests.ops.test_elementwise_compile" name="test_relu_compile[1048576-dtype1]" time="0.093"><properties><property name="op" value="function" /><property name="op_module" value="builtins" /><property name="max_abs_err" value="0.00e+00" /></properties></testcase><testcase classname="tests.ops.test_elementwise_compile" name="test_add_compile[a_shape0-b_shape0-dtype0]" time="0.105"><properties><property name="op" value="function" /><property name="op_module" value="builtins" /><property name="max_abs_err" value="0.00e+00" /></properties></testcase><testcase classname="tests.ops.test_elementwise_compile" name="test_add_compile[a_shape1-b_shape1-dtype1]" time="0.092"><properties><property name="op" value="function" /><property name="op_module" value="builtins" /><property name="max_abs_err" value="0.00e+00" /></properties></testcase><testcase classname="tests.ops.test_elementwise_compile" name="test_eq_compile[a_shape0-b_shape0-dtype0]" time="0.092"><properties><property name="op" value="function" /><property name="op_module" value="builtins" /><property name="max_abs_err" value="0.00e+00" /></properties></testcase><testcase classname="tests.ops.test_elementwise_compile" name="test_silu_and_mul_compile[512-1024-dtype0]" time="0.095"><properties><property name="op" value="function" /><property name="op_module" value="builtins" /><property name="max_abs_err" value="4.88e-04" /></properties></testcase><testcase classname="tests.ops.test_elementwise_compile" name="test_abs_compile[1048576-dtype0]" time="0.087"><properties><property name="op" value="function" /><property name="op_module" value="builtins" /><property name="max_abs_err" value="0.00e+00" /></properties></testcase><testcase classname="tests.ops.test_elementwise_compile" name="test_sign_compile[1048576-dtype0]" time="0.137"><properties><property name="op" value="function" /><property name="op_module" value="builtins" /><property name="max_abs_err" value="0.00e+00" /></properties></testcase><testcase classname="tests.ops.test_elementwise_compile" name="test_register_fake_unary_shape_dtype[1024-dtype0]" time="0.084" /><testcase classname="tests.ops.test_elementwise_compile" name="test_register_fake_comparison_bool_dtype[shape0-dtype0]" time="0.086" /><testcase classname="tests.ops.test_elementwise_compile" name="test_register_fake_fused_gated_shape[64-128-dtype0]" time="0.085" /><testcase classname="tests.ops.test_elementwise_compile" name="test_unary_float_compile[ExpFwdOp-exp-None-exp]" time="0.082" /><testcase classname="tests.ops.test_elementwise_compile" name="test_unary_float_compile[LogFwdOp-&lt;lambda&gt;-_positive_input-log]" time="0.304" /><testcase classname="tests.ops.test_elementwise_compile" name="test_unary_float_compile[SqrtFwdOp-&lt;lambda&gt;-_positive_input-sqrt]" time="0.085" /><testcase classname="tests.ops.test_elementwise_compile" name="test_unary_float_compile[RsqrtFwdOp-&lt;lambda&gt;-_positive_input-rsqrt]" time="0.084" /><testcase classname="tests.ops.test_elementwise_compile" name="test_unary_float_compile[NegFwdOp-neg-None-neg]" time="0.085" /><testcase classname="tests.ops.test_elementwise_compile" name="test_unary_float_compile[ReciprocalFwdOp-&lt;lambda&gt;-None-reciprocal]" time="0.086" /><testcase classname="tests.ops.test_elementwise_compile" name="test_unary_float_compile[SinFwdOp-&lt;lambda&gt;-None-sin]" time="0.084" /><testcase classname="tests.ops.test_elementwise_compile" name="test_unary_float_compile[CosFwdOp-&lt;lambda&gt;-None-cos]" time="0.085" /><testcase classname="tests.ops.test_elementwise_compile" name="test_unary_float_compile[FloorFwdOp-&lt;lambda&gt;-None-floor]" time="0.084" /><testcase classname="tests.ops.test_elementwise_compile" name="test_unary_float_compile[CeilFwdOp-&lt;lambda&gt;-None-ceil]" time="0.084" /><testcase classname="tests.ops.test_elementwise_compile" name="test_unary_float_compile[RoundFwdOp-&lt;lambda&gt;-None-round]" time="0.084" /><testcase classname="tests.ops.test_elementwise_compile" name="test_unary_float_compile[TruncFwdOp-&lt;lambda&gt;-None-trunc]" time="0.083" /><testcase classname="tests.ops.test_elementwise_compile" name="test_unary_float_compile[ErfFwdOp-&lt;lambda&gt;-None-erf]" time="0.087" /><testcase classname="tests.ops.test_elementwise_compile" name="test_unary_float_compile[Log1pFwdOp-&lt;lambda&gt;-_positive_input-log1p]" time="0.085" /><testcase classname="tests.ops.test_elementwise_compile" name="test_unary_float_compile[Expm1FwdOp-&lt;lambda&gt;-None-expm1]" time="0.083" /><testcase classname="tests.ops.test_elementwise_compile" name="test_unary_float_compile[GeluFwdOp-&lt;lambda&gt;-None-gelu]" time="0.084" /><testcase classname="tests.ops.test_elementwise_compile" name="test_unary_float_compile[SiluFwdOp-&lt;lambda&gt;-None-silu]" time="0.083" /><testcase classname="tests.ops.test_elementwise_compile" name="test_unary_float_compile[SigmoidFwdOp-&lt;lambda&gt;-None-sigmoid]" time="0.082" /><testcase classname="tests.ops.test_elementwise_compile" name="test_unary_float_compile[TanhFwdOp-&lt;lambda&gt;-None-tanh]" time="0.087" /><testcase classname="tests.ops.test_elementwise_compile" name="test_unary_float_compile[HardswishFwdOp-&lt;lambda&gt;-None-hardswish]" time="0.089" /><testcase classname="tests.ops.test_elementwise_compile" name="test_unary_float_compile[HardsigmoidFwdOp-&lt;lambda&gt;-None-hardsigmoid]" time="0.088" /><testcase classname="tests.ops.test_elementwise_compile" name="test_unary_float_compile[MishFwdOp-&lt;lambda&gt;-None-mish]" time="0.088" /><testcase classname="tests.ops.test_elementwise_compile" name="test_unary_float_compile[SeluFwdOp-&lt;lambda&gt;-None-selu]" time="0.088" /><testcase classname="tests.ops.test_elementwise_compile" name="test_unary_bool_compile[LogicalNotFwdOp-&lt;lambda&gt;-dtype0-logical_not]" time="0.080" /><testcase classname="tests.ops.test_elementwise_compile" name="test_unary_bool_compile[IsnanFwdOp-isnan-dtype2-isnan]" time="0.079" /><testcase classname="tests.ops.test_elementwise_compile" name="test_unary_bool_compile[IsinfFwdOp-isinf-dtype3-isinf]" time="0.079" /><testcase classname="tests.ops.test_elementwise_compile" name="test_unary_bool_compile[IsfiniteFwdOp-isfinite-dtype4-isfinite]" time="0.079" /><testcase classname="tests.ops.test_elementwise_compile" name="test_bitwise_not_compile" time="0.077" /><testcase classname="tests.ops.test_elementwise_compile" name="test_binary_arith_compile[SubFwdOp-&lt;lambda&gt;-sub]" time="0.093" /><testcase classname="tests.ops.test_elementwise_compile" name="test_binary_arith_compile[MulFwdOp-&lt;lambda&gt;-mul]" time="0.093" /><testcase classname="tests.ops.test_elementwise_compile" name="test_binary_arith_compile[DivFwdOp-&lt;lambda&gt;-div]" time="0.092" /><testcase classname="tests.ops.test_elementwise_compile" name="test_binary_arith_compile[RemainderFwdOp-&lt;lambda&gt;-remainder]" time="0.093" /><testcase classname="tests.ops.test_elementwise_compile" name="test_binary_arith_compile[FloorDivideFwdOp-&lt;lambda&gt;-floor_divide]" time="0.092" /><testcase classname="tests.ops.test_elementwise_compile" name="test_binary_arith_compile[MaximumFwdOp-&lt;lambda&gt;-maximum]" time="0.093" /><testcase classname="tests.ops.test_elementwise_compile" name="test_binary_arith_compile[MinimumFwdOp-&lt;lambda&gt;-minimum]" time="0.093" /><testcase classname="tests.ops.test_elementwise_compile" name="test_pow_compile" time="0.094" /><testcase classname="tests.ops.test_elementwise_compile" name="test_lerp_compile" time="0.094" /><testcase classname="tests.ops.test_elementwise_compile" name="test_lerp_tensor_compile" time="0.108" /><testcase classname="tests.ops.test_elementwise_compile" name="test_comparison_compile[NeFwdOp-&lt;lambda&gt;-ne]" time="0.087" /><testcase classname="tests.ops.test_elementwise_compile" name="test_comparison_compile[GtFwdOp-&lt;lambda&gt;-gt]" time="0.095" /><testcase classname="tests.ops.test_elementwise_compile" name="test_comparison_compile[LtFwdOp-&lt;lambda&gt;-lt]" time="0.096" /><testcase classname="tests.ops.test_elementwise_compile" name="test_comparison_compile[GeFwdOp-&lt;lambda&gt;-ge]" time="0.088" /><testcase classname="tests.ops.test_elementwise_compile" name="test_comparison_compile[LeFwdOp-&lt;lambda&gt;-le]" time="0.087" /><testcase classname="tests.ops.test_elementwise_compile" name="test_logical_binary_compile[LogicalAndFwdOp-&lt;lambda&gt;-logical_and]" time="0.099" /><testcase classname="tests.ops.test_elementwise_compile" name="test_logical_binary_compile[LogicalOrFwdOp-&lt;lambda&gt;-logical_or]" time="0.087" /><testcase classname="tests.ops.test_elementwise_compile" name="test_bitwise_binary_compile[BitwiseAndFwdOp-&lt;lambda&gt;-bitwise_and]" time="0.096" /><testcase classname="tests.ops.test_elementwise_compile" name="test_bitwise_binary_compile[BitwiseOrFwdOp-&lt;lambda&gt;-bitwise_or]" time="0.093" /><testcase classname="tests.ops.test_elementwise_compile" name="test_bitwise_binary_compile[BitwiseXorFwdOp-&lt;lambda&gt;-bitwise_xor]" time="0.093" /><testcase classname="tests.ops.test_elementwise_compile" name="test_bool_bitwise_binary_compile[BitwiseAndFwdOp-&lt;lambda&gt;-bitwise_and]" time="0.093" /><testcase classname="tests.ops.test_elementwise_compile" name="test_bool_bitwise_binary_compile[BitwiseOrFwdOp-&lt;lambda&gt;-bitwise_or]" time="0.095" /><testcase classname="tests.ops.test_elementwise_compile" name="test_bool_bitwise_binary_compile[BitwiseXorFwdOp-&lt;lambda&gt;-bitwise_xor]" time="0.092" /><testcase classname="tests.ops.test_elementwise_compile" name="test_fused_gated_compile[GeluAndMulFwdOp-gelu_and_mul]" time="0.085" /><testcase classname="tests.ops.test_elementwise_compile" name="test_fused_gated_compile[GeluTanhAndMulFwdOp-gelu_tanh_and_mul]" time="0.085" /><testcase classname="tests.ops.test_elementwise_compile" name="test_where_compile_same_shape" time="0.108" /><testcase classname="tests.ops.test_elementwise_compile" name="test_where_compile_broadcast" time="0.106" /><testcase classname="tests.ops.test_elementwise_compile" name="test_clamp_scalar_compile" time="0.094" /><testcase classname="tests.ops.test_elementwise_compile" name="test_clamp_tensor_compile_same_shape" time="0.115" /><testcase classname="tests.ops.test_elementwise_compile" name="test_clamp_tensor_compile_broadcast" time="0.112" /><testcase classname="tests.ops.test_elementwise_compile" name="test_clamp_min_compile_same_shape" time="0.101" /><testcase classname="tests.ops.test_elementwise_compile" name="test_clamp_min_compile_broadcast" time="0.100" /><testcase classname="tests.ops.test_elementwise_compile" name="test_clamp_max_compile_same_shape" time="0.102" /><testcase classname="tests.ops.test_elementwise_compile" name="test_clamp_max_compile_broadcast" time="0.099" /><testcase classname="tests.ops.test_elementwise_compile" name="test_masked_fill_tensor_compile_same_shape" time="0.105" /><testcase classname="tests.ops.test_elementwise_compile" name="test_masked_fill_tensor_compile_broadcast" time="0.102" /><testcase classname="tests.ops.test_elementwise_compile" name="test_masked_fill_scalar_compile_same_shape" time="0.099" /><testcase classname="tests.ops.test_elementwise_compile" name="test_masked_fill_scalar_compile_broadcast" time="0.096" /><testcase classname="tests.ops.test_elementwise_config_dtype" name="test_independent_kernels_use_expected_default_npt[LeakyReluFwdKernel-dtype0-4]" time="0.001" /><testcase classname="tests.ops.test_elementwise_config_dtype" name="test_independent_kernels_use_expected_default_npt[LeakyReluFwdKernel-dtype1-8]" time="0.001" /><testcase classname="tests.ops.test_elementwise_config_dtype" name="test_independent_kernels_use_expected_default_npt[LeakyReluFwdKernel-dtype2-8]" time="0.001" /><testcase classname="tests.ops.test_elementwise_config_dtype" name="test_independent_kernels_use_expected_default_npt[LeakyReluFwdKernel-dtype3-16]" time="0.001" /><testcase classname="tests.ops.test_elementwise_config_dtype" name="test_independent_kernels_use_expected_default_npt[LeakyReluFwdKernel-dtype4-16]" time="0.001" /><testcase classname="tests.ops.test_elementwise_config_dtype" name="test_independent_kernels_use_expected_default_npt[EluFwdKernel-dtype0-4]" time="0.001" /><testcase classname="tests.ops.test_elementwise_config_dtype" name="test_independent_kernels_use_expected_default_npt[EluFwdKernel-dtype1-8]" time="0.001" /><testcase classname="tests.ops.test_elementwise_config_dtype" name="test_independent_kernels_use_expected_default_npt[EluFwdKernel-dtype2-8]" time="0.001" /><testcase classname="tests.ops.test_elementwise_config_dtype" name="test_independent_kernels_use_expected_default_npt[EluFwdKernel-dtype3-16]" time="0.001" /><testcase classname="tests.ops.test_elementwise_config_dtype" name="test_independent_kernels_use_expected_default_npt[EluFwdKernel-dtype4-16]" time="0.001" /><testcase classname="tests.ops.test_elementwise_config_dtype" name="test_independent_kernels_use_expected_default_npt[HardtanhFwdKernel-dtype0-4]" time="0.001" /><testcase classname="tests.ops.test_elementwise_config_dtype" name="test_independent_kernels_use_expected_default_npt[HardtanhFwdKernel-dtype1-8]" time="0.001" /><testcase classname="tests.ops.test_elementwise_config_dtype" name="test_independent_kernels_use_expected_default_npt[HardtanhFwdKernel-dtype2-8]" time="0.001" /><testcase classname="tests.ops.test_elementwise_config_dtype" name="test_independent_kernels_use_expected_default_npt[HardtanhFwdKernel-dtype3-16]" time="0.001" /><testcase classname="tests.ops.test_elementwise_config_dtype" name="test_independent_kernels_use_expected_default_npt[HardtanhFwdKernel-dtype4-16]" time="0.001" /><testcase classname="tests.ops.test_elementwise_config_dtype" name="test_prelu_preserves_dtype_driven_default_npt[dtype0-4]" time="0.001" /><testcase classname="tests.ops.test_elementwise_config_dtype" name="test_prelu_preserves_dtype_driven_default_npt[dtype1-8]" time="0.001" /><testcase classname="tests.ops.test_elementwise_config_dtype" name="test_prelu_preserves_dtype_driven_default_npt[dtype2-8]" time="0.001" /><testcase classname="tests.ops.test_elementwise_config_dtype" name="test_prelu_preserves_dtype_driven_default_npt[dtype3-16]" time="0.001" /><testcase classname="tests.ops.test_elementwise_config_dtype" name="test_prelu_preserves_dtype_driven_default_npt[dtype4-16]" time="0.001" /><testcase classname="tests.ops.test_elementwise_config_dtype" name="test_bool_like_elementwise_kernels_expose_torch_dtype_output[EqFwdKernel]" time="0.001" /><testcase classname="tests.ops.test_elementwise_config_dtype" name="test_bool_like_elementwise_kernels_expose_torch_dtype_output[NeFwdKernel]" time="0.001" /><testcase classname="tests.ops.test_elementwise_config_dtype" name="test_bool_like_elementwise_kernels_expose_torch_dtype_output[GtFwdKernel]" time="0.001" /><testcase classname="tests.ops.test_elementwise_config_dtype" name="test_bool_like_elementwise_kernels_expose_torch_dtype_output[LtFwdKernel]" time="0.001" /><testcase classname="tests.ops.test_elementwise_config_dtype" name="test_bool_like_elementwise_kernels_expose_torch_dtype_output[GeFwdKernel]" time="0.001" /><testcase classname="tests.ops.test_elementwise_config_dtype" name="test_bool_like_elementwise_kernels_expose_torch_dtype_output[LeFwdKernel]" time="0.001" /><testcase classname="tests.ops.test_elementwise_config_dtype" name="test_bool_like_elementwise_kernels_expose_torch_dtype_output[LogicalAndFwdKernel]" time="0.001" /><testcase classname="tests.ops.test_elementwise_config_dtype" name="test_bool_like_elementwise_kernels_expose_torch_dtype_output[LogicalOrFwdKernel]" time="0.001" /><testcase classname="tests.ops.test_elementwise_config_dtype" name="test_unary_kernel_sets_output_dtype_in_init" time="0.001" /><testcase classname="tests.ops.test_elementwise_config_dtype" name="test_binary_kernel_sets_output_dtype_in_init" time="0.001" /><testcase classname="tests.ops.test_elementwise_config_dtype" name="test_fused_gated_kernel_sets_output_dtype_in_init" time="0.001" /><testcase classname="tests.ops.test_elementwise_config_dtype" name="test_unary_default_config_preserves_strategy_npt_split" time="0.001" /><testcase classname="tests.ops.test_elementwise_config_dtype" name="test_binary_default_config_preserves_strategy_npt_split" time="0.001" /><testcase classname="tests.ops.test_elementwise_config_dtype" name="test_fused_gated_explicit_uses_occupancy_config" time="0.001" /><testcase classname="tests.ops.test_engram" name="test_engram_gate_conv_fwd[2-64-512-dtype2-False]" time="0.159"><properties><property name="op" value="EngramGateConvFwdOp" /><property name="op_module" value="tileops.ops.engram" /><property name="max_abs_err" value="2.50e-03" /></properties></testcase><testcase classname="tests.ops.test_engram" name="test_engram_gate_conv_fwd[2-16-256-dtype3-False]" time="0.155"><properties><property name="op" value="EngramGateConvFwdOp" /><property name="op_module" value="tileops.ops.engram" /><property name="max_abs_err" value="1.77e-02" /></properties></testcase><testcase classname="tests.ops.test_engram" name="test_engram_gate_conv_bwd[2-64-512-dtype2-False]" time="0.258"><properties><property name="op" value="EngramGateConvBwdOp" /><property name="op_module" value="tileops.ops.engram" /><property name="max_abs_err" value="4.54e-04" /></properties></testcase><testcase classname="tests.ops.test_engram" name="test_engram_gate_conv_bwd[2-16-256-dtype3-False]" time="0.488"><properties><property name="op" value="EngramGateConvBwdOp" /><property name="op_module" value="tileops.ops.engram" /><property name="max_abs_err" value="1.51e-03" /></properties></testcase><testcase classname="tests.ops.test_engram" name="test_engram_gate_conv_bwd[2-512-256-dtype4-False]" time="0.257"><properties><property name="op" value="EngramGateConvBwdOp" /><property name="op_module" value="tileops.ops.engram" /><property name="max_abs_err" value="1.08e-03" /></properties></testcase><testcase classname="tests.ops.test_engram" name="test_engram_decode[4-1024-512-20-4-5-dtype2-False]" time="0.160"><properties><property name="op" value="EngramDecodeOp" /><property name="op_module" value="tileops.ops.engram_decode" /><property name="max_abs_err" value="3.91e-03" /></properties></testcase><testcase classname="tests.ops.test_engram" name="test_engram_decode[8-512-256-18-4-3-dtype3-False]" time="0.160"><properties><property name="op" value="EngramDecodeOp" /><property name="op_module" value="tileops.ops.engram_decode" /><property name="max_abs_err" value="1.56e-02" /></properties></testcase><testcase classname="tests.ops.test_fft" name="test_fft_c2c[128-dtype3-False-batch_shape3]" time="0.402"><properties><property name="op" value="FFTC2COp" /><property name="op_module" value="tileops.ops.fft" /><property name="max_abs_err" value="6.49e-06" /></properties></testcase><testcase classname="tests.ops.test_fft" name="test_fft_c2c[256-dtype4-False-batch_shape4]" time="0.293"><properties><property name="op" value="FFTC2COp" /><property name="op_module" value="tileops.ops.fft" /><property name="max_abs_err" value="1.45e-05" /></properties></testcase><testcase classname="tests.ops.test_fft" name="test_fft_c2c[512-dtype5-False-batch_shape5]" time="0.281"><properties><property name="op" value="FFTC2COp" /><property name="op_module" value="tileops.ops.fft" /><property name="max_abs_err" value="2.59e-05" /></properties></testcase><testcase classname="tests.ops.test_fft" name="test_fft_c2c[1024-dtype6-False-batch_shape6]" time="0.477"><properties><property name="op" value="FFTC2COp" /><property name="op_module" value="tileops.ops.fft" /><property name="max_abs_err" value="3.43e-05" /></properties></testcase><testcase classname="tests.ops.test_fft" name="test_fft_c2c[1024-dtype7-False-batch_shape7]" time="0.259"><properties><property name="op" value="FFTC2COp" /><property name="op_module" value="tileops.ops.fft" /><property name="max_abs_err" value="3.68e-05" /></properties></testcase><testcase classname="tests.ops.test_fft" name="test_fft_c2c[128-dtype8-False-batch_shape8]" time="0.360"><properties><property name="op" value="FFTC2COp" /><property name="op_module" value="tileops.ops.fft" /><property name="max_abs_err" value="0.00e+00" /></properties></testcase><testcase classname="tests.ops.test_fp8_lightning_indexer" name="test_indexer[1-4096-32-64-8192-1-True-None-True]" time="0.206"><properties><property name="op" value="FP8LightningIndexerOp" /><property name="op_module" value="tileops.ops.fp8_lightning_indexer" /><property name="max_abs_err" value="0.00e+00" /></properties></testcase><testcase classname="tests.ops.test_fp8_quant" name="test_fp8_quant_op[1-8192-1-64-in_dtype1-False]" time="0.050"><properties><property name="op" value="FP8QuantOp" /><property name="op_module" value="tileops.ops.fp8_quant" /><property name="max_abs_err" value="3.20e+01" /></properties></testcase><testcase classname="tests.ops.test_fp8_quant" name="test_fp8_quant_op[1-4096-1-128-in_dtype2-False]" time="0.050"><properties><property name="op" value="FP8QuantOp" /><property name="op_module" value="tileops.ops.fp8_quant" /><property name="max_abs_err" value="0.00e+00" /></properties></testcase><testcase classname="tests.ops.test_fp8_quant" name="test_fp8_quant_op[1-16384-1-32-in_dtype3-False]" time="0.050"><properties><property name="op" value="FP8QuantOp" /><property name="op_module" value="tileops.ops.fp8_quant" /><property name="max_abs_err" value="0.00e+00" /></properties></testcase><testcase classname="tests.ops.test_fp8_quant" name="test_fp8_quant_op[1-1024-4-64-in_dtype4-False]" time="0.050"><properties><property name="op" value="FP8QuantOp" /><property name="op_module" value="tileops.ops.fp8_quant" /><property name="max_abs_err" value="3.20e+01" /></properties></testcase><testcase classname="tests.ops.test_fused_add_layer_norm" name="test_fused_add_layer_norm_op[4096-4096-dtype3-False]" time="0.084"><properties><property name="op" value="FusedAddLayerNormFwdOp" /><property name="op_module" value="tileops.ops.norm.fused_add_layer_norm" /><property name="max_abs_err" value="1.91e-06" /></properties></testcase><testcase classname="tests.ops.test_fused_add_layer_norm" name="test_fused_add_layer_norm_op[4096-4096-dtype4-False]" time="0.083"><properties><property name="op" value="FusedAddLayerNormFwdOp" /><property name="op_module" value="tileops.ops.norm.fused_add_layer_norm" /><property name="max_abs_err" value="7.81e-03" /></properties></testcase><testcase classname="tests.ops.test_fused_add_layer_norm" name="test_fused_add_layer_norm_op[4096-4096-dtype5-False]" time="0.084"><properties><property name="op" value="FusedAddLayerNormFwdOp" /><property name="op_module" value="tileops.ops.norm.fused_add_layer_norm" /><property name="max_abs_err" value="6.25e-02" /></properties></testcase><testcase classname="tests.ops.test_fused_add_layer_norm" name="test_fused_add_layer_norm_op[1024-3000-dtype6-False]" time="0.083"><properties><property name="op" value="FusedAddLayerNormFwdOp" /><property name="op_module" value="tileops.ops.norm.fused_add_layer_norm" /><property name="max_abs_err" value="1.91e-06" /></properties></testcase><testcase classname="tests.ops.test_fused_add_layer_norm" name="test_fused_add_layer_norm_op[1024-3000-dtype7-False]" time="0.083"><properties><property name="op" value="FusedAddLayerNormFwdOp" /><property name="op_module" value="tileops.ops.norm.fused_add_layer_norm" /><property name="max_abs_err" value="7.81e-03" /></properties></testcase><testcase classname="tests.ops.test_fused_add_layer_norm" name="test_fused_add_layer_norm_op[1024-3000-dtype8-False]" time="0.084"><properties><property name="op" value="FusedAddLayerNormFwdOp" /><property name="op_module" value="tileops.ops.norm.fused_add_layer_norm" /><property name="max_abs_err" value="6.25e-02" /></properties></testcase><testcase classname="tests.ops.test_fused_add_layer_norm" name="test_fused_add_layer_norm_op[1025-4096-dtype9-False]" time="0.083"><properties><property name="op" value="FusedAddLayerNormFwdOp" /><property name="op_module" value="tileops.ops.norm.fused_add_layer_norm" /><property name="max_abs_err" value="7.81e-03" /></properties></testcase><testcase classname="tests.ops.test_fused_add_layer_norm" name="test_fused_add_layer_norm_op[1025-4096-dtype10-False]" time="0.083"><properties><property name="op" value="FusedAddLayerNormFwdOp" /><property name="op_module" value="tileops.ops.norm.fused_add_layer_norm" /><property name="max_abs_err" value="6.25e-02" /></properties></testcase><testcase classname="tests.ops.test_fused_add_rms_norm" name="test_fused_add_rms_norm_op[4096-4096-dtype2-False]" time="0.058"><properties><property name="op" value="FusedAddRMSNormFwdOp" /><property name="op_module" value="tileops.ops.norm.fused_add_rms_norm" /><property name="max_abs_err" value="3.91e-03" /></properties></testcase><testcase classname="tests.ops.test_fused_add_rms_norm" name="test_fused_add_rms_norm_op[4096-4096-dtype3-False]" time="0.059"><properties><property name="op" value="FusedAddRMSNormFwdOp" /><property name="op_module" value="tileops.ops.norm.fused_add_rms_norm" /><property name="max_abs_err" value="3.12e-02" /></properties></testcase><testcase classname="tests.ops.test_fused_add_rms_norm" name="test_fused_add_rms_norm_op[1024-3000-dtype4-False]" time="0.058"><properties><property name="op" value="FusedAddRMSNormFwdOp" /><property name="op_module" value="tileops.ops.norm.fused_add_rms_norm" /><property name="max_abs_err" value="1.95e-03" /></properties></testcase><testcase classname="tests.ops.test_fused_add_rms_norm" name="test_fused_add_rms_norm_op[1024-3000-dtype5-False]" time="0.058"><properties><property name="op" value="FusedAddRMSNormFwdOp" /><property name="op_module" value="tileops.ops.norm.fused_add_rms_norm" /><property name="max_abs_err" value="1.56e-02" /></properties></testcase><testcase classname="tests.ops.test_fused_add_rms_norm" name="test_fused_add_rms_norm_op[2048-5120-dtype6-False]" time="0.058"><properties><property name="op" value="FusedAddRMSNormFwdOp" /><property name="op_module" value="tileops.ops.norm.fused_add_rms_norm" /><property name="max_abs_err" value="3.91e-03" /></properties></testcase><testcase classname="tests.ops.test_fused_add_rms_norm" name="test_fused_add_rms_norm_op[2048-5120-dtype7-False]" time="0.058"><properties><property name="op" value="FusedAddRMSNormFwdOp" /><property name="op_module" value="tileops.ops.norm.fused_add_rms_norm" /><property name="max_abs_err" value="1.56e-02" /></properties></testcase><testcase classname="tests.ops.test_fused_add_rms_norm" name="test_fused_add_rms_norm_op[1025-4096-dtype8-False]" time="0.058"><properties><property name="op" value="FusedAddRMSNormFwdOp" /><property name="op_module" value="tileops.ops.norm.fused_add_rms_norm" /><property name="max_abs_err" value="1.95e-03" /></properties></testcase><testcase classname="tests.ops.test_fused_add_rms_norm" name="test_fused_add_rms_norm_op[1025-4096-dtype9-False]" time="0.058"><properties><property name="op" value="FusedAddRMSNormFwdOp" /><property name="op_module" value="tileops.ops.norm.fused_add_rms_norm" /><property name="max_abs_err" value="3.12e-02" /></properties></testcase><testcase classname="tests.ops.test_fused_gated" name="test_silu_and_mul_op[2048-2048-dtype3]" time="0.015"><properties><property name="op" value="SiluAndMulFwdOp" /><property name="op_module" value="tileops.ops.elementwise.activations" /><property name="max_abs_err" value="3.91e-03" /></properties></testcase><testcase classname="tests.ops.test_fused_gated" name="test_silu_and_mul_op[2048-2048-dtype4]" time="0.015"><properties><property name="op" value="SiluAndMulFwdOp" /><property name="op_module" value="tileops.ops.elementwise.activations" /><property name="max_abs_err" value="0.00e+00" /></properties></testcase><testcase classname="tests.ops.test_fused_gated" name="test_gelu_and_mul_op[2048-2048-dtype3]" time="0.015"><properties><property name="op" value="GeluAndMulFwdOp" /><property name="op_module" value="tileops.ops.elementwise.activations" /><property name="max_abs_err" value="7.81e-03" /></properties></testcase><testcase classname="tests.ops.test_fused_gated" name="test_gelu_tanh_and_mul_op[2048-2048-dtype3]" time="0.015"><properties><property name="op" value="GeluTanhAndMulFwdOp" /><property name="op_module" value="tileops.ops.elementwise.activations" /><property name="max_abs_err" value="7.81e-03" /></properties></testcase><testcase classname="tests.ops.test_fused_moe_experts" name="test_use_fused_activation_parity[gelu_and_mul]" time="0.434" /><testcase classname="tests.ops.test_gated_deltanet_chunkwise_bwd" name="test_gated_deltanet_bwd[1-128-4-64-64-32-dtype3-False]" time="1.092" /><testcase classname="tests.ops.test_gated_deltanet_chunkwise_bwd" name="test_gated_deltanet_bwd[1-128-4-64-64-32-dtype4-False]" time="0.913" /><testcase classname="tests.ops.test_gated_deltanet_chunkwise_bwd" name="test_gated_deltanet_bwd[1-128-4-64-64-32-dtype5-False]" time="0.905" /><testcase classname="tests.ops.test_gated_deltanet_chunkwise_bwd" name="test_gated_deltanet_bwd[1-128-2-128-128-64-dtype6-False]" time="1.106" /><testcase classname="tests.ops.test_gated_deltanet_fwd" name="test_gated_deltanet_fwd[1-128-4-64-64-32-dtype3-False]" time="0.063" /><testcase classname="tests.ops.test_gated_deltanet_fwd" name="test_gated_deltanet_fwd[1-128-4-64-64-32-dtype4-False]" time="0.011" /><testcase classname="tests.ops.test_gated_deltanet_fwd" name="test_gated_deltanet_fwd[1-128-4-64-64-32-dtype5-False]" time="0.011" /><testcase classname="tests.ops.test_gated_deltanet_fwd" name="test_gated_deltanet_fwd[2-8192-4-64-64-64-dtype6-False]" time="0.684" /><testcase classname="tests.ops.test_gated_deltanet_fwd" name="test_gated_deltanet_fwd[2-16384-4-64-64-64-dtype7-False]" time="1.175" /><testcase classname="tests.ops.test_gated_deltanet_fwd" name="test_gated_deltanet_fwd[full-bf16-tuned]" time="0.190" /><testcase classname="tests.ops.test_gated_deltanet_prefill" name="test_gated_deltanet_prefill_fwd[1-128-4-64-64-32-dtype3-False]" time="0.082"><properties><property name="op" value="GatedDeltaNetPrefillFwdOp" /><property name="op_module" value="tileops.ops.gated_deltanet" /><property name="max_abs_err" value="3.05e-05" /></properties></testcase><testcase classname="tests.ops.test_gated_deltanet_prefill" name="test_gated_deltanet_prefill_fwd[1-128-4-64-64-64-dtype4-False]" time="0.182"><properties><property name="op" value="GatedDeltaNetPrefillFwdOp" /><property name="op_module" value="tileops.ops.gated_deltanet" /><property name="max_abs_err" value="3.05e-05" /></properties></testcase><testcase classname="tests.ops.test_gated_deltanet_recurrence" name="test_gated_deltanet_decode[2-8-64-64-dtype3-False]" time="0.049"><properties><property name="op" value="GatedDeltaNetDecodeOp" /><property name="op_module" value="tileops.ops.gated_deltanet" /><property name="max_abs_err" value="5.96e-08" /></properties></testcase><testcase classname="tests.ops.test_gated_deltanet_recurrence" name="test_gated_deltanet_decode[2-4-128-128-dtype4-False]" time="0.048"><properties><property name="op" value="GatedDeltaNetDecodeOp" /><property name="op_module" value="tileops.ops.gated_deltanet" /><property name="max_abs_err" value="1.49e-07" /></properties></testcase><testcase classname="tests.ops.test_gated_deltanet_recurrence" name="test_gated_deltanet_decode[2-8-64-64-dtype5-False]" time="0.058"><properties><property name="op" value="GatedDeltaNetDecodeOp" /><property name="op_module" value="tileops.ops.gated_deltanet" /><property name="max_abs_err" value="6.10e-05" /></properties></testcase><testcase classname="tests.ops.test_gated_deltanet_recurrence" name="test_gated_deltanet_decode[2-8-64-64-dtype6-False]" time="0.058"><properties><property name="op" value="GatedDeltaNetDecodeOp" /><property name="op_module" value="tileops.ops.gated_deltanet" /><property name="max_abs_err" value="4.88e-04" /></properties></testcase><testcase classname="tests.ops.test_gated_deltanet_recurrence" name="test_gated_deltanet_decode[1-32-128-128-dtype7-False]" time="0.049"><properties><property name="op" value="GatedDeltaNetDecodeOp" /><property name="op_module" value="tileops.ops.gated_deltanet" /><property name="max_abs_err" value="1.22e-04" /></properties></testcase><testcase classname="tests.ops.test_gated_deltanet_recurrence" name="test_gated_deltanet_decode_multi_step[2-8-64-64-dtype3-False]" time="0.008" /><testcase classname="tests.ops.test_gated_deltanet_recurrence" name="test_gated_deltanet_decode_multi_step[2-4-128-128-dtype4-False]" time="0.008" /><testcase classname="tests.ops.test_gated_deltanet_recurrence" name="test_gated_deltanet_decode_multi_step[2-8-64-64-dtype5-False]" time="0.009" /><testcase classname="tests.ops.test_gated_deltanet_recurrence" name="test_gated_deltanet_decode_multi_step[2-8-64-64-dtype6-False]" time="0.009" /><testcase classname="tests.ops.test_gated_deltanet_recurrence" name="test_gated_deltanet_decode_multi_step[1-32-128-128-dtype7-False]" time="0.009" /><testcase classname="tests.ops.test_gemm" name="test_gemm[full-fp16-trans-b-small-m]" time="0.031"><properties><property name="op" value="GemmOp" /><property name="op_module" value="tileops.ops.gemm" /><property name="max_abs_err" value="3.12e-02" /></properties></testcase><testcase classname="tests.ops.test_gemm" name="test_gemm[full-fp16-nt-dense-ws]" time="0.108"><properties><property name="op" value="GemmOp" /><property name="op_module" value="tileops.ops.gemm" /><property name="max_abs_err" value="1.25e-01" /></properties></testcase><testcase classname="tests.ops.test_gemm" name="test_gemm[full-fp16-tuned-wide]" time="0.044"><properties><property name="op" value="GemmOp" /><property name="op_module" value="tileops.ops.gemm" /><property name="max_abs_err" value="2.50e-01" /></properties></testcase><testcase classname="tests.ops.test_gemm" name="test_gemm[full-fp16-tuned-wide-alt]" time="0.031"><properties><property name="op" value="GemmOp" /><property name="op_module" value="tileops.ops.gemm" /><property name="max_abs_err" value="1.25e-01" /></properties></testcase><testcase classname="tests.ops.test_gemm" name="test_gemm[full-fp16-thin-n]" time="0.002"><properties><property name="op" value="GemmOp" /><property name="op_module" value="tileops.ops.gemm" /><property name="max_abs_err" value="7.81e-03" /></properties></testcase><testcase classname="tests.ops.test_gemm" name="test_gemm[full-fp16-tuned-thin-n]" time="0.004"><properties><property name="op" value="GemmOp" /><property name="op_module" value="tileops.ops.gemm" /><property name="max_abs_err" value="2.50e-01" /></properties></testcase><testcase classname="tests.ops.test_gemm" name="test_gemm[full-fp16-tuned-thin-n-alt]" time="0.002"><properties><property name="op" value="GemmOp" /><property name="op_module" value="tileops.ops.gemm" /><property name="max_abs_err" value="1.25e-01" /></properties></testcase><testcase classname="tests.ops.test_gemm" name="test_gemm[full-bf16-trans-b-small-m]" time="0.031"><properties><property name="op" value="GemmOp" /><property name="op_module" value="tileops.ops.gemm" /><property name="max_abs_err" value="0.00e+00" /></properties></testcase><testcase classname="tests.ops.test_gemm" name="test_gemm[full-bf16-tuned-wide]" time="0.031"><properties><property name="op" value="GemmOp" /><property name="op_module" value="tileops.ops.gemm" /><property name="max_abs_err" value="1.00e+00" /></properties></testcase><testcase classname="tests.ops.test_gemm" name="test_gemm[full-bf16-tuned-wide-alt]" time="0.031"><properties><property name="op" value="GemmOp" /><property name="op_module" value="tileops.ops.gemm" /><property name="max_abs_err" value="1.00e+00" /></properties></testcase><testcase classname="tests.ops.test_gemm" name="test_gemm[full-bf16-thin-n]" time="0.002"><properties><property name="op" value="GemmOp" /><property name="op_module" value="tileops.ops.gemm" /><property name="max_abs_err" value="0.00e+00" /></properties></testcase><testcase classname="tests.ops.test_gemm" name="test_gemm[full-bf16-tuned-thin-n]" time="0.002"><properties><property name="op" value="GemmOp" /><property name="op_module" value="tileops.ops.gemm" /><property name="max_abs_err" value="2.00e+00" /></properties></testcase><testcase classname="tests.ops.test_gemm" name="test_gemm[full-bf16-tuned-thin-n-alt]" time="0.002"><properties><property name="op" value="GemmOp" /><property name="op_module" value="tileops.ops.gemm" /><property name="max_abs_err" value="1.00e+00" /></properties></testcase><testcase classname="tests.ops.test_gemm" name="test_gemm_fp8[full-fp8-e4m3-block128-large-m]" time="0.160"><properties><property name="op" value="GemmFp8Op" /><property name="op_module" value="tileops.ops.gemm" /><property name="max_abs_err" value="3.12e-02" /></properties></testcase><testcase classname="tests.ops.test_gemm" name="test_gemm_fp8[full-fp8-e4m3-per-tensor-small-m-bias]" time="0.158"><properties><property name="op" value="GemmFp8Op" /><property name="op_module" value="tileops.ops.gemm" /><property name="max_abs_err" value="3.91e-03" /></properties></testcase><testcase classname="tests.ops.test_gemm" name="test_gemm_fp8[full-fp8-e4m3-per-tensor-gemv]" time="0.158"><properties><property name="op" value="GemmFp8Op" /><property name="op_module" value="tileops.ops.gemm" /><property name="max_abs_err" value="7.81e-03" /></properties></testcase><testcase classname="tests.ops.test_gemm" name="test_gemm_w4a16[full-w4a16-m1]" time="0.083"><properties><property name="op" value="GemmW4A16Op" /><property name="op_module" value="tileops.ops.gemm" /><property name="max_abs_err" value="7.81e-03" /></properties></testcase><testcase classname="tests.ops.test_gemm" name="test_gemm_w4a16[full-w4a16-m16]" time="0.070"><properties><property name="op" value="GemmW4A16Op" /><property name="op_module" value="tileops.ops.gemm" /><property name="max_abs_err" value="1.56e-02" /></properties></testcase><testcase classname="tests.ops.test_gemm" name="test_gemv_boundary_lhs_row[1024-3000-dtype2-False]" time="0.030"><properties><property name="op" value="GemmOp" /><property name="op_module" value="tileops.ops.gemm" /><property name="max_abs_err" value="6.25e-02" /></properties></testcase><testcase classname="tests.ops.test_gemm" name="test_gemv_boundary_lhs_row[3001-1024-dtype3-False]" time="0.038"><properties><property name="op" value="GemmOp" /><property name="op_module" value="tileops.ops.gemm" /><property name="max_abs_err" value="3.05e-05" /></properties></testcase><testcase classname="tests.ops.test_gemm" name="test_gemv_boundary_rhs_col[1024-3000-dtype2-False]" time="0.002"><properties><property name="op" value="GemmOp" /><property name="op_module" value="tileops.ops.gemm" /><property name="max_abs_err" value="6.25e-02" /></properties></testcase><testcase classname="tests.ops.test_gemm" name="test_gemv_boundary_rhs_col[3001-1024-dtype3-False]" time="0.002"><properties><property name="op" value="GemmOp" /><property name="op_module" value="tileops.ops.gemm" /><property name="max_abs_err" value="7.63e-06" /></properties></testcase><testcase classname="tests.ops.test_gla_chunkwise_bwd" name="test_gla_bwd[1-128-4-64-64-64-dtype3-False]" time="0.863" /><testcase classname="tests.ops.test_gla_chunkwise_bwd" name="test_gla_bwd[1-128-4-64-64-64-dtype4-False]" time="0.517" /><testcase classname="tests.ops.test_gla_chunkwise_bwd" name="test_gla_bwd[1-128-4-64-64-64-dtype5-False]" time="0.520" /><testcase classname="tests.ops.test_gla_chunkwise_fwd" name="test_gla_fwd[1-128-4-64-64-64-dtype3-False]" time="0.004" /><testcase classname="tests.ops.test_gla_chunkwise_fwd" name="test_gla_fwd[1-128-4-64-64-64-dtype4-False]" time="0.004" /><testcase classname="tests.ops.test_gla_chunkwise_fwd" name="test_gla_fwd[1-128-4-64-64-64-dtype5-False]" time="0.004" /><testcase classname="tests.ops.test_gla_chunkwise_fwd" name="test_gla_fwd[2-256-4-64-64-64-dtype6-False]" time="0.148" /><testcase classname="tests.ops.test_gla_recurrence" name="test_gla_decode[2-8-64-64-dtype3-False]" time="0.047"><properties><property name="op" value="GLADecodeOp" /><property name="op_module" value="tileops.ops.gated_linear_attn" /><property name="max_abs_err" value="4.47e-08" /></properties></testcase><testcase classname="tests.ops.test_gla_recurrence" name="test_gla_decode[2-4-128-128-dtype4-False]" time="0.046"><properties><property name="op" value="GLADecodeOp" /><property name="op_module" value="tileops.ops.gated_linear_attn" /><property name="max_abs_err" value="5.96e-08" /></properties></testcase><testcase classname="tests.ops.test_gla_recurrence" name="test_gla_decode[2-8-64-64-dtype5-False]" time="0.054"><properties><property name="op" value="GLADecodeOp" /><property name="op_module" value="tileops.ops.gated_linear_attn" /><property name="max_abs_err" value="3.05e-05" /></properties></testcase><testcase classname="tests.ops.test_gla_recurrence" name="test_gla_decode[2-8-64-64-dtype6-False]" time="0.054"><properties><property name="op" value="GLADecodeOp" /><property name="op_module" value="tileops.ops.gated_linear_attn" /><property name="max_abs_err" value="9.54e-07" /></properties></testcase><testcase classname="tests.ops.test_gla_recurrence" name="test_gla_decode_multi_step[2-8-64-64-dtype3-False]" time="0.007" /><testcase classname="tests.ops.test_gla_recurrence" name="test_gla_decode_multi_step[2-4-128-128-dtype4-False]" time="0.007" /><testcase classname="tests.ops.test_gla_recurrence" name="test_gla_decode_multi_step[2-8-64-64-dtype5-False]" time="0.008" /><testcase classname="tests.ops.test_gla_recurrence" name="test_gla_decode_multi_step[2-8-64-64-dtype6-False]" time="0.008" /><testcase classname="tests.ops.test_gla_recurrence" name="test_gla_decode_vs_fla[2-8-64-64-dtype3-False]" time="0.009" /><testcase classname="tests.ops.test_gla_recurrence" name="test_gla_decode_vs_fla[2-4-128-128-dtype4-False]" time="0.005" /><testcase classname="tests.ops.test_gla_recurrence" name="test_gla_decode_vs_fla[2-8-64-64-dtype5-False]" time="0.005" /><testcase classname="tests.ops.test_gla_recurrence" name="test_gla_decode_vs_fla[2-8-64-64-dtype6-False]" time="0.005" /><testcase classname="tests.ops.test_group_norm" name="test_group_norm_op[4-16-spatial3-4-dtype3-False]" time="0.099"><properties><property name="op" value="GroupNormFwdOp" /><property name="op_module" value="tileops.ops.norm.group_norm" /><property name="max_abs_err" value="4.77e-07" /></properties></testcase><testcase classname="tests.ops.test_group_norm" name="test_group_norm_op[4-16-spatial4-4-dtype4-False]" time="0.073"><properties><property name="op" value="GroupNormFwdOp" /><property name="op_module" value="tileops.ops.norm.group_norm" /><property name="max_abs_err" value="1.95e-03" /></properties></testcase><testcase classname="tests.ops.test_group_norm" name="test_group_norm_op[4-16-spatial5-4-dtype5-False]" time="0.073"><properties><property name="op" value="GroupNormFwdOp" /><property name="op_module" value="tileops.ops.norm.group_norm" /><property name="max_abs_err" value="1.56e-02" /></properties></testcase><testcase classname="tests.ops.test_group_norm" name="test_group_norm_op[2-32-spatial6-1-dtype6-False]" time="0.075"><properties><property name="op" value="GroupNormFwdOp" /><property name="op_module" value="tileops.ops.norm.group_norm" /><property name="max_abs_err" value="1.95e-03" /></properties></testcase><testcase classname="tests.ops.test_group_norm" name="test_group_norm_op[2-32-spatial7-32-dtype7-False]" time="0.073"><properties><property name="op" value="GroupNormFwdOp" /><property name="op_module" value="tileops.ops.norm.group_norm" /><property name="max_abs_err" value="3.91e-03" /></properties></testcase><testcase classname="tests.ops.test_group_norm" name="test_group_norm_op[2-32-spatial8-16-dtype8-False]" time="0.073"><properties><property name="op" value="GroupNormFwdOp" /><property name="op_module" value="tileops.ops.norm.group_norm" /><property name="max_abs_err" value="3.91e-03" /></properties></testcase><testcase classname="tests.ops.test_group_norm" name="test_group_norm_op[2-32-spatial9-8-dtype9-False]" time="0.002"><properties><property name="op" value="GroupNormFwdOp" /><property name="op_module" value="tileops.ops.norm.group_norm" /><property name="max_abs_err" value="1.95e-03" /></properties></testcase><testcase classname="tests.ops.test_group_norm" name="test_group_norm_op[2-16-spatial10-4-dtype10-False]" time="0.072"><properties><property name="op" value="GroupNormFwdOp" /><property name="op_module" value="tileops.ops.norm.group_norm" /><property name="max_abs_err" value="3.91e-03" /></properties></testcase><testcase classname="tests.ops.test_group_norm" name="test_group_norm_op[2-30-spatial11-5-dtype11-False]" time="0.073"><properties><property name="op" value="GroupNormFwdOp" /><property name="op_module" value="tileops.ops.norm.group_norm" /><property name="max_abs_err" value="1.95e-03" /></properties></testcase><testcase classname="tests.ops.test_group_norm" name="test_group_norm_op[2-32-spatial12-8-dtype12-False]" time="0.073"><properties><property name="op" value="GroupNormFwdOp" /><property name="op_module" value="tileops.ops.norm.group_norm" /><property name="max_abs_err" value="1.95e-03" /></properties></testcase><testcase classname="tests.ops.test_group_norm" name="test_group_norm_op[2-32-spatial13-8-dtype13-False]" time="0.073"><properties><property name="op" value="GroupNormFwdOp" /><property name="op_module" value="tileops.ops.norm.group_norm" /><property name="max_abs_err" value="3.12e-02" /></properties></testcase><testcase classname="tests.ops.test_group_norm" name="test_group_norm_no_affine_op[4-16-spatial3-4-dtype3]" time="0.068" /><testcase classname="tests.ops.test_group_norm" name="test_group_norm_no_affine_op[2-32-spatial4-8-dtype4]" time="0.068" /><testcase classname="tests.ops.test_group_norm" name="test_group_norm_no_affine_op[2-32-spatial5-8-dtype5]" time="0.002" /><testcase classname="tests.ops.test_group_norm" name="test_group_norm_no_affine_op[2-16-spatial6-4-dtype6]" time="0.068" /><testcase classname="tests.ops.test_grouped_gemm" name="test_grouped_gemm[16384-4-4864-4096-dtype1-False-False-False]" time="0.091"><properties><property name="op" value="GroupedGemmOp" /><property name="op_module" value="tileops.ops.grouped_gemm" /><property name="max_abs_err" value="0.00e+00" /></properties></testcase><testcase classname="tests.ops.test_grouped_gemm" name="test_grouped_gemm[16384-4-4864-4096-dtype2-True-False-False]" time="0.087"><properties><property name="op" value="GroupedGemmOp" /><property name="op_module" value="tileops.ops.grouped_gemm" /><property name="max_abs_err" value="0.00e+00" /></properties></testcase><testcase classname="tests.ops.test_grouped_gemm" name="test_grouped_gemm[16384-4-4864-4096-dtype3-True-True-False]" time="0.089"><properties><property name="op" value="GroupedGemmOp" /><property name="op_module" value="tileops.ops.grouped_gemm" /><property name="max_abs_err" value="0.00e+00" /></properties></testcase><testcase classname="tests.ops.test_instance_norm" name="test_instance_norm_op[4-8-spatial3-dtype3-False]" time="0.074"><properties><property name="op" value="InstanceNormFwdOp" /><property name="op_module" value="tileops.ops.norm.instance_norm" /><property name="max_abs_err" value="4.77e-07" /></properties></testcase><testcase classname="tests.ops.test_instance_norm" name="test_instance_norm_op[4-8-spatial4-dtype4-False]" time="0.303"><properties><property name="op" value="InstanceNormFwdOp" /><property name="op_module" value="tileops.ops.norm.instance_norm" /><property name="max_abs_err" value="3.91e-03" /></properties></testcase><testcase classname="tests.ops.test_instance_norm" name="test_instance_norm_op[4-8-spatial5-dtype5-False]" time="0.075"><properties><property name="op" value="InstanceNormFwdOp" /><property name="op_module" value="tileops.ops.norm.instance_norm" /><property name="max_abs_err" value="1.56e-02" /></properties></testcase><testcase classname="tests.ops.test_instance_norm" name="test_instance_norm_op[2-16-spatial6-dtype6-False]" time="0.002"><properties><property name="op" value="InstanceNormFwdOp" /><property name="op_module" value="tileops.ops.norm.instance_norm" /><property name="max_abs_err" value="3.91e-03" /></properties></testcase><testcase classname="tests.ops.test_instance_norm" name="test_instance_norm_op[2-8-spatial7-dtype7-False]" time="0.002"><properties><property name="op" value="InstanceNormFwdOp" /><property name="op_module" value="tileops.ops.norm.instance_norm" /><property name="max_abs_err" value="3.91e-03" /></properties></testcase><testcase classname="tests.ops.test_instance_norm" name="test_instance_norm_no_affine_op[4-8-spatial3-dtype3-False]" time="0.068" /><testcase classname="tests.ops.test_instance_norm" name="test_instance_norm_no_affine_op[4-8-spatial4-dtype4-False]" time="0.069" /><testcase classname="tests.ops.test_instance_norm" name="test_instance_norm_no_affine_op[4-8-spatial5-dtype5-False]" time="0.068" /><testcase classname="tests.ops.test_instance_norm" name="test_instance_norm_no_affine_op[2-16-spatial6-dtype6-False]" time="0.002" /><testcase classname="tests.ops.test_instance_norm" name="test_instance_norm_no_affine_op[2-8-spatial7-dtype7-False]" time="0.002" /><testcase classname="tests.ops.test_instance_norm" name="test_instance_norm_no_affine_running_stats[4-8-spatial3-dtype3-False]" time="0.002" /><testcase classname="tests.ops.test_instance_norm" name="test_instance_norm_no_affine_running_stats[4-8-spatial4-dtype4-False]" time="0.002" /><testcase classname="tests.ops.test_instance_norm" name="test_instance_norm_no_affine_running_stats[4-8-spatial5-dtype5-False]" time="0.002" /><testcase classname="tests.ops.test_instance_norm" name="test_instance_norm_no_affine_running_stats[2-16-spatial6-dtype6-False]" time="0.002" /><testcase classname="tests.ops.test_instance_norm" name="test_instance_norm_no_affine_running_stats[2-8-spatial7-dtype7-False]" time="0.002" /><testcase classname="tests.ops.test_layer_norm" name="test_layer_norm_op[4096-4096-dtype3-False]" time="0.088"><properties><property name="op" value="LayerNormFwdOp" /><property name="op_module" value="tileops.ops.norm.layer_norm" /><property name="max_abs_err" value="1.91e-06" /></properties></testcase><testcase classname="tests.ops.test_layer_norm" name="test_layer_norm_op[8192-8192-dtype4-False]" time="0.090"><properties><property name="op" value="LayerNormFwdOp" /><property name="op_module" value="tileops.ops.norm.layer_norm" /><property name="max_abs_err" value="2.86e-06" /></properties></testcase><testcase classname="tests.ops.test_layer_norm" name="test_layer_norm_op[4096-4096-dtype5-False]" time="0.087"><properties><property name="op" value="LayerNormFwdOp" /><property name="op_module" value="tileops.ops.norm.layer_norm" /><property name="max_abs_err" value="3.91e-03" /></properties></testcase><testcase classname="tests.ops.test_layer_norm" name="test_layer_norm_op[8192-8192-dtype6-False]" time="0.089"><properties><property name="op" value="LayerNormFwdOp" /><property name="op_module" value="tileops.ops.norm.layer_norm" /><property name="max_abs_err" value="3.91e-03" /></properties></testcase><testcase classname="tests.ops.test_layer_norm" name="test_layer_norm_op[4096-4096-dtype7-False]" time="0.087"><properties><property name="op" value="LayerNormFwdOp" /><property name="op_module" value="tileops.ops.norm.layer_norm" /><property name="max_abs_err" value="3.12e-02" /></properties></testcase><testcase classname="tests.ops.test_layer_norm" name="test_layer_norm_op[8192-8192-dtype8-False]" time="0.088"><properties><property name="op" value="LayerNormFwdOp" /><property name="op_module" value="tileops.ops.norm.layer_norm" /><property name="max_abs_err" value="3.12e-02" /></properties></testcase><testcase classname="tests.ops.test_layer_norm" name="test_layer_norm_op[1024-3000-dtype9-False]" time="0.091"><properties><property name="op" value="LayerNormFwdOp" /><property name="op_module" value="tileops.ops.norm.layer_norm" /><property name="max_abs_err" value="1.91e-06" /></properties></testcase><testcase classname="tests.ops.test_layer_norm" name="test_layer_norm_op[1024-3000-dtype10-False]" time="0.087"><properties><property name="op" value="LayerNormFwdOp" /><property name="op_module" value="tileops.ops.norm.layer_norm" /><property name="max_abs_err" value="3.91e-03" /></properties></testcase><testcase classname="tests.ops.test_layer_norm" name="test_layer_norm_op[1024-3000-dtype11-False]" time="0.087"><properties><property name="op" value="LayerNormFwdOp" /><property name="op_module" value="tileops.ops.norm.layer_norm" /><property name="max_abs_err" value="1.56e-02" /></properties></testcase><testcase classname="tests.ops.test_layer_norm" name="test_layer_norm_op[2048-5120-dtype12-False]" time="0.087"><properties><property name="op" value="LayerNormFwdOp" /><property name="op_module" value="tileops.ops.norm.layer_norm" /><property name="max_abs_err" value="1.91e-06" /></properties></testcase><testcase classname="tests.ops.test_layer_norm" name="test_layer_norm_op[2048-5120-dtype13-False]" time="0.087"><properties><property name="op" value="LayerNormFwdOp" /><property name="op_module" value="tileops.ops.norm.layer_norm" /><property name="max_abs_err" value="3.91e-03" /></properties></testcase><testcase classname="tests.ops.test_layer_norm" name="test_layer_norm_op[2048-5120-dtype14-False]" time="0.087"><properties><property name="op" value="LayerNormFwdOp" /><property name="op_module" value="tileops.ops.norm.layer_norm" /><property name="max_abs_err" value="1.56e-02" /></properties></testcase><testcase classname="tests.ops.test_layer_norm" name="test_layer_norm_op[1025-4096-dtype15-False]" time="0.087"><properties><property name="op" value="LayerNormFwdOp" /><property name="op_module" value="tileops.ops.norm.layer_norm" /><property name="max_abs_err" value="3.91e-03" /></properties></testcase><testcase classname="tests.ops.test_layer_norm" name="test_layer_norm_op[1025-4096-dtype16-False]" time="0.087"><properties><property name="op" value="LayerNormFwdOp" /><property name="op_module" value="tileops.ops.norm.layer_norm" /><property name="max_abs_err" value="1.56e-02" /></properties></testcase><testcase classname="tests.ops.test_layer_norm" name="test_layer_norm_large_offset[1024-4096-dtype3]" time="0.085" /><testcase classname="tests.ops.test_logical" name="test_logical_broadcast[logical_and-LogicalAndFwdOp-logical_and-a_shape1-b_shape1]" time="0.017" /><testcase classname="tests.ops.test_logical" name="test_logical_broadcast[logical_and-LogicalAndFwdOp-logical_and-a_shape2-b_shape2]" time="0.016" /><testcase classname="tests.ops.test_logical" name="test_logical_broadcast[logical_or-LogicalOrFwdOp-logical_or-a_shape3-b_shape3]" time="0.016" /><testcase classname="tests.ops.test_logical" name="test_logical_broadcast[logical_or-LogicalOrFwdOp-logical_or-a_shape4-b_shape4]" time="0.016" /><testcase classname="tests.ops.test_logical" name="test_logical_broadcast[logical_or-LogicalOrFwdOp-logical_or-a_shape5-b_shape5]" time="0.016" /><testcase classname="tests.ops.test_logical_reduce" name="test_any_op[256-4096-dtype8]" time="0.060"><properties><property name="op" value="AnyFwdOp" /><property name="op_module" value="tileops.ops.reduction.logical_reduce" /><property name="max_abs_err" value="0.00e+00" /></properties></testcase><testcase classname="tests.ops.test_logical_reduce" name="test_any_op[256-4096-dtype9]" time="0.059"><properties><property name="op" value="AnyFwdOp" /><property name="op_module" value="tileops.ops.reduction.logical_reduce" /><property name="max_abs_err" value="0.00e+00" /></properties></testcase><testcase classname="tests.ops.test_logical_reduce" name="test_any_op[128-300-dtype10]" time="0.059"><properties><property name="op" value="AnyFwdOp" /><property name="op_module" value="tileops.ops.reduction.logical_reduce" /><property name="max_abs_err" value="0.00e+00" /></properties></testcase><testcase classname="tests.ops.test_logical_reduce" name="test_any_op[128-300-dtype11]" time="0.059"><properties><property name="op" value="AnyFwdOp" /><property name="op_module" value="tileops.ops.reduction.logical_reduce" /><property name="max_abs_err" value="0.00e+00" /></properties></testcase><testcase classname="tests.ops.test_logical_reduce" name="test_any_op[128-300-dtype12]" time="0.001"><properties><property name="op" value="AnyFwdOp" /><property name="op_module" value="tileops.ops.reduction.logical_reduce" /><property name="max_abs_err" value="0.00e+00" /></properties></testcase><testcase classname="tests.ops.test_logical_reduce" name="test_any_op[128-300-dtype13]" time="0.002"><properties><property name="op" value="AnyFwdOp" /><property name="op_module" value="tileops.ops.reduction.logical_reduce" /><property name="max_abs_err" value="0.00e+00" /></properties></testcase><testcase classname="tests.ops.test_logical_reduce" name="test_any_op[129-512-dtype14]" time="0.059"><properties><property name="op" value="AnyFwdOp" /><property name="op_module" value="tileops.ops.reduction.logical_reduce" /><property name="max_abs_err" value="0.00e+00" /></properties></testcase><testcase classname="tests.ops.test_logical_reduce" name="test_any_dim[shape2-1-dtype2]" time="0.058" /><testcase classname="tests.ops.test_logical_reduce" name="test_any_dim[shape3-0-dtype3]" time="0.061" /><testcase classname="tests.ops.test_logical_reduce" name="test_any_dim[shape4--2-dtype4]" time="0.001" /><testcase classname="tests.ops.test_logical_reduce" name="test_any_keepdim[shape1-0-dtype1]" time="0.057" /><testcase classname="tests.ops.test_logical_reduce" name="test_any_keepdim[shape2-1-dtype2]" time="0.001" /><testcase classname="tests.ops.test_logical_reduce" name="test_all_op[256-4096-dtype8]" time="0.059"><properties><property name="op" value="AllFwdOp" /><property name="op_module" value="tileops.ops.reduction.logical_reduce" /><property name="max_abs_err" value="0.00e+00" /></properties></testcase><testcase classname="tests.ops.test_logical_reduce" name="test_all_op[256-4096-dtype9]" time="0.059"><properties><property name="op" value="AllFwdOp" /><property name="op_module" value="tileops.ops.reduction.logical_reduce" /><property name="max_abs_err" value="0.00e+00" /></properties></testcase><testcase classname="tests.ops.test_logical_reduce" name="test_all_op[128-300-dtype10]" time="0.059"><properties><property name="op" value="AllFwdOp" /><property name="op_module" value="tileops.ops.reduction.logical_reduce" /><property name="max_abs_err" value="0.00e+00" /></properties></testcase><testcase classname="tests.ops.test_logical_reduce" name="test_all_op[128-300-dtype11]" time="0.059"><properties><property name="op" value="AllFwdOp" /><property name="op_module" value="tileops.ops.reduction.logical_reduce" /><property name="max_abs_err" value="0.00e+00" /></properties></testcase><testcase classname="tests.ops.test_logical_reduce" name="test_all_op[128-300-dtype12]" time="0.001"><properties><property name="op" value="AllFwdOp" /><property name="op_module" value="tileops.ops.reduction.logical_reduce" /><property name="max_abs_err" value="0.00e+00" /></properties></testcase><testcase classname="tests.ops.test_logical_reduce" name="test_all_op[128-300-dtype13]" time="0.002"><properties><property name="op" value="AllFwdOp" /><property name="op_module" value="tileops.ops.reduction.logical_reduce" /><property name="max_abs_err" value="0.00e+00" /></properties></testcase><testcase classname="tests.ops.test_logical_reduce" name="test_all_op[129-512-dtype14]" time="0.059"><properties><property name="op" value="AllFwdOp" /><property name="op_module" value="tileops.ops.reduction.logical_reduce" /><property name="max_abs_err" value="0.00e+00" /></properties></testcase><testcase classname="tests.ops.test_logical_reduce" name="test_all_dim[shape2-1-dtype2]" time="0.058" /><testcase classname="tests.ops.test_logical_reduce" name="test_all_dim[shape3-0-dtype3]" time="0.058" /><testcase classname="tests.ops.test_logical_reduce" name="test_all_dim[shape4--2-dtype4]" time="0.001" /><testcase classname="tests.ops.test_logical_reduce" name="test_all_keepdim[shape1-0-dtype1]" time="0.057" /><testcase classname="tests.ops.test_logical_reduce" name="test_all_keepdim[shape2-1-dtype2]" time="0.001" /><testcase classname="tests.ops.test_logical_reduce" name="test_count_nonzero_op[256-4096-dtype8]" time="0.059"><properties><property name="op" value="CountNonzeroFwdOp" /><property name="op_module" value="tileops.ops.reduction.logical_reduce" /><property name="max_abs_err" value="0.00e+00" /></properties></testcase><testcase classname="tests.ops.test_logical_reduce" name="test_count_nonzero_op[256-4096-dtype9]" time="0.059"><properties><property name="op" value="CountNonzeroFwdOp" /><property name="op_module" value="tileops.ops.reduction.logical_reduce" /><property name="max_abs_err" value="0.00e+00" /></properties></testcase><testcase classname="tests.ops.test_logical_reduce" name="test_count_nonzero_op[128-300-dtype10]" time="0.059"><properties><property name="op" value="CountNonzeroFwdOp" /><property name="op_module" value="tileops.ops.reduction.logical_reduce" /><property name="max_abs_err" value="0.00e+00" /></properties></testcase><testcase classname="tests.ops.test_logical_reduce" name="test_count_nonzero_op[128-300-dtype11]" time="0.059"><properties><property name="op" value="CountNonzeroFwdOp" /><property name="op_module" value="tileops.ops.reduction.logical_reduce" /><property name="max_abs_err" value="0.00e+00" /></properties></testcase><testcase classname="tests.ops.test_logical_reduce" name="test_count_nonzero_op[128-300-dtype12]" time="0.001"><properties><property name="op" value="CountNonzeroFwdOp" /><property name="op_module" value="tileops.ops.reduction.logical_reduce" /><property name="max_abs_err" value="0.00e+00" /></properties></testcase><testcase classname="tests.ops.test_logical_reduce" name="test_count_nonzero_op[128-300-dtype13]" time="0.002"><properties><property name="op" value="CountNonzeroFwdOp" /><property name="op_module" value="tileops.ops.reduction.logical_reduce" /><property name="max_abs_err" value="0.00e+00" /></properties></testcase><testcase classname="tests.ops.test_logical_reduce" name="test_count_nonzero_op[129-512-dtype14]" time="0.059"><properties><property name="op" value="CountNonzeroFwdOp" /><property name="op_module" value="tileops.ops.reduction.logical_reduce" /><property name="max_abs_err" value="0.00e+00" /></properties></testcase><testcase classname="tests.ops.test_logical_reduce" name="test_count_nonzero_dim[shape2-1-dtype2]" time="0.058" /><testcase classname="tests.ops.test_logical_reduce" name="test_count_nonzero_dim[shape3-0-dtype3]" time="0.058" /><testcase classname="tests.ops.test_logical_reduce" name="test_count_nonzero_dim[shape4--2-dtype4]" time="0.001" /><testcase classname="tests.ops.test_mamba" name="test_cb_producer_fwd[1-2-64-1-64-dtype3-True]" time="0.090" /><testcase classname="tests.ops.test_mamba" name="test_cb_producer_fwd[1-2-64-1-96-dtype4-False]" time="0.062" /><testcase classname="tests.ops.test_mamba" name="test_cb_producer_fwd[1-2-128-1-64-dtype5-False]" time="0.283" /><testcase classname="tests.ops.test_mamba" name="test_cb_producer_fwd[1-2-256-1-64-dtype6-False]" time="0.062" /><testcase classname="tests.ops.test_mamba" name="test_cb_producer_fwd[2-4-64-4-128-dtype7-False]" time="0.063" /><testcase classname="tests.ops.test_mamba" name="test_da_cumsum_fwd[1-2-64-4-True-True-dtype3-False]" time="0.049"><properties><property name="op" value="DaCumsumFwdOp" /><property name="op_module" value="tileops.ops.da_cumsum" /><property name="max_abs_err" value="7.63e-06" /></properties></testcase><testcase classname="tests.ops.test_mamba" name="test_da_cumsum_fwd[2-4-64-8-False-False-dtype4-False]" time="0.044"><properties><property name="op" value="DaCumsumFwdOp" /><property name="op_module" value="tileops.ops.da_cumsum" /><property name="max_abs_err" value="3.81e-06" /></properties></testcase><testcase classname="tests.ops.test_mamba" name="test_da_cumsum_fwd[1-2-128-4-False-False-dtype5-False]" time="0.044"><properties><property name="op" value="DaCumsumFwdOp" /><property name="op_module" value="tileops.ops.da_cumsum" /><property name="max_abs_err" value="7.63e-06" /></properties></testcase><testcase classname="tests.ops.test_mamba" name="test_da_cumsum_fwd[2-4-128-16-True-True-dtype6-False]" time="0.045"><properties><property name="op" value="DaCumsumFwdOp" /><property name="op_module" value="tileops.ops.da_cumsum" /><property name="max_abs_err" value="6.10e-05" /></properties></testcase><testcase classname="tests.ops.test_mamba" name="test_ssd_chunk_scan_fwd[2-4-64-8-64-64-2-dtype2-False]" time="0.200"><properties><property name="op" value="SSDChunkScanFwdOp" /><property name="op_module" value="tileops.ops.ssd_chunk_scan" /><property name="max_abs_err" value="5.69e-05" /></properties></testcase><testcase classname="tests.ops.test_mamba" name="test_ssd_chunk_scan_fwd[2-2-64-4-64-32-2-dtype3-False]" time="0.196"><properties><property name="op" value="SSDChunkScanFwdOp" /><property name="op_module" value="tileops.ops.ssd_chunk_scan" /><property name="max_abs_err" value="3.02e-04" /></properties></testcase><testcase classname="tests.ops.test_mamba" name="test_ssd_chunk_state_fwd[2-4-64-8-64-64-2-dtype2-False-False]" time="0.066"><properties><property name="op" value="SSDChunkStateFwdOp" /><property name="op_module" value="tileops.ops.ssd_chunk_state" /><property name="max_abs_err" value="3.46e-06" /></properties></testcase><testcase classname="tests.ops.test_mamba" name="test_ssd_chunk_state_fwd[2-2-64-4-64-32-2-dtype3-False-False]" time="0.066"><properties><property name="op" value="SSDChunkStateFwdOp" /><property name="op_module" value="tileops.ops.ssd_chunk_state" /><property name="max_abs_err" value="4.66e-05" /></properties></testcase><testcase classname="tests.ops.test_mamba" name="test_ssd_chunk_state_fwd[2-4-64-8-64-64-2-dtype4-False-True]" time="0.066"><properties><property name="op" value="SSDChunkStateFwdOp" /><property name="op_module" value="tileops.ops.ssd_chunk_state" /><property name="max_abs_err" value="3.46e-06" /></properties></testcase><testcase classname="tests.ops.test_mamba" name="test_ssd_state_passing_fwd[2-4-8-64-dtype2-False]" time="0.075"><properties><property name="op" value="SSDStatePassingFwdOp" /><property name="op_module" value="tileops.ops.ssd_state_passing" /><property name="max_abs_err" value="2.98e-08" /></properties></testcase><testcase classname="tests.ops.test_mamba" name="test_ssd_state_passing_fwd[2-4-8-64-dtype3-False]" time="0.075"><properties><property name="op" value="SSDStatePassingFwdOp" /><property name="op_module" value="tileops.ops.ssd_state_passing" /><property name="max_abs_err" value="2.98e-08" /></properties></testcase><testcase classname="tests.ops.test_mamba" name="test_ssd_decode[2-8-64-32-2-dtype2-False]" time="0.069" /><testcase classname="tests.ops.test_mamba" name="test_ssd_decode[2-8-128-64-4-dtype3-False]" time="0.065" /><testcase classname="tests.ops.test_mean_pooling" name="test_mean_pooling_op[1-8192-64-128-64-dtype1-accum_dtype1-True-None]" time="0.097"><properties><property name="op" value="MeanPoolingForwardOp" /><property name="op_module" value="tileops.ops.pool" /><property name="max_abs_err" value="0.00e+00" /></properties></testcase><testcase classname="tests.ops.test_mean_pooling" name="test_mean_pooling_op[2-2048-64-128-64-dtype2-accum_dtype2-False-None]" time="0.066"><properties><property name="op" value="MeanPoolingForwardOp" /><property name="op_module" value="tileops.ops.pool" /><property name="max_abs_err" value="1.53e-05" /></properties></testcase><testcase classname="tests.ops.test_mean_pooling" name="test_mean_pooling_op[1-1024-64-128-64-dtype3-accum_dtype3-False-offsets3]" time="0.067"><properties><property name="op" value="MeanPoolingForwardOp" /><property name="op_module" value="tileops.ops.pool" /><property name="max_abs_err" value="0.00e+00" /></properties></testcase><testcase classname="tests.ops.test_mean_pooling" name="test_mean_pooling_op[1-8192-64-128-64-dtype4-accum_dtype4-False-offsets4]" time="0.069"><properties><property name="op" value="MeanPoolingForwardOp" /><property name="op_module" value="tileops.ops.pool" /><property name="max_abs_err" value="3.05e-05" /></properties></testcase><testcase classname="tests.ops.test_mean_pooling" name="test_mean_pooling_op[1-1000-64-128-32-dtype5-accum_dtype5-False-offsets5]" time="0.066"><properties><property name="op" value="MeanPoolingForwardOp" /><property name="op_module" value="tileops.ops.pool" /><property name="max_abs_err" value="0.00e+00" /></properties></testcase><testcase classname="tests.ops.test_mhc" name="test_mhc_pre_op[2-4-1920-dtype1-False]" time="0.253"><properties><property name="op" value="MHCPreOp" /><property name="op_module" value="tileops.ops.mhc" /><property name="max_abs_err" value="3.12e-02" /></properties></testcase><testcase classname="tests.ops.test_mhc" name="test_mhc_pre_op[4-4-2560-dtype2-False]" time="0.250"><properties><property name="op" value="MHCPreOp" /><property name="op_module" value="tileops.ops.mhc" /><property name="max_abs_err" value="1.56e-02" /></properties></testcase><testcase classname="tests.ops.test_mhc" name="test_mhc_post_op[2-4-1920-dtype1-False]" time="0.033"><properties><property name="op" value="MHCPostOp" /><property name="op_module" value="tileops.ops.mhc" /><property name="max_abs_err" value="0.00e+00" /></properties></testcase><testcase classname="tests.ops.test_mhc" name="test_mhc_post_op[4-4-2560-dtype2-False]" time="0.033"><properties><property name="op" value="MHCPostOp" /><property name="op_module" value="tileops.ops.mhc" /><property name="max_abs_err" value="0.00e+00" /></properties></testcase><testcase classname="tests.ops.test_moe_fused_moe" name="test_fused_moe_qwen3[qwen3-small]" time="0.623" /><testcase classname="tests.ops.test_moe_fused_moe" name="test_fused_moe_qwen3[qwen3-medium]" time="0.427" /><testcase classname="tests.ops.test_moe_fused_moe" name="test_fused_moe_qwen3[qwen35-small]" time="0.458" /><testcase classname="tests.ops.test_moe_fused_moe" name="test_fused_moe_qwen3[deepseek-small]" time="0.276" /><testcase classname="tests.ops.test_moe_fused_moe" name="test_fused_moe_deterministic[qwen3-medium]" time="0.309" /><testcase classname="tests.ops.test_moe_fused_moe" name="test_fused_moe_kimi[kimi-k2-small-bf16]" time="0.443" /><testcase classname="tests.ops.test_moe_fused_moe" name="test_fused_moe_kimi[kimi-k2-medium-bf16]" time="0.455" /><testcase classname="tests.ops.test_moe_fused_moe" name="test_fused_moe_vs_vllm[kimi-k2-small-bf16]" time="0.104" /><testcase classname="tests.ops.test_moe_fused_moe_distributed" name="test_kimi_k2_ep_distributed[kimi-k2-ep8]" time="0.000"><skipped type="pytest.skip" message="Distributed tests require at least 2 GPUs">/home/ci-runner/runner/_work/TileOPs/TileOPs/tests/ops/test_moe_fused_moe_distributed.py:95: Distributed tests require at least 2 GPUs</skipped></testcase><testcase classname="tests.ops.test_moe_fused_moe_distributed" name="test_shared_fused_moe_ep_distributed[kimi-k2-shared-ep8]" time="0.000"><skipped type="pytest.skip" message="Distributed tests require at least 2 GPUs">/home/ci-runner/runner/_work/TileOPs/TileOPs/tests/ops/test_moe_fused_moe_distributed.py:166: Distributed tests require at least 2 GPUs</skipped></testcase><testcase classname="tests.ops.test_moe_fused_moe_distributed" name="test_fused_moe_vs_vllm_distributed[kimi-k2-ep8]" time="0.000"><skipped type="pytest.skip" message="Distributed tests require at least 2 GPUs">/home/ci-runner/runner/_work/TileOPs/TileOPs/tests/ops/test_moe_fused_moe_distributed.py:251: Distributed tests require at least 2 GPUs</skipped></testcase><testcase classname="tests.ops.test_moe_fused_moe_distributed" name="test_fused_moe_vs_vllm_ep_layer[kimi-k2-ep8]" time="0.000"><skipped type="pytest.skip" message="Distributed tests require at least 2 GPUs">/home/ci-runner/runner/_work/TileOPs/TileOPs/tests/ops/test_moe_fused_moe_distributed.py:324: Distributed tests require at least 2 GPUs</skipped></testcase><testcase classname="tests.ops.test_moe_fused_topk" name="test_fused_topk[qwen3-small]" time="0.079" /><testcase classname="tests.ops.test_moe_fused_topk" name="test_fused_topk[qwen3-medium]" time="0.260" /><testcase classname="tests.ops.test_moe_fused_topk" name="test_fused_topk[qwen3-large]" time="0.625" /><testcase classname="tests.ops.test_moe_fused_topk" name="test_fused_topk[qwen35-small]" time="0.071" /><testcase classname="tests.ops.test_moe_fused_topk" name="test_fused_topk[qwen35-medium]" time="0.369" /><testcase classname="tests.ops.test_moe_fused_topk" name="test_fused_topk[sigmoid-no-renorm]" time="0.175" /><testcase classname="tests.ops.test_moe_fused_topk" name="test_fused_topk[sigmoid-renorm]" time="0.067" /><testcase classname="tests.ops.test_moe_fused_topk" name="test_fused_topk[top-k-1]" time="0.334" /><testcase classname="tests.ops.test_moe_grouped_gemm_nopad" name="test_moe_grouped_gemm_nopad_op[unaligned-uniform-bf16]" time="0.108" /><testcase classname="tests.ops.test_moe_permute_align" name="test_permute_align_op[small-bs16]" time="0.055" /><testcase classname="tests.ops.test_moe_permute_align" name="test_permute_align_op[medium-bs64]" time="0.055" /><testcase classname="tests.ops.test_moe_permute_align" name="test_permute_align_op[large-bs128]" time="0.104" /><testcase classname="tests.ops.test_moe_permute_align" name="test_permute_align_op[single-token]" time="0.057" /><testcase classname="tests.ops.test_moe_permute_align" name="test_permute_align_op[top-k-1]" time="0.056" /><testcase classname="tests.ops.test_moe_permute_align" name="test_permute_align_op[sb-numel200]" time="0.056" /><testcase classname="tests.ops.test_moe_permute_align" name="test_permute_align_op[sb-numel600]" time="0.057" /><testcase classname="tests.ops.test_moe_permute_align" name="test_permute_align_op[sb-numel800]" time="0.057" /><testcase classname="tests.ops.test_moe_permute_align" name="test_permute_align_op[sb-numel600-maxexp]" time="0.081" /><testcase classname="tests.ops.test_moe_permute_align" name="test_permute_align_op[sb-boundary-1022]" time="0.060" /><testcase classname="tests.ops.test_moe_permute_align" name="test_permute_align_op[lb-boundary-1024]" time="0.077" /><testcase classname="tests.ops.test_moe_permute_nopad" name="test_moe_permute_nopad_op[small]" time="0.059" /><testcase classname="tests.ops.test_moe_permute_nopad" name="test_moe_permute_nopad_op[partial-tail-numel10]" time="0.059" /><testcase classname="tests.ops.test_moe_shared_fused_moe_distributed" name="test_shared_expert_tp_vs_vllm[kimi-k2-tp2]" time="0.000"><skipped type="pytest.skip" message="Distributed TP tests require at least 2 GPUs">/home/ci-runner/runner/_work/TileOPs/TileOPs/tests/ops/test_moe_shared_fused_moe_distributed.py:129: Distributed TP tests require at least 2 GPUs</skipped></testcase><testcase classname="tests.ops.test_moe_shared_fused_moe_distributed" name="test_shared_expert_tp_vs_vllm[kimi-k2-tp8]" time="0.000"><skipped type="pytest.skip" message="Distributed TP tests require at least 2 GPUs">/home/ci-runner/runner/_work/TileOPs/TileOPs/tests/ops/test_moe_shared_fused_moe_distributed.py:129: Distributed TP tests require at least 2 GPUs</skipped></testcase><testcase classname="tests.ops.test_moe_unpermute" name="test_moe_unpermute_op[small]" time="0.033" /><testcase classname="tests.ops.test_moe_unpermute" name="test_moe_unpermute_op[medium]" time="0.063" /><testcase classname="tests.ops.test_moe_unpermute" name="test_moe_unpermute_op[qwen3-scale]" time="0.537" /><testcase classname="tests.ops.test_moe_unpermute" name="test_moe_unpermute_op[single-token]" time="0.030" /><testcase classname="tests.ops.test_moe_unpermute" name="test_moe_unpermute_op[top-k-1]" time="0.031" /><testcase classname="tests.ops.test_moe_unpermute" name="test_moe_unpermute_op[skewed]" time="0.038" /><testcase classname="tests.ops.test_moe_unpermute" name="test_moe_unpermute_op[large-h-pipeline]" time="0.066" /><testcase classname="tests.ops.test_pool" name="test_avg_pool1d[full-k5-s2-no-pad-count-fp16]" time="0.053"><properties><property name="op" value="AvgPool1dFwdOp" /><property name="op_module" value="tileops.ops.pool" /><property name="max_abs_err" value="0.00e+00" /></properties></testcase><testcase classname="tests.ops.test_pool" name="test_avg_pool1d[full-ceil-bf16]" time="0.051"><properties><property name="op" value="AvgPool1dFwdOp" /><property name="op_module" value="tileops.ops.pool" /><property name="max_abs_err" value="0.00e+00" /></properties></testcase><testcase classname="tests.ops.test_pool" name="test_avg_pool2d[full-ceil-no-pad-count-fp16]" time="0.045"><properties><property name="op" value="AvgPool2dFwdOp" /><property name="op_module" value="tileops.ops.pool" /><property name="max_abs_err" value="0.00e+00" /></properties></testcase><testcase classname="tests.ops.test_pool" name="test_avg_pool2d[full-divisor-override-bf16]" time="0.045"><properties><property name="op" value="AvgPool2dFwdOp" /><property name="op_module" value="tileops.ops.pool" /><property name="max_abs_err" value="0.00e+00" /></properties></testcase><testcase classname="tests.ops.test_pool" name="test_avg_pool2d[full-no-ceil-no-pad-count-fp16]" time="0.045"><properties><property name="op" value="AvgPool2dFwdOp" /><property name="op_module" value="tileops.ops.pool" /><property name="max_abs_err" value="0.00e+00" /></properties></testcase><testcase classname="tests.ops.test_pool" name="test_avg_pool2d[full-ceil-pad-count-fp32]" time="0.045"><properties><property name="op" value="AvgPool2dFwdOp" /><property name="op_module" value="tileops.ops.pool" /><property name="max_abs_err" value="0.00e+00" /></properties></testcase><testcase classname="tests.ops.test_pool" name="test_avg_pool2d[full-ceil-pad-count-divisor-bf16]" time="0.045"><properties><property name="op" value="AvgPool2dFwdOp" /><property name="op_module" value="tileops.ops.pool" /><property name="max_abs_err" value="0.00e+00" /></properties></testcase><testcase classname="tests.ops.test_pool" name="test_avg_pool2d[full-ceil-no-pad-count-divisor-fp16]" time="0.094"><properties><property name="op" value="AvgPool2dFwdOp" /><property name="op_module" value="tileops.ops.pool" /><property name="max_abs_err" value="0.00e+00" /></properties></testcase><testcase classname="tests.ops.test_pool" name="test_avg_pool2d[full-no-ceil-no-pad-count-divisor-fp16]" time="0.044"><properties><property name="op" value="AvgPool2dFwdOp" /><property name="op_module" value="tileops.ops.pool" /><property name="max_abs_err" value="0.00e+00" /></properties></testcase><testcase classname="tests.ops.test_pool" name="test_avg_pool3d[full-ceil-no-pad-count-fp16]" time="0.059"><properties><property name="op" value="AvgPool3dFwdOp" /><property name="op_module" value="tileops.ops.pool" /><property name="max_abs_err" value="0.00e+00" /></properties></testcase><testcase classname="tests.ops.test_pool" name="test_avg_pool3d[full-divisor-override-bf16]" time="0.056"><properties><property name="op" value="AvgPool3dFwdOp" /><property name="op_module" value="tileops.ops.pool" /><property name="max_abs_err" value="0.00e+00" /></properties></testcase><testcase classname="tests.ops.test_pool" name="test_max_pool1d[full-default-stride-dilation-fp16]" time="0.073"><properties><property name="op" value="MaxPool1dIndicesFwdOp" /><property name="op_module" value="tileops.ops.pool" /><property name="max_abs_err" value="0.00e+00" /></properties></testcase><testcase classname="tests.ops.test_pool" name="test_max_pool1d[full-ceil-k5-s3-p2-fp16]" time="0.071"><properties><property name="op" value="MaxPool1dIndicesFwdOp" /><property name="op_module" value="tileops.ops.pool" /><property name="max_abs_err" value="0.00e+00" /></properties></testcase><testcase classname="tests.ops.test_pool" name="test_max_pool1d[full-noncontiguous-k3-fp16]" time="0.071"><properties><property name="op" value="MaxPool1dIndicesFwdOp" /><property name="op_module" value="tileops.ops.pool" /><property name="max_abs_err" value="0.00e+00" /></properties></testcase><testcase classname="tests.ops.test_pool" name="test_max_pool1d[full-ceil-k5-s3-p2-bf16]" time="0.071"><properties><property name="op" value="MaxPool1dIndicesFwdOp" /><property name="op_module" value="tileops.ops.pool" /><property name="max_abs_err" value="0.00e+00" /></properties></testcase><testcase classname="tests.ops.test_pool" name="test_max_pool2d[full-default-stride-dilation-fp16]" time="0.084"><properties><property name="op" value="MaxPool2dIndicesFwdOp" /><property name="op_module" value="tileops.ops.pool" /><property name="max_abs_err" value="0.00e+00" /></properties></testcase><testcase classname="tests.ops.test_pool" name="test_max_pool2d[full-nonsquare-ceil-fp16]" time="0.083"><properties><property name="op" value="MaxPool2dIndicesFwdOp" /><property name="op_module" value="tileops.ops.pool" /><property name="max_abs_err" value="0.00e+00" /></properties></testcase><testcase classname="tests.ops.test_pool" name="test_max_pool2d[full-noncontiguous-3x3-fp16]" time="0.083"><properties><property name="op" value="MaxPool2dIndicesFwdOp" /><property name="op_module" value="tileops.ops.pool" /><property name="max_abs_err" value="0.00e+00" /></properties></testcase><testcase classname="tests.ops.test_pool" name="test_max_pool2d[full-nonsquare-ceil-bf16]" time="0.084"><properties><property name="op" value="MaxPool2dIndicesFwdOp" /><property name="op_module" value="tileops.ops.pool" /><property name="max_abs_err" value="0.00e+00" /></properties></testcase><testcase classname="tests.ops.test_pool" name="test_max_pool3d[full-default-stride-dilation-fp16]" time="0.096"><properties><property name="op" value="MaxPool3dIndicesFwdOp" /><property name="op_module" value="tileops.ops.pool" /><property name="max_abs_err" value="0.00e+00" /></properties></testcase><testcase classname="tests.ops.test_pool" name="test_max_pool3d[full-noncube-ceil-fp16]" time="0.100"><properties><property name="op" value="MaxPool3dIndicesFwdOp" /><property name="op_module" value="tileops.ops.pool" /><property name="max_abs_err" value="0.00e+00" /></properties></testcase><testcase classname="tests.ops.test_pool" name="test_max_pool3d[full-noncontiguous-k2-fp16]" time="0.095"><properties><property name="op" value="MaxPool3dIndicesFwdOp" /><property name="op_module" value="tileops.ops.pool" /><property name="max_abs_err" value="0.00e+00" /></properties></testcase><testcase classname="tests.ops.test_pool" name="test_max_pool3d[full-noncube-ceil-bf16]" time="0.095"><properties><property name="op" value="MaxPool3dIndicesFwdOp" /><property name="op_module" value="tileops.ops.pool" /><property name="max_abs_err" value="0.00e+00" /></properties></testcase><testcase classname="tests.ops.test_pool" name="test_max_pool_special_values[1d-window-with-nan-False]" time="0.028" /><testcase classname="tests.ops.test_pool" name="test_max_pool_special_values[1d-window-with-nan-True]" time="0.040" /><testcase classname="tests.ops.test_pool" name="test_max_pool_special_values[1d-window-with-multiple-nans-False]" time="0.001" /><testcase classname="tests.ops.test_pool" name="test_max_pool_special_values[1d-window-with-multiple-nans-True]" time="0.001" /><testcase classname="tests.ops.test_pool" name="test_max_pool_special_values[1d-window-with-tied-maxima-False]" time="0.001" /><testcase classname="tests.ops.test_pool" name="test_max_pool_special_values[1d-window-with-tied-maxima-True]" time="0.001" /><testcase classname="tests.ops.test_pool" name="test_max_pool_special_values[1d-all-negative-False]" time="0.001" /><testcase classname="tests.ops.test_pool" name="test_max_pool_special_values[1d-all-negative-True]" time="0.001" /><testcase classname="tests.ops.test_pool" name="test_max_pool_special_values[1d-padding-does-not-win-False]" time="0.001" /><testcase classname="tests.ops.test_pool" name="test_max_pool_special_values[1d-padding-does-not-win-True]" time="0.001" /><testcase classname="tests.ops.test_pool" name="test_max_pool_special_values[2d-window-all-neg-inf-False]" time="0.034" /><testcase classname="tests.ops.test_pool" name="test_max_pool_special_values[2d-window-all-neg-inf-True]" time="0.049" /><testcase classname="tests.ops.test_pool" name="test_max_pool_special_values[2d-window-with-nan-False]" time="0.033" /><testcase classname="tests.ops.test_pool" name="test_max_pool_special_values[2d-window-with-nan-True]" time="0.048" /><testcase classname="tests.ops.test_pool" name="test_max_pool_special_values[2d-window-with-multiple-nans-False]" time="0.001" /><testcase classname="tests.ops.test_pool" name="test_max_pool_special_values[2d-window-with-multiple-nans-True]" time="0.001" /><testcase classname="tests.ops.test_pool" name="test_max_pool_special_values[2d-window-with-tied-maxima-False]" time="0.001" /><testcase classname="tests.ops.test_pool" name="test_max_pool_special_values[2d-window-with-tied-maxima-True]" time="0.001" /><testcase classname="tests.ops.test_pool" name="test_max_pool_special_values[2d-padding-does-not-win-False]" time="0.001" /><testcase classname="tests.ops.test_pool" name="test_max_pool_special_values[2d-padding-does-not-win-True]" time="0.001" /><testcase classname="tests.ops.test_pool" name="test_max_pool_special_values[3d-window-with-nan-False]" time="0.040" /><testcase classname="tests.ops.test_pool" name="test_max_pool_special_values[3d-window-with-nan-True]" time="0.054" /><testcase classname="tests.ops.test_pool" name="test_max_pool_special_values[3d-window-with-multiple-nans-False]" time="0.001" /><testcase classname="tests.ops.test_pool" name="test_max_pool_special_values[3d-window-with-multiple-nans-True]" time="0.001" /><testcase classname="tests.ops.test_pool" name="test_max_pool_special_values[3d-window-with-tied-maxima-False]" time="0.001" /><testcase classname="tests.ops.test_pool" name="test_max_pool_special_values[3d-window-with-tied-maxima-True]" time="0.001" /><testcase classname="tests.ops.test_pool" name="test_max_pool_special_values[3d-all-negative-False]" time="0.001" /><testcase classname="tests.ops.test_pool" name="test_max_pool_special_values[3d-all-negative-True]" time="0.001" /><testcase classname="tests.ops.test_pool" name="test_max_pool_special_values[3d-padding-does-not-win-False]" time="0.040" /><testcase classname="tests.ops.test_pool" name="test_max_pool_special_values[3d-padding-does-not-win-True]" time="0.054" /><testcase classname="tests.ops.test_pool" name="test_max_pool_rejects_invalid_params[1d-zero-stride-plain]" time="0.001" /><testcase classname="tests.ops.test_pool" name="test_max_pool_rejects_invalid_params[1d-zero-stride-indices]" time="0.001" /><testcase classname="tests.ops.test_pool" name="test_max_pool_rejects_invalid_params[1d-padding-too-large-plain]" time="0.001" /><testcase classname="tests.ops.test_pool" name="test_max_pool_rejects_invalid_params[1d-padding-too-large-indices]" time="0.001" /><testcase classname="tests.ops.test_pool" name="test_max_pool_rejects_invalid_params[1d-ceil-mode-type-plain]" time="0.001" /><testcase classname="tests.ops.test_pool" name="test_max_pool_rejects_invalid_params[1d-ceil-mode-type-indices]" time="0.001" /><testcase classname="tests.ops.test_pool" name="test_max_pool_rejects_invalid_params[2d-stride-type-plain]" time="0.001" /><testcase classname="tests.ops.test_pool" name="test_max_pool_rejects_invalid_params[2d-stride-type-indices]" time="0.001" /><testcase classname="tests.ops.test_pool" name="test_max_pool_rejects_invalid_params[2d-padding-type-plain]" time="0.001" /><testcase classname="tests.ops.test_pool" name="test_max_pool_rejects_invalid_params[2d-padding-type-indices]" time="0.001" /><testcase classname="tests.ops.test_pool" name="test_max_pool_rejects_invalid_params[2d-dilation-type-plain]" time="0.001" /><testcase classname="tests.ops.test_pool" name="test_max_pool_rejects_invalid_params[2d-dilation-type-indices]" time="0.001" /><testcase classname="tests.ops.test_pool" name="test_max_pool_rejects_invalid_params[2d-kernel-size-contents-plain]" time="0.001" /><testcase classname="tests.ops.test_pool" name="test_max_pool_rejects_invalid_params[2d-kernel-size-contents-indices]" time="0.001" /><testcase classname="tests.ops.test_pool" name="test_max_pool_rejects_invalid_params[2d-zero-stride-plain]" time="0.001" /><testcase classname="tests.ops.test_pool" name="test_max_pool_rejects_invalid_params[2d-zero-stride-indices]" time="0.001" /><testcase classname="tests.ops.test_pool" name="test_max_pool_rejects_invalid_params[2d-zero-dilation-plain]" time="0.001" /><testcase classname="tests.ops.test_pool" name="test_max_pool_rejects_invalid_params[2d-zero-dilation-indices]" time="0.001" /><testcase classname="tests.ops.test_pool" name="test_max_pool_rejects_invalid_params[2d-padding-too-large-plain]" time="0.001" /><testcase classname="tests.ops.test_pool" name="test_max_pool_rejects_invalid_params[2d-padding-too-large-indices]" time="0.001" /><testcase classname="tests.ops.test_pool" name="test_max_pool_rejects_invalid_params[2d-padding-negative-plain]" time="0.001" /><testcase classname="tests.ops.test_pool" name="test_max_pool_rejects_invalid_params[2d-padding-negative-indices]" time="0.001" /><testcase classname="tests.ops.test_pool" name="test_max_pool_rejects_invalid_params[2d-ceil-mode-type-plain]" time="0.001" /><testcase classname="tests.ops.test_pool" name="test_max_pool_rejects_invalid_params[2d-ceil-mode-type-indices]" time="0.001" /><testcase classname="tests.ops.test_pool" name="test_max_pool_rejects_invalid_params[3d-zero-stride-plain]" time="0.001" /><testcase classname="tests.ops.test_pool" name="test_max_pool_rejects_invalid_params[3d-zero-stride-indices]" time="0.001" /><testcase classname="tests.ops.test_pool" name="test_max_pool_rejects_invalid_params[3d-padding-too-large-plain]" time="0.001" /><testcase classname="tests.ops.test_pool" name="test_max_pool_rejects_invalid_params[3d-padding-too-large-indices]" time="0.001" /><testcase classname="tests.ops.test_pool" name="test_max_pool_rejects_invalid_params[3d-ceil-mode-type-plain]" time="0.001" /><testcase classname="tests.ops.test_pool" name="test_max_pool_rejects_invalid_params[3d-ceil-mode-type-indices]" time="0.001" /><testcase classname="tests.ops.test_pool" name="test_max_pool_rejects_invalid_input[1d-cpu-input-plain]" time="0.001" /><testcase classname="tests.ops.test_pool" name="test_max_pool_rejects_invalid_input[1d-cpu-input-indices]" time="0.001" /><testcase classname="tests.ops.test_pool" name="test_max_pool_rejects_invalid_input[1d-unsupported-dtype-plain]" time="0.001" /><testcase classname="tests.ops.test_pool" name="test_max_pool_rejects_invalid_input[1d-unsupported-dtype-indices]" time="0.001" /><testcase classname="tests.ops.test_pool" name="test_max_pool_rejects_invalid_input[1d-non-positive-output-size-plain]" time="0.001" /><testcase classname="tests.ops.test_pool" name="test_max_pool_rejects_invalid_input[1d-non-positive-output-size-indices]" time="0.001" /><testcase classname="tests.ops.test_pool" name="test_max_pool_rejects_invalid_input[2d-cpu-input-plain]" time="0.001" /><testcase classname="tests.ops.test_pool" name="test_max_pool_rejects_invalid_input[2d-cpu-input-indices]" time="0.001" /><testcase classname="tests.ops.test_pool" name="test_max_pool_rejects_invalid_input[2d-unsupported-dtype-plain]" time="0.001" /><testcase classname="tests.ops.test_pool" name="test_max_pool_rejects_invalid_input[2d-unsupported-dtype-indices]" time="0.001" /><testcase classname="tests.ops.test_pool" name="test_max_pool_rejects_invalid_input[2d-non-positive-output-size-plain]" time="0.001" /><testcase classname="tests.ops.test_pool" name="test_max_pool_rejects_invalid_input[2d-non-positive-output-size-indices]" time="0.001" /><testcase classname="tests.ops.test_pool" name="test_max_pool_rejects_invalid_input[3d-cpu-input-plain]" time="0.001" /><testcase classname="tests.ops.test_pool" name="test_max_pool_rejects_invalid_input[3d-cpu-input-indices]" time="0.001" /><testcase classname="tests.ops.test_pool" name="test_max_pool_rejects_invalid_input[3d-unsupported-dtype-plain]" time="0.001" /><testcase classname="tests.ops.test_pool" name="test_max_pool_rejects_invalid_input[3d-unsupported-dtype-indices]" time="0.001" /><testcase classname="tests.ops.test_pool" name="test_max_pool_rejects_invalid_input[3d-non-positive-output-size-plain]" time="0.001" /><testcase classname="tests.ops.test_pool" name="test_max_pool_rejects_invalid_input[3d-non-positive-output-size-indices]" time="0.001" /><testcase classname="tests.ops.test_pool" name="test_pool_output_dim_with_dilation[7-3-2-1-2-False-3]" time="0.001" /><testcase classname="tests.ops.test_pool" name="test_pool_output_dim_with_dilation[7-3-2-1-1-True-4]" time="0.001" /><testcase classname="tests.ops.test_pool" name="test_pool_output_dim_with_dilation[55-3-2-0-1-True-27]" time="0.001" /><testcase classname="tests.ops.test_pool" name="test_pool_output_dim_with_dilation[56-2-2-0-1-False-28]" time="0.001" /><testcase classname="tests.ops.test_pool" name="test_pool_output_dim_with_dilation[56-3-2-1-1-False-default_matches_explicit]" time="0.001" /><testcase classname="tests.ops.test_pool" name="test_validate_pool_params_with_dilation[dilation1-False]" time="0.001" /><testcase classname="tests.ops.test_pool" name="test_adaptive_avg_pool2d[full-nondiv-fp16]" time="0.035"><properties><property name="op" value="AdaptiveAvgPool2dFwdOp" /><property name="op_module" value="tileops.ops.pool" /><property name="max_abs_err" value="0.00e+00" /></properties></testcase><testcase classname="tests.ops.test_pool" name="test_adaptive_avg_pool2d[full-partial-none-fp16]" time="0.033"><properties><property name="op" value="AdaptiveAvgPool2dFwdOp" /><property name="op_module" value="tileops.ops.pool" /><property name="max_abs_err" value="0.00e+00" /></properties></testcase><testcase classname="tests.ops.test_pool" name="test_adaptive_avg_pool2d[full-scalar-output-size-bf16]" time="0.033"><properties><property name="op" value="AdaptiveAvgPool2dFwdOp" /><property name="op_module" value="tileops.ops.pool" /><property name="max_abs_err" value="0.00e+00" /></properties></testcase><testcase classname="tests.ops.test_pool" name="test_adaptive_avg_pool2d[full-all-none-identity-fp16]" time="0.033"><properties><property name="op" value="AdaptiveAvgPool2dFwdOp" /><property name="op_module" value="tileops.ops.pool" /><property name="max_abs_err" value="0.00e+00" /></properties></testcase><testcase classname="tests.ops.test_pool" name="test_adaptive_max_pool2d[full-nondiv-fp16]" time="0.088"><properties><property name="op" value="AdaptiveMaxPool2dIndicesFwdOp" /><property name="op_module" value="tileops.ops.pool" /><property name="max_abs_err" value="0.00e+00" /></properties></testcase><testcase classname="tests.ops.test_pool" name="test_adaptive_max_pool2d[full-partial-none-fp16]" time="0.087"><properties><property name="op" value="AdaptiveMaxPool2dIndicesFwdOp" /><property name="op_module" value="tileops.ops.pool" /><property name="max_abs_err" value="0.00e+00" /></properties></testcase><testcase classname="tests.ops.test_reduce" name="test_sum_op[256-4096-dtype3]" time="0.058"><properties><property name="op" value="SumFwdOp" /><property name="op_module" value="tileops.ops.reduction.reduce" /><property name="max_abs_err" value="0.00e+00" /></properties></testcase><testcase classname="tests.ops.test_reduce" name="test_sum_op[256-4096-dtype4]" time="0.057"><properties><property name="op" value="SumFwdOp" /><property name="op_module" value="tileops.ops.reduction.reduce" /><property name="max_abs_err" value="0.00e+00" /></properties></testcase><testcase classname="tests.ops.test_reduce" name="test_sum_op[128-300-dtype5]" time="0.057"><properties><property name="op" value="SumFwdOp" /><property name="op_module" value="tileops.ops.reduction.reduce" /><property name="max_abs_err" value="0.00e+00" /></properties></testcase><testcase classname="tests.ops.test_reduce" name="test_sum_op[128-300-dtype6]" time="0.057"><properties><property name="op" value="SumFwdOp" /><property name="op_module" value="tileops.ops.reduction.reduce" /><property name="max_abs_err" value="0.00e+00" /></properties></testcase><testcase classname="tests.ops.test_reduce" name="test_sum_op[129-512-dtype7]" time="0.059"><properties><property name="op" value="SumFwdOp" /><property name="op_module" value="tileops.ops.reduction.reduce" /><property name="max_abs_err" value="0.00e+00" /></properties></testcase><testcase classname="tests.ops.test_reduce" name="test_sum_tiled[64-32769-dtype1]" time="0.080"><properties><property name="op" value="SumFwdOp" /><property name="op_module" value="tileops.ops.reduction.reduce" /><property name="max_abs_err" value="0.00e+00" /></properties></testcase><testcase classname="tests.ops.test_reduce" name="test_prod_tiled[64-32769-dtype1]" time="0.672"><properties><property name="op" value="ProdFwdOp" /><property name="op_module" value="tileops.ops.reduction.reduce" /><property name="max_abs_err" value="0.00e+00" /></properties></testcase><testcase classname="tests.ops.test_reduce" name="test_var_tiled[64-32769-dtype1]" time="0.426"><properties><property name="op" value="VarFwdOp" /><property name="op_module" value="tileops.ops.reduction.reduce" /><property name="max_abs_err" value="0.00e+00" /></properties></testcase><testcase classname="tests.ops.test_reduce" name="test_reduce_tiled_autotune[var]" time="3.029"><properties><property name="op" value="VarFwdOp" /><property name="op_module" value="tileops.ops.reduction.reduce" /><property name="max_abs_err" value="0.00e+00" /></properties></testcase><testcase classname="tests.ops.test_reduce" name="test_mean_op[256-4096-dtype3]" time="0.058"><properties><property name="op" value="MeanFwdOp" /><property name="op_module" value="tileops.ops.reduction.reduce" /><property name="max_abs_err" value="0.00e+00" /></properties></testcase><testcase classname="tests.ops.test_reduce" name="test_mean_op[256-4096-dtype4]" time="0.057"><properties><property name="op" value="MeanFwdOp" /><property name="op_module" value="tileops.ops.reduction.reduce" /><property name="max_abs_err" value="0.00e+00" /></properties></testcase><testcase classname="tests.ops.test_reduce" name="test_mean_op[128-300-dtype5]" time="0.057"><properties><property name="op" value="MeanFwdOp" /><property name="op_module" value="tileops.ops.reduction.reduce" /><property name="max_abs_err" value="0.00e+00" /></properties></testcase><testcase classname="tests.ops.test_reduce" name="test_mean_op[128-300-dtype6]" time="0.057"><properties><property name="op" value="MeanFwdOp" /><property name="op_module" value="tileops.ops.reduction.reduce" /><property name="max_abs_err" value="0.00e+00" /></properties></testcase><testcase classname="tests.ops.test_reduce" name="test_mean_op[129-512-dtype7]" time="0.058"><properties><property name="op" value="MeanFwdOp" /><property name="op_module" value="tileops.ops.reduction.reduce" /><property name="max_abs_err" value="0.00e+00" /></properties></testcase><testcase classname="tests.ops.test_reduce" name="test_amin_op[256-4096-dtype3]" time="0.058"><properties><property name="op" value="AminFwdOp" /><property name="op_module" value="tileops.ops.reduction.reduce" /><property name="max_abs_err" value="0.00e+00" /></properties></testcase><testcase classname="tests.ops.test_reduce" name="test_amin_op[256-4096-dtype4]" time="0.057"><properties><property name="op" value="AminFwdOp" /><property name="op_module" value="tileops.ops.reduction.reduce" /><property name="max_abs_err" value="0.00e+00" /></properties></testcase><testcase classname="tests.ops.test_reduce" name="test_amin_op[128-300-dtype5]" time="0.058"><properties><property name="op" value="AminFwdOp" /><property name="op_module" value="tileops.ops.reduction.reduce" /><property name="max_abs_err" value="0.00e+00" /></properties></testcase><testcase classname="tests.ops.test_reduce" name="test_amin_op[128-300-dtype6]" time="0.058"><properties><property name="op" value="AminFwdOp" /><property name="op_module" value="tileops.ops.reduction.reduce" /><property name="max_abs_err" value="0.00e+00" /></properties></testcase><testcase classname="tests.ops.test_reduce" name="test_amin_op[129-512-dtype7]" time="0.058"><properties><property name="op" value="AminFwdOp" /><property name="op_module" value="tileops.ops.reduction.reduce" /><property name="max_abs_err" value="0.00e+00" /></properties></testcase><testcase classname="tests.ops.test_reduce" name="test_amax_op[256-4096-dtype3]" time="0.057"><properties><property name="op" value="AmaxFwdOp" /><property name="op_module" value="tileops.ops.reduction.reduce" /><property name="max_abs_err" value="0.00e+00" /></properties></testcase><testcase classname="tests.ops.test_reduce" name="test_amax_op[256-4096-dtype4]" time="0.057"><properties><property name="op" value="AmaxFwdOp" /><property name="op_module" value="tileops.ops.reduction.reduce" /><property name="max_abs_err" value="0.00e+00" /></properties></testcase><testcase classname="tests.ops.test_reduce" name="test_amax_op[128-300-dtype5]" time="0.057"><properties><property name="op" value="AmaxFwdOp" /><property name="op_module" value="tileops.ops.reduction.reduce" /><property name="max_abs_err" value="0.00e+00" /></properties></testcase><testcase classname="tests.ops.test_reduce" name="test_amax_op[128-300-dtype6]" time="0.057"><properties><property name="op" value="AmaxFwdOp" /><property name="op_module" value="tileops.ops.reduction.reduce" /><property name="max_abs_err" value="0.00e+00" /></properties></testcase><testcase classname="tests.ops.test_reduce" name="test_amax_op[129-512-dtype7]" time="0.057"><properties><property name="op" value="AmaxFwdOp" /><property name="op_module" value="tileops.ops.reduction.reduce" /><property name="max_abs_err" value="0.00e+00" /></properties></testcase><testcase classname="tests.ops.test_reduce" name="test_prod_op[256-4096-dtype3]" time="0.071"><properties><property name="op" value="ProdFwdOp" /><property name="op_module" value="tileops.ops.reduction.reduce" /><property name="max_abs_err" value="0.00e+00" /></properties></testcase><testcase classname="tests.ops.test_reduce" name="test_prod_op[256-4096-dtype4]" time="0.070"><properties><property name="op" value="ProdFwdOp" /><property name="op_module" value="tileops.ops.reduction.reduce" /><property name="max_abs_err" value="0.00e+00" /></properties></testcase><testcase classname="tests.ops.test_reduce" name="test_prod_op[128-300-dtype5]" time="0.070"><properties><property name="op" value="ProdFwdOp" /><property name="op_module" value="tileops.ops.reduction.reduce" /><property name="max_abs_err" value="0.00e+00" /></properties></testcase><testcase classname="tests.ops.test_reduce" name="test_prod_op[128-300-dtype6]" time="0.071"><properties><property name="op" value="ProdFwdOp" /><property name="op_module" value="tileops.ops.reduction.reduce" /><property name="max_abs_err" value="0.00e+00" /></properties></testcase><testcase classname="tests.ops.test_reduce" name="test_prod_op[129-512-dtype7]" time="0.070"><properties><property name="op" value="ProdFwdOp" /><property name="op_module" value="tileops.ops.reduction.reduce" /><property name="max_abs_err" value="0.00e+00" /></properties></testcase><testcase classname="tests.ops.test_reduce" name="test_std_op[256-4096-dtype3]" time="0.099"><properties><property name="op" value="StdFwdOp" /><property name="op_module" value="tileops.ops.reduction.reduce" /><property name="max_abs_err" value="0.00e+00" /></properties></testcase><testcase classname="tests.ops.test_reduce" name="test_std_op[256-4096-dtype4]" time="0.099"><properties><property name="op" value="StdFwdOp" /><property name="op_module" value="tileops.ops.reduction.reduce" /><property name="max_abs_err" value="0.00e+00" /></properties></testcase><testcase classname="tests.ops.test_reduce" name="test_std_op[128-300-dtype5]" time="0.100"><properties><property name="op" value="StdFwdOp" /><property name="op_module" value="tileops.ops.reduction.reduce" /><property name="max_abs_err" value="0.00e+00" /></properties></testcase><testcase classname="tests.ops.test_reduce" name="test_std_op[128-300-dtype6]" time="0.099"><properties><property name="op" value="StdFwdOp" /><property name="op_module" value="tileops.ops.reduction.reduce" /><property name="max_abs_err" value="0.00e+00" /></properties></testcase><testcase classname="tests.ops.test_reduce" name="test_std_op[129-512-dtype7]" time="0.099"><properties><property name="op" value="StdFwdOp" /><property name="op_module" value="tileops.ops.reduction.reduce" /><property name="max_abs_err" value="0.00e+00" /></properties></testcase><testcase classname="tests.ops.test_reduce" name="test_std_bessel[128-512-dtype2-1]" time="0.099"><properties><property name="op" value="StdFwdOp" /><property name="op_module" value="tileops.ops.reduction.reduce" /><property name="max_abs_err" value="0.00e+00" /></properties></testcase><testcase classname="tests.ops.test_reduce" name="test_std_bessel[128-512-dtype3-1]" time="0.099"><properties><property name="op" value="StdFwdOp" /><property name="op_module" value="tileops.ops.reduction.reduce" /><property name="max_abs_err" value="0.00e+00" /></properties></testcase><testcase classname="tests.ops.test_reduce" name="test_var_op[256-4096-dtype3]" time="0.099"><properties><property name="op" value="VarFwdOp" /><property name="op_module" value="tileops.ops.reduction.reduce" /><property name="max_abs_err" value="0.00e+00" /></properties></testcase><testcase classname="tests.ops.test_reduce" name="test_var_op[256-4096-dtype4]" time="0.099"><properties><property name="op" value="VarFwdOp" /><property name="op_module" value="tileops.ops.reduction.reduce" /><property name="max_abs_err" value="0.00e+00" /></properties></testcase><testcase classname="tests.ops.test_reduce" name="test_var_op[128-300-dtype5]" time="0.099"><properties><property name="op" value="VarFwdOp" /><property name="op_module" value="tileops.ops.reduction.reduce" /><property name="max_abs_err" value="0.00e+00" /></properties></testcase><testcase classname="tests.ops.test_reduce" name="test_var_op[128-300-dtype6]" time="0.099"><properties><property name="op" value="VarFwdOp" /><property name="op_module" value="tileops.ops.reduction.reduce" /><property name="max_abs_err" value="0.00e+00" /></properties></testcase><testcase classname="tests.ops.test_reduce" name="test_var_op[129-512-dtype7]" time="0.100"><properties><property name="op" value="VarFwdOp" /><property name="op_module" value="tileops.ops.reduction.reduce" /><property name="max_abs_err" value="0.00e+00" /></properties></testcase><testcase classname="tests.ops.test_reduce" name="test_var_bessel[128-512-dtype2-1]" time="0.100"><properties><property name="op" value="VarFwdOp" /><property name="op_module" value="tileops.ops.reduction.reduce" /><property name="max_abs_err" value="0.00e+00" /></properties></testcase><testcase classname="tests.ops.test_reduce" name="test_var_bessel[128-512-dtype3-1]" time="0.100"><properties><property name="op" value="VarFwdOp" /><property name="op_module" value="tileops.ops.reduction.reduce" /><property name="max_abs_err" value="0.00e+00" /></properties></testcase><testcase classname="tests.ops.test_reduce" name="test_var_mean_op[256-4096-dtype3]" time="0.100"><properties><property name="op" value="VarMeanFwdOp" /><property name="op_module" value="tileops.ops.reduction.reduce" /><property name="max_abs_err" value="0.00e+00" /></properties></testcase><testcase classname="tests.ops.test_reduce" name="test_var_mean_op[256-4096-dtype4]" time="0.100"><properties><property name="op" value="VarMeanFwdOp" /><property name="op_module" value="tileops.ops.reduction.reduce" /><property name="max_abs_err" value="0.00e+00" /></properties></testcase><testcase classname="tests.ops.test_reduce" name="test_var_mean_op[128-300-dtype5]" time="0.100"><properties><property name="op" value="VarMeanFwdOp" /><property name="op_module" value="tileops.ops.reduction.reduce" /><property name="max_abs_err" value="0.00e+00" /></properties></testcase><testcase classname="tests.ops.test_reduce" name="test_var_mean_op[128-300-dtype6]" time="0.100"><properties><property name="op" value="VarMeanFwdOp" /><property name="op_module" value="tileops.ops.reduction.reduce" /><property name="max_abs_err" value="0.00e+00" /></properties></testcase><testcase classname="tests.ops.test_reduce" name="test_var_mean_op[129-512-dtype7]" time="0.100"><properties><property name="op" value="VarMeanFwdOp" /><property name="op_module" value="tileops.ops.reduction.reduce" /><property name="max_abs_err" value="0.00e+00" /></properties></testcase><testcase classname="tests.ops.test_reduce" name="test_var_mean_bessel[128-512-dtype2-1]" time="0.100"><properties><property name="op" value="VarMeanFwdOp" /><property name="op_module" value="tileops.ops.reduction.reduce" /><property name="max_abs_err" value="0.00e+00" /></properties></testcase><testcase classname="tests.ops.test_reduce" name="test_var_mean_bessel[128-512-dtype3-1]" time="0.100"><properties><property name="op" value="VarMeanFwdOp" /><property name="op_module" value="tileops.ops.reduction.reduce" /><property name="max_abs_err" value="0.00e+00" /></properties></testcase><testcase classname="tests.ops.test_reduce" name="test_sum_spec_basic[256-4096-dtype3]" time="0.001" /><testcase classname="tests.ops.test_reduce" name="test_sum_spec_basic[256-4096-dtype4]" time="0.001" /><testcase classname="tests.ops.test_reduce" name="test_sum_spec_basic[128-300-dtype5]" time="0.001" /><testcase classname="tests.ops.test_reduce" name="test_sum_spec_basic[128-300-dtype6]" time="0.001" /><testcase classname="tests.ops.test_reduce" name="test_sum_spec_basic[129-512-dtype7]" time="0.001" /><testcase classname="tests.ops.test_reduce" name="test_sum_spec_dim[shape2--1-True-dtype2]" time="0.056" /><testcase classname="tests.ops.test_reduce" name="test_sum_spec_dim[shape3-0-False-dtype3]" time="0.056" /><testcase classname="tests.ops.test_reduce" name="test_sum_spec_dim[shape4-1-False-dtype4]" time="0.056" /><testcase classname="tests.ops.test_reduce" name="test_sum_spec_dim[shape5--1-True-dtype5]" time="0.056" /><testcase classname="tests.ops.test_reduce" name="test_sum_spec_keepdim[shape2--1-True-dtype2]" time="0.001" /><testcase classname="tests.ops.test_reduce" name="test_sum_spec_keepdim[shape3-0-False-dtype3]" time="0.001" /><testcase classname="tests.ops.test_reduce" name="test_sum_spec_keepdim[shape4-1-False-dtype4]" time="0.001" /><testcase classname="tests.ops.test_reduce" name="test_sum_spec_keepdim[shape5--1-True-dtype5]" time="0.001" /><testcase classname="tests.ops.test_reduce" name="test_mean_spec_dim[shape2--1-True-dtype2]" time="0.056" /><testcase classname="tests.ops.test_reduce" name="test_mean_spec_dim[shape3-0-False-dtype3]" time="0.251" /><testcase classname="tests.ops.test_reduce" name="test_mean_spec_dim[shape4-1-False-dtype4]" time="0.056" /><testcase classname="tests.ops.test_reduce" name="test_mean_spec_dim[shape5--1-True-dtype5]" time="0.056" /><testcase classname="tests.ops.test_reduce" name="test_amax_spec_dim[shape2--1-True-dtype2]" time="0.056" /><testcase classname="tests.ops.test_reduce" name="test_amax_spec_dim[shape3-0-False-dtype3]" time="0.056" /><testcase classname="tests.ops.test_reduce" name="test_amax_spec_dim[shape4-1-False-dtype4]" time="0.056" /><testcase classname="tests.ops.test_reduce" name="test_amax_spec_dim[shape5--1-True-dtype5]" time="0.056" /><testcase classname="tests.ops.test_reduce" name="test_amin_spec_dim[shape2--1-True-dtype2]" time="0.056" /><testcase classname="tests.ops.test_reduce" name="test_amin_spec_dim[shape3-0-False-dtype3]" time="0.056" /><testcase classname="tests.ops.test_reduce" name="test_amin_spec_dim[shape4-1-False-dtype4]" time="0.056" /><testcase classname="tests.ops.test_reduce" name="test_amin_spec_dim[shape5--1-True-dtype5]" time="0.056" /><testcase classname="tests.ops.test_reduce" name="test_prod_spec_dim[shape2--1-True-dtype2]" time="0.072" /><testcase classname="tests.ops.test_reduce" name="test_prod_spec_dim[shape3-0-False-dtype3]" time="0.963" /><testcase classname="tests.ops.test_reduce" name="test_prod_spec_dim[shape4-1-False-dtype4]" time="0.072" /><testcase classname="tests.ops.test_reduce" name="test_prod_spec_dim[shape5--1-True-dtype5]" time="0.072" /><testcase classname="tests.ops.test_reduce" name="test_var_spec_dim[shape2--1-True-dtype2]" time="0.002" /><testcase classname="tests.ops.test_reduce" name="test_var_spec_dim[shape3-0-False-dtype3]" time="0.099" /><testcase classname="tests.ops.test_reduce" name="test_var_spec_dim[shape4-1-False-dtype4]" time="0.098" /><testcase classname="tests.ops.test_reduce" name="test_var_spec_dim[shape5--1-True-dtype5]" time="0.001" /><testcase classname="tests.ops.test_reduce" name="test_std_spec_dim[shape2--1-True-dtype2]" time="0.002" /><testcase classname="tests.ops.test_reduce" name="test_std_spec_dim[shape3-0-False-dtype3]" time="0.102" /><testcase classname="tests.ops.test_reduce" name="test_std_spec_dim[shape4-1-False-dtype4]" time="0.098" /><testcase classname="tests.ops.test_reduce" name="test_std_spec_dim[shape5--1-True-dtype5]" time="0.001" /><testcase classname="tests.ops.test_reduce" name="test_var_mean_spec_dim[shape2--1-True-dtype2]" time="0.002" /><testcase classname="tests.ops.test_reduce" name="test_var_mean_spec_dim[shape3-0-False-dtype3]" time="0.096" /><testcase classname="tests.ops.test_reduce" name="test_var_mean_spec_dim[shape4-1-False-dtype4]" time="0.096" /><testcase classname="tests.ops.test_reduce" name="test_var_mean_spec_dim[shape5--1-True-dtype5]" time="0.002" /><testcase classname="tests.ops.test_reduce_dim_none" name="test_sum_dim_none[shape3-False-dtype3]" time="0.056" /><testcase classname="tests.ops.test_reduce_dim_none" name="test_sum_dim_none[shape4-True-dtype4]" time="0.055" /><testcase classname="tests.ops.test_reduce_dim_none" name="test_mean_dim_none[shape3-False-dtype3]" time="0.056" /><testcase classname="tests.ops.test_reduce_dim_none" name="test_mean_dim_none[shape4-True-dtype4]" time="0.055" /><testcase classname="tests.ops.test_reduce_dim_none" name="test_amax_dim_none[shape3-False-dtype3]" time="0.055" /><testcase classname="tests.ops.test_reduce_dim_none" name="test_amax_dim_none[shape4-True-dtype4]" time="0.055" /><testcase classname="tests.ops.test_reduce_dim_none" name="test_amin_dim_none[shape3-False-dtype3]" time="0.056" /><testcase classname="tests.ops.test_reduce_dim_none" name="test_amin_dim_none[shape4-True-dtype4]" time="0.055" /><testcase classname="tests.ops.test_reduce_dim_none" name="test_var_dim_none[shape3-False-dtype3]" time="0.097" /><testcase classname="tests.ops.test_reduce_dim_none" name="test_var_dim_none[shape4-True-dtype4]" time="0.096" /><testcase classname="tests.ops.test_reduce_dim_none" name="test_std_dim_none[shape3-False-dtype3]" time="0.097" /><testcase classname="tests.ops.test_reduce_dim_none" name="test_std_dim_none[shape4-True-dtype4]" time="0.097" /><testcase classname="tests.ops.test_reduce_dim_none" name="test_var_mean_dim_none[shape3-False-dtype3]" time="0.099" /><testcase classname="tests.ops.test_reduce_dim_none" name="test_var_mean_dim_none[shape4-True-dtype4]" time="0.096" /><testcase classname="tests.ops.test_reduce_dim_none" name="test_all_dim_none[shape4-True-dtype4]" time="0.057" /><testcase classname="tests.ops.test_reduce_dim_none" name="test_any_dim_none[shape4-True-dtype4]" time="0.057" /><testcase classname="tests.ops.test_reduce_dim_none" name="test_l1_norm_dim_none[shape3-False-dtype3]" time="0.062" /><testcase classname="tests.ops.test_reduce_dim_none" name="test_l1_norm_dim_none[shape4-True-dtype4]" time="0.062" /><testcase classname="tests.ops.test_reduce_dim_none" name="test_l2_norm_dim_none[shape3-False-dtype3]" time="0.063" /><testcase classname="tests.ops.test_reduce_dim_none" name="test_l2_norm_dim_none[shape4-True-dtype4]" time="0.061" /><testcase classname="tests.ops.test_reduce_dim_none" name="test_inf_norm_dim_none[shape3-False-dtype3]" time="0.063" /><testcase classname="tests.ops.test_reduce_dim_none" name="test_inf_norm_dim_none[shape4-True-dtype4]" time="0.062" /><testcase classname="tests.ops.test_reduce_multidim" name="test_sum_multidim[shape2-dims2-True-dtype2]" time="0.055" /><testcase classname="tests.ops.test_reduce_multidim" name="test_sum_multidim[shape3-dims3-False-dtype3]" time="0.055" /><testcase classname="tests.ops.test_reduce_multidim" name="test_sum_multidim[shape4-dims4-False-dtype4]" time="0.056" /><testcase classname="tests.ops.test_reduce_multidim" name="test_mean_multidim[shape2-dims2-True-dtype2]" time="0.055" /><testcase classname="tests.ops.test_reduce_multidim" name="test_mean_multidim[shape3-dims3-False-dtype3]" time="0.056" /><testcase classname="tests.ops.test_reduce_multidim" name="test_mean_multidim[shape4-dims4-False-dtype4]" time="0.056" /><testcase classname="tests.ops.test_reduce_multidim" name="test_amax_multidim[shape2-dims2-True-dtype2]" time="0.055" /><testcase classname="tests.ops.test_reduce_multidim" name="test_amax_multidim[shape3-dims3-False-dtype3]" time="0.055" /><testcase classname="tests.ops.test_reduce_multidim" name="test_amax_multidim[shape4-dims4-False-dtype4]" time="0.056" /><testcase classname="tests.ops.test_reduce_multidim" name="test_amin_multidim[shape2-dims2-True-dtype2]" time="0.055" /><testcase classname="tests.ops.test_reduce_multidim" name="test_amin_multidim[shape3-dims3-False-dtype3]" time="0.056" /><testcase classname="tests.ops.test_reduce_multidim" name="test_amin_multidim[shape4-dims4-False-dtype4]" time="0.313" /><testcase classname="tests.ops.test_reduce_multidim" name="test_var_multidim[shape2-dims2-True-dtype2]" time="0.098" /><testcase classname="tests.ops.test_reduce_multidim" name="test_var_multidim[shape3-dims3-False-dtype3]" time="0.099" /><testcase classname="tests.ops.test_reduce_multidim" name="test_var_multidim[shape4-dims4-False-dtype4]" time="0.098" /><testcase classname="tests.ops.test_reduce_multidim" name="test_std_multidim[shape2-dims2-True-dtype2]" time="0.098" /><testcase classname="tests.ops.test_reduce_multidim" name="test_std_multidim[shape3-dims3-False-dtype3]" time="0.098" /><testcase classname="tests.ops.test_reduce_multidim" name="test_std_multidim[shape4-dims4-False-dtype4]" time="0.098" /><testcase classname="tests.ops.test_reduce_multidim" name="test_var_mean_multidim[shape2-dims2-True-dtype2]" time="0.096" /><testcase classname="tests.ops.test_reduce_multidim" name="test_var_mean_multidim[shape3-dims3-False-dtype3]" time="0.096" /><testcase classname="tests.ops.test_reduce_multidim" name="test_var_mean_multidim[shape4-dims4-False-dtype4]" time="0.096" /><testcase classname="tests.ops.test_reduce_multidim" name="test_logsumexp_multidim[shape2-dims2-True-dtype2]" time="0.066" /><testcase classname="tests.ops.test_reduce_multidim" name="test_logsumexp_multidim[shape3-dims3-False-dtype3]" time="0.065" /><testcase classname="tests.ops.test_reduce_multidim" name="test_logsumexp_multidim[shape4-dims4-False-dtype4]" time="0.066" /><testcase classname="tests.ops.test_reduce_multidim" name="test_all_multidim[shape3-dims3-True-dtype3]" time="0.057" /><testcase classname="tests.ops.test_reduce_multidim" name="test_any_multidim[shape3-dims3-True-dtype3]" time="0.057" /><testcase classname="tests.ops.test_reduce_multidim" name="test_l1_norm_multidim[shape2-dims2-True-dtype2]" time="0.062" /><testcase classname="tests.ops.test_reduce_multidim" name="test_l1_norm_multidim[shape3-dims3-False-dtype3]" time="0.063" /><testcase classname="tests.ops.test_reduce_multidim" name="test_l1_norm_multidim[shape4-dims4-False-dtype4]" time="0.062" /><testcase classname="tests.ops.test_reduce_multidim" name="test_l2_norm_multidim[shape2-dims2-True-dtype2]" time="0.062" /><testcase classname="tests.ops.test_reduce_multidim" name="test_l2_norm_multidim[shape3-dims3-False-dtype3]" time="0.063" /><testcase classname="tests.ops.test_reduce_multidim" name="test_l2_norm_multidim[shape4-dims4-False-dtype4]" time="0.062" /><testcase classname="tests.ops.test_reduce_multidim" name="test_inf_norm_multidim[shape2-dims2-True-dtype2]" time="0.063" /><testcase classname="tests.ops.test_reduce_multidim" name="test_inf_norm_multidim[shape3-dims3-False-dtype3]" time="0.067" /><testcase classname="tests.ops.test_reduce_multidim" name="test_inf_norm_multidim[shape4-dims4-False-dtype4]" time="0.063" /><testcase classname="tests.ops.test_rms_norm" name="test_rms_norm_op[4096-4096-dtype2-False]" time="0.046"><properties><property name="op" value="RMSNormFwdOp" /><property name="op_module" value="tileops.ops.norm.rms_norm" /><property name="max_abs_err" value="3.91e-03" /></properties></testcase><testcase classname="tests.ops.test_rms_norm" name="test_rms_norm_op[4096-4096-dtype3-False]" time="0.046"><properties><property name="op" value="RMSNormFwdOp" /><property name="op_module" value="tileops.ops.norm.rms_norm" /><property name="max_abs_err" value="1.56e-02" /></properties></testcase><testcase classname="tests.ops.test_rms_norm" name="test_rms_norm_op[8192-8192-dtype4-False]" time="0.047"><properties><property name="op" value="RMSNormFwdOp" /><property name="op_module" value="tileops.ops.norm.rms_norm" /><property name="max_abs_err" value="7.81e-03" /></properties></testcase><testcase classname="tests.ops.test_rms_norm" name="test_rms_norm_op[8192-8192-dtype5-False]" time="0.047"><properties><property name="op" value="RMSNormFwdOp" /><property name="op_module" value="tileops.ops.norm.rms_norm" /><property name="max_abs_err" value="3.12e-02" /></properties></testcase><testcase classname="tests.ops.test_rms_norm" name="test_rms_norm_op[1024-3000-dtype6-False]" time="0.046"><properties><property name="op" value="RMSNormFwdOp" /><property name="op_module" value="tileops.ops.norm.rms_norm" /><property name="max_abs_err" value="3.91e-03" /></properties></testcase><testcase classname="tests.ops.test_rms_norm" name="test_rms_norm_op[1024-3000-dtype7-False]" time="0.046"><properties><property name="op" value="RMSNormFwdOp" /><property name="op_module" value="tileops.ops.norm.rms_norm" /><property name="max_abs_err" value="1.56e-02" /></properties></testcase><testcase classname="tests.ops.test_rms_norm" name="test_rms_norm_op[2048-5120-dtype8-False]" time="0.046"><properties><property name="op" value="RMSNormFwdOp" /><property name="op_module" value="tileops.ops.norm.rms_norm" /><property name="max_abs_err" value="3.91e-03" /></properties></testcase><testcase classname="tests.ops.test_rms_norm" name="test_rms_norm_op[2048-5120-dtype9-False]" time="0.046"><properties><property name="op" value="RMSNormFwdOp" /><property name="op_module" value="tileops.ops.norm.rms_norm" /><property name="max_abs_err" value="1.56e-02" /></properties></testcase><testcase classname="tests.ops.test_rms_norm" name="test_rms_norm_op[1025-4096-dtype10-False]" time="0.046"><properties><property name="op" value="RMSNormFwdOp" /><property name="op_module" value="tileops.ops.norm.rms_norm" /><property name="max_abs_err" value="3.91e-03" /></properties></testcase><testcase classname="tests.ops.test_rms_norm" name="test_rms_norm_op[1025-4096-dtype11-False]" time="0.047"><properties><property name="op" value="RMSNormFwdOp" /><property name="op_module" value="tileops.ops.norm.rms_norm" /><property name="max_abs_err" value="1.56e-02" /></properties></testcase><testcase classname="tests.ops.test_rope" name="test_rope_neox_1d[1-256-4-128-dtype3]" time="0.025"><properties><property name="op" value="RopeNeoxOp" /><property name="op_module" value="tileops.ops.rope" /><property name="max_abs_err" value="1.95e-03" /></properties></testcase><testcase classname="tests.ops.test_rope" name="test_rope_neox_2d[1-256-4-128-dtype3]" time="0.028"><properties><property name="op" value="RopeNeoxOp" /><property name="op_module" value="tileops.ops.rope" /><property name="max_abs_err" value="1.95e-03" /></properties></testcase><testcase classname="tests.ops.test_rope" name="test_rope_non_neox_1d[1-256-4-128-dtype3]" time="0.024"><properties><property name="op" value="RopeNonNeoxOp" /><property name="op_module" value="tileops.ops.rope" /><property name="max_abs_err" value="1.95e-03" /></properties></testcase><testcase classname="tests.ops.test_rope" name="test_rope_non_neox_2d[1-256-4-128-dtype3]" time="0.026"><properties><property name="op" value="RopeNonNeoxOp" /><property name="op_module" value="tileops.ops.rope" /><property name="max_abs_err" value="3.91e-03" /></properties></testcase><testcase classname="tests.ops.test_rope" name="test_rope_llama31_1d[1-256-4-128-dtype3]" time="0.005"><properties><property name="op" value="RopeLlama31Op" /><property name="op_module" value="tileops.ops.rope" /><property name="max_abs_err" value="1.95e-03" /></properties></testcase><testcase classname="tests.ops.test_rope" name="test_rope_llama31_2d[1-256-4-128-dtype3]" time="0.005"><properties><property name="op" value="RopeLlama31Op" /><property name="op_module" value="tileops.ops.rope" /><property name="max_abs_err" value="1.95e-03" /></properties></testcase><testcase classname="tests.ops.test_rope" name="test_rope_yarn_1d[1-256-4-128-dtype3]" time="0.003"><properties><property name="op" value="RopeYarnOp" /><property name="op_module" value="tileops.ops.rope" /><property name="max_abs_err" value="1.95e-03" /></properties></testcase><testcase classname="tests.ops.test_rope" name="test_rope_yarn_2d[1-256-4-128-dtype3]" time="0.003"><properties><property name="op" value="RopeYarnOp" /><property name="op_module" value="tileops.ops.rope" /><property name="max_abs_err" value="1.95e-03" /></properties></testcase><testcase classname="tests.ops.test_rope" name="test_rope_longrope_1d[1-256-4-128-dtype3]" time="0.003"><properties><property name="op" value="RopeLongRopeOp" /><property name="op_module" value="tileops.ops.rope" /><property name="max_abs_err" value="1.95e-03" /></properties></testcase><testcase classname="tests.ops.test_rope" name="test_rope_longrope_2d[1-256-4-128-dtype3]" time="0.002"><properties><property name="op" value="RopeLongRopeOp" /><property name="op_module" value="tileops.ops.rope" /><property name="max_abs_err" value="3.91e-03" /></properties></testcase><testcase classname="tests.ops.test_rope" name="test_rope_neox_edge[2-512-8-64-dtype2]" time="0.028"><properties><property name="op" value="RopeNeoxOp" /><property name="op_module" value="tileops.ops.rope" /><property name="max_abs_err" value="3.91e-03" /></properties></testcase><testcase classname="tests.ops.test_rope" name="test_rope_non_neox_edge[2-512-8-64-dtype2]" time="0.026"><properties><property name="op" value="RopeNonNeoxOp" /><property name="op_module" value="tileops.ops.rope" /><property name="max_abs_err" value="3.91e-03" /></properties></testcase><testcase classname="tests.ops.test_softmax" name="test_softmax_op[shape3--1-dtype3-True]" time="0.073"><properties><property name="op" value="SoftmaxFwdOp" /><property name="op_module" value="tileops.ops.reduction.softmax" /><property name="max_abs_err" value="7.63e-06" /></properties></testcase><testcase classname="tests.ops.test_softmax" name="test_softmax_op[shape4--1-dtype4-False]" time="0.074"><properties><property name="op" value="SoftmaxFwdOp" /><property name="op_module" value="tileops.ops.reduction.softmax" /><property name="max_abs_err" value="3.73e-09" /></properties></testcase><testcase classname="tests.ops.test_softmax" name="test_softmax_op[shape5--1-dtype5-False]" time="0.074"><properties><property name="op" value="SoftmaxFwdOp" /><property name="op_module" value="tileops.ops.reduction.softmax" /><property name="max_abs_err" value="3.81e-06" /></properties></testcase><testcase classname="tests.ops.test_softmax" name="test_softmax_op[shape6--1-dtype6-False]" time="0.127"><properties><property name="op" value="SoftmaxFwdOp" /><property name="op_module" value="tileops.ops.reduction.softmax" /><property name="max_abs_err" value="0.00e+00" /></properties></testcase><testcase classname="tests.ops.test_softmax" name="test_softmax_op[shape7--1-dtype7-False]" time="0.074"><properties><property name="op" value="SoftmaxFwdOp" /><property name="op_module" value="tileops.ops.reduction.softmax" /><property name="max_abs_err" value="7.45e-09" /></properties></testcase><testcase classname="tests.ops.test_softmax" name="test_softmax_op[shape8--1-dtype8-False]" time="0.074"><properties><property name="op" value="SoftmaxFwdOp" /><property name="op_module" value="tileops.ops.reduction.softmax" /><property name="max_abs_err" value="7.63e-06" /></properties></testcase><testcase classname="tests.ops.test_softmax" name="test_softmax_op[shape9--1-dtype9-False]" time="0.074"><properties><property name="op" value="SoftmaxFwdOp" /><property name="op_module" value="tileops.ops.reduction.softmax" /><property name="max_abs_err" value="0.00e+00" /></properties></testcase><testcase classname="tests.ops.test_softmax" name="test_softmax_op[shape10--1-dtype10-False]" time="0.074"><properties><property name="op" value="SoftmaxFwdOp" /><property name="op_module" value="tileops.ops.reduction.softmax" /><property name="max_abs_err" value="7.45e-09" /></properties></testcase><testcase classname="tests.ops.test_softmax" name="test_softmax_op[shape11--1-dtype11-False]" time="0.051"><properties><property name="op" value="SoftmaxFwdOp" /><property name="op_module" value="tileops.ops.reduction.softmax" /><property name="max_abs_err" value="7.63e-06" /></properties></testcase><testcase classname="tests.ops.test_softmax" name="test_softmax_op[shape12--1-dtype12-False]" time="0.074"><properties><property name="op" value="SoftmaxFwdOp" /><property name="op_module" value="tileops.ops.reduction.softmax" /><property name="max_abs_err" value="0.00e+00" /></properties></testcase><testcase classname="tests.ops.test_softmax" name="test_softmax_op[shape13--1-dtype13-False]" time="0.074"><properties><property name="op" value="SoftmaxFwdOp" /><property name="op_module" value="tileops.ops.reduction.softmax" /><property name="max_abs_err" value="7.45e-09" /></properties></testcase><testcase classname="tests.ops.test_softmax" name="test_softmax_op[shape14--1-dtype14-False]" time="0.075"><properties><property name="op" value="SoftmaxFwdOp" /><property name="op_module" value="tileops.ops.reduction.softmax" /><property name="max_abs_err" value="7.63e-06" /></properties></testcase><testcase classname="tests.ops.test_softmax" name="test_softmax_op[shape15--1-dtype15-False]" time="0.075"><properties><property name="op" value="SoftmaxFwdOp" /><property name="op_module" value="tileops.ops.reduction.softmax" /><property name="max_abs_err" value="0.00e+00" /></properties></testcase><testcase classname="tests.ops.test_softmax" name="test_softmax_op[shape16--1-dtype16-False]" time="0.120"><properties><property name="op" value="SoftmaxFwdOp" /><property name="op_module" value="tileops.ops.reduction.softmax" /><property name="max_abs_err" value="0.00e+00" /></properties></testcase><testcase classname="tests.ops.test_softmax" name="test_softmax_op[shape17--1-dtype17-False]" time="0.119"><properties><property name="op" value="SoftmaxFwdOp" /><property name="op_module" value="tileops.ops.reduction.softmax" /><property name="max_abs_err" value="0.00e+00" /></properties></testcase><testcase classname="tests.ops.test_softmax" name="test_softmax_op[shape18--1-dtype18-False]" time="0.074"><properties><property name="op" value="SoftmaxFwdOp" /><property name="op_module" value="tileops.ops.reduction.softmax" /><property name="max_abs_err" value="5.59e-09" /></properties></testcase><testcase classname="tests.ops.test_softmax" name="test_softmax_op[shape19--1-dtype19-False]" time="0.381"><properties><property name="op" value="SoftmaxFwdOp" /><property name="op_module" value="tileops.ops.reduction.softmax" /><property name="max_abs_err" value="1.19e-07" /></properties></testcase><testcase classname="tests.ops.test_softmax" name="test_softmax_op[shape20--1-dtype20-False]" time="0.120"><properties><property name="op" value="SoftmaxFwdOp" /><property name="op_module" value="tileops.ops.reduction.softmax" /><property name="max_abs_err" value="2.38e-07" /></properties></testcase><testcase classname="tests.ops.test_softmax" name="test_softmax_op[shape21-0-dtype21-False]" time="0.002"><properties><property name="op" value="SoftmaxFwdOp" /><property name="op_module" value="tileops.ops.reduction.softmax" /><property name="max_abs_err" value="7.45e-09" /></properties></testcase><testcase classname="tests.ops.test_softmax" name="test_softmax_op[shape22-0-dtype22-False]" time="0.002"><properties><property name="op" value="SoftmaxFwdOp" /><property name="op_module" value="tileops.ops.reduction.softmax" /><property name="max_abs_err" value="0.00e+00" /></properties></testcase><testcase classname="tests.ops.test_softmax" name="test_softmax_op[shape23-0-dtype23-False]" time="0.002"><properties><property name="op" value="SoftmaxFwdOp" /><property name="op_module" value="tileops.ops.reduction.softmax" /><property name="max_abs_err" value="0.00e+00" /></properties></testcase><testcase classname="tests.ops.test_softmax" name="test_softmax_op[shape24-1-dtype24-False]" time="0.002"><properties><property name="op" value="SoftmaxFwdOp" /><property name="op_module" value="tileops.ops.reduction.softmax" /><property name="max_abs_err" value="7.45e-09" /></properties></testcase><testcase classname="tests.ops.test_softmax" name="test_softmax_op[shape25-1-dtype25-False]" time="0.002"><properties><property name="op" value="SoftmaxFwdOp" /><property name="op_module" value="tileops.ops.reduction.softmax" /><property name="max_abs_err" value="0.00e+00" /></properties></testcase><testcase classname="tests.ops.test_softmax" name="test_softmax_op[shape26-1-dtype26-False]" time="0.002"><properties><property name="op" value="SoftmaxFwdOp" /><property name="op_module" value="tileops.ops.reduction.softmax" /><property name="max_abs_err" value="0.00e+00" /></properties></testcase><testcase classname="tests.ops.test_softmax" name="test_softmax_non_contiguous[shape3-dtype3]" time="0.001" /><testcase classname="tests.ops.test_softmax" name="test_softmax_non_contiguous[shape4-dtype4]" time="0.001" /><testcase classname="tests.ops.test_softmax" name="test_softmax_non_contiguous[shape5-dtype5]" time="0.001" /><testcase classname="tests.ops.test_softmax" name="test_softmax_1d[300-dtype3]" time="0.071" /><testcase classname="tests.ops.test_softmax" name="test_softmax_1d[300-dtype4]" time="0.071" /><testcase classname="tests.ops.test_softmax" name="test_softmax_1d[300-dtype5]" time="0.071" /><testcase classname="tests.ops.test_softmax" name="test_log_softmax_op[shape3--1-dtype3-True]" time="0.077"><properties><property name="op" value="LogSoftmaxFwdOp" /><property name="op_module" value="tileops.ops.reduction.softmax" /><property name="max_abs_err" value="0.00e+00" /></properties></testcase><testcase classname="tests.ops.test_softmax" name="test_log_softmax_op[shape4--1-dtype4-False]" time="0.078"><properties><property name="op" value="LogSoftmaxFwdOp" /><property name="op_module" value="tileops.ops.reduction.softmax" /><property name="max_abs_err" value="9.54e-07" /></properties></testcase><testcase classname="tests.ops.test_softmax" name="test_log_softmax_op[shape5--1-dtype5-False]" time="0.079"><properties><property name="op" value="LogSoftmaxFwdOp" /><property name="op_module" value="tileops.ops.reduction.softmax" /><property name="max_abs_err" value="0.00e+00" /></properties></testcase><testcase classname="tests.ops.test_softmax" name="test_log_softmax_op[shape6--1-dtype6-False]" time="0.079"><properties><property name="op" value="LogSoftmaxFwdOp" /><property name="op_module" value="tileops.ops.reduction.softmax" /><property name="max_abs_err" value="0.00e+00" /></properties></testcase><testcase classname="tests.ops.test_softmax" name="test_log_softmax_op[shape7--1-dtype7-False]" time="0.078"><properties><property name="op" value="LogSoftmaxFwdOp" /><property name="op_module" value="tileops.ops.reduction.softmax" /><property name="max_abs_err" value="9.54e-07" /></properties></testcase><testcase classname="tests.ops.test_softmax" name="test_log_softmax_op[shape8--1-dtype8-False]" time="0.079"><properties><property name="op" value="LogSoftmaxFwdOp" /><property name="op_module" value="tileops.ops.reduction.softmax" /><property name="max_abs_err" value="0.00e+00" /></properties></testcase><testcase classname="tests.ops.test_softmax" name="test_log_softmax_op[shape9--1-dtype9-False]" time="0.079"><properties><property name="op" value="LogSoftmaxFwdOp" /><property name="op_module" value="tileops.ops.reduction.softmax" /><property name="max_abs_err" value="0.00e+00" /></properties></testcase><testcase classname="tests.ops.test_softmax" name="test_log_softmax_op[shape10--1-dtype10-False]" time="0.078"><properties><property name="op" value="LogSoftmaxFwdOp" /><property name="op_module" value="tileops.ops.reduction.softmax" /><property name="max_abs_err" value="9.54e-07" /></properties></testcase><testcase classname="tests.ops.test_softmax" name="test_log_softmax_op[shape11--1-dtype11-False]" time="0.054"><properties><property name="op" value="LogSoftmaxFwdOp" /><property name="op_module" value="tileops.ops.reduction.softmax" /><property name="max_abs_err" value="0.00e+00" /></properties></testcase><testcase classname="tests.ops.test_softmax" name="test_log_softmax_op[shape12--1-dtype12-False]" time="0.079"><properties><property name="op" value="LogSoftmaxFwdOp" /><property name="op_module" value="tileops.ops.reduction.softmax" /><property name="max_abs_err" value="0.00e+00" /></properties></testcase><testcase classname="tests.ops.test_softmax" name="test_log_softmax_op[shape13--1-dtype13-False]" time="0.078"><properties><property name="op" value="LogSoftmaxFwdOp" /><property name="op_module" value="tileops.ops.reduction.softmax" /><property name="max_abs_err" value="9.54e-07" /></properties></testcase><testcase classname="tests.ops.test_softmax" name="test_log_softmax_op[shape14--1-dtype14-False]" time="0.078"><properties><property name="op" value="LogSoftmaxFwdOp" /><property name="op_module" value="tileops.ops.reduction.softmax" /><property name="max_abs_err" value="0.00e+00" /></properties></testcase><testcase classname="tests.ops.test_softmax" name="test_log_softmax_op[shape15--1-dtype15-False]" time="0.079"><properties><property name="op" value="LogSoftmaxFwdOp" /><property name="op_module" value="tileops.ops.reduction.softmax" /><property name="max_abs_err" value="0.00e+00" /></properties></testcase><testcase classname="tests.ops.test_softmax" name="test_log_softmax_op[shape16--1-dtype16-False]" time="0.120"><properties><property name="op" value="LogSoftmaxFwdOp" /><property name="op_module" value="tileops.ops.reduction.softmax" /><property name="max_abs_err" value="0.00e+00" /></properties></testcase><testcase classname="tests.ops.test_softmax" name="test_log_softmax_op[shape17--1-dtype17-False]" time="0.119"><properties><property name="op" value="LogSoftmaxFwdOp" /><property name="op_module" value="tileops.ops.reduction.softmax" /><property name="max_abs_err" value="0.00e+00" /></properties></testcase><testcase classname="tests.ops.test_softmax" name="test_log_softmax_op[shape18--1-dtype18-False]" time="0.078"><properties><property name="op" value="LogSoftmaxFwdOp" /><property name="op_module" value="tileops.ops.reduction.softmax" /><property name="max_abs_err" value="9.54e-07" /></properties></testcase><testcase classname="tests.ops.test_softmax" name="test_log_softmax_op[shape19--1-dtype19-False]" time="0.120"><properties><property name="op" value="LogSoftmaxFwdOp" /><property name="op_module" value="tileops.ops.reduction.softmax" /><property name="max_abs_err" value="0.00e+00" /></properties></testcase><testcase classname="tests.ops.test_softmax" name="test_log_softmax_op[shape20--1-dtype20-False]" time="0.119"><properties><property name="op" value="LogSoftmaxFwdOp" /><property name="op_module" value="tileops.ops.reduction.softmax" /><property name="max_abs_err" value="7.81e-03" /></properties></testcase><testcase classname="tests.ops.test_softmax" name="test_log_softmax_op[shape21-0-dtype21-False]" time="0.002"><properties><property name="op" value="LogSoftmaxFwdOp" /><property name="op_module" value="tileops.ops.reduction.softmax" /><property name="max_abs_err" value="9.54e-07" /></properties></testcase><testcase classname="tests.ops.test_softmax" name="test_log_softmax_op[shape22-0-dtype22-False]" time="0.002"><properties><property name="op" value="LogSoftmaxFwdOp" /><property name="op_module" value="tileops.ops.reduction.softmax" /><property name="max_abs_err" value="0.00e+00" /></properties></testcase><testcase classname="tests.ops.test_softmax" name="test_log_softmax_op[shape23-0-dtype23-False]" time="0.002"><properties><property name="op" value="LogSoftmaxFwdOp" /><property name="op_module" value="tileops.ops.reduction.softmax" /><property name="max_abs_err" value="0.00e+00" /></properties></testcase><testcase classname="tests.ops.test_softmax" name="test_log_softmax_op[shape24-1-dtype24-False]" time="0.002"><properties><property name="op" value="LogSoftmaxFwdOp" /><property name="op_module" value="tileops.ops.reduction.softmax" /><property name="max_abs_err" value="9.54e-07" /></properties></testcase><testcase classname="tests.ops.test_softmax" name="test_log_softmax_op[shape25-1-dtype25-False]" time="0.002"><properties><property name="op" value="LogSoftmaxFwdOp" /><property name="op_module" value="tileops.ops.reduction.softmax" /><property name="max_abs_err" value="0.00e+00" /></properties></testcase><testcase classname="tests.ops.test_softmax" name="test_log_softmax_op[shape26-1-dtype26-False]" time="0.002"><properties><property name="op" value="LogSoftmaxFwdOp" /><property name="op_module" value="tileops.ops.reduction.softmax" /><property name="max_abs_err" value="0.00e+00" /></properties></testcase><testcase classname="tests.ops.test_softmax" name="test_logsumexp_op[shape3--1-dtype3-True]" time="0.066"><properties><property name="op" value="LogSumExpFwdOp" /><property name="op_module" value="tileops.ops.reduction.softmax" /><property name="max_abs_err" value="0.00e+00" /></properties></testcase><testcase classname="tests.ops.test_softmax" name="test_logsumexp_op[shape4--1-dtype4-False]" time="0.068"><properties><property name="op" value="LogSumExpFwdOp" /><property name="op_module" value="tileops.ops.reduction.softmax" /><property name="max_abs_err" value="4.77e-07" /></properties></testcase><testcase classname="tests.ops.test_softmax" name="test_logsumexp_op[shape5--1-dtype5-False]" time="0.068"><properties><property name="op" value="LogSumExpFwdOp" /><property name="op_module" value="tileops.ops.reduction.softmax" /><property name="max_abs_err" value="0.00e+00" /></properties></testcase><testcase classname="tests.ops.test_softmax" name="test_logsumexp_op[shape6--1-dtype6-False]" time="0.068"><properties><property name="op" value="LogSumExpFwdOp" /><property name="op_module" value="tileops.ops.reduction.softmax" /><property name="max_abs_err" value="0.00e+00" /></properties></testcase><testcase classname="tests.ops.test_softmax" name="test_logsumexp_op[shape7--1-dtype7-False]" time="0.068"><properties><property name="op" value="LogSumExpFwdOp" /><property name="op_module" value="tileops.ops.reduction.softmax" /><property name="max_abs_err" value="4.77e-07" /></properties></testcase><testcase classname="tests.ops.test_softmax" name="test_logsumexp_op[shape8--1-dtype8-False]" time="0.068"><properties><property name="op" value="LogSumExpFwdOp" /><property name="op_module" value="tileops.ops.reduction.softmax" /><property name="max_abs_err" value="0.00e+00" /></properties></testcase><testcase classname="tests.ops.test_softmax" name="test_logsumexp_op[shape9--1-dtype9-False]" time="0.068"><properties><property name="op" value="LogSumExpFwdOp" /><property name="op_module" value="tileops.ops.reduction.softmax" /><property name="max_abs_err" value="0.00e+00" /></properties></testcase><testcase classname="tests.ops.test_softmax" name="test_logsumexp_op[shape10--1-dtype10-False]" time="0.068"><properties><property name="op" value="LogSumExpFwdOp" /><property name="op_module" value="tileops.ops.reduction.softmax" /><property name="max_abs_err" value="4.77e-07" /></properties></testcase><testcase classname="tests.ops.test_softmax" name="test_logsumexp_op[shape11--1-dtype11-False]" time="0.050"><properties><property name="op" value="LogSumExpFwdOp" /><property name="op_module" value="tileops.ops.reduction.softmax" /><property name="max_abs_err" value="0.00e+00" /></properties></testcase><testcase classname="tests.ops.test_softmax" name="test_logsumexp_op[shape12--1-dtype12-False]" time="0.069"><properties><property name="op" value="LogSumExpFwdOp" /><property name="op_module" value="tileops.ops.reduction.softmax" /><property name="max_abs_err" value="0.00e+00" /></properties></testcase><testcase classname="tests.ops.test_softmax" name="test_logsumexp_op[shape13--1-dtype13-False]" time="0.068"><properties><property name="op" value="LogSumExpFwdOp" /><property name="op_module" value="tileops.ops.reduction.softmax" /><property name="max_abs_err" value="4.77e-07" /></properties></testcase><testcase classname="tests.ops.test_softmax" name="test_logsumexp_op[shape14--1-dtype14-False]" time="0.069"><properties><property name="op" value="LogSumExpFwdOp" /><property name="op_module" value="tileops.ops.reduction.softmax" /><property name="max_abs_err" value="0.00e+00" /></properties></testcase><testcase classname="tests.ops.test_softmax" name="test_logsumexp_op[shape15--1-dtype15-False]" time="0.068"><properties><property name="op" value="LogSumExpFwdOp" /><property name="op_module" value="tileops.ops.reduction.softmax" /><property name="max_abs_err" value="0.00e+00" /></properties></testcase><testcase classname="tests.ops.test_softmax" name="test_logsumexp_op[shape16--1-dtype16-False]" time="0.088"><properties><property name="op" value="LogSumExpFwdOp" /><property name="op_module" value="tileops.ops.reduction.softmax" /><property name="max_abs_err" value="0.00e+00" /></properties></testcase><testcase classname="tests.ops.test_softmax" name="test_logsumexp_op[shape17--1-dtype17-False]" time="0.088"><properties><property name="op" value="LogSumExpFwdOp" /><property name="op_module" value="tileops.ops.reduction.softmax" /><property name="max_abs_err" value="0.00e+00" /></properties></testcase><testcase classname="tests.ops.test_softmax" name="test_logsumexp_op[shape18--1-dtype18-False]" time="0.068"><properties><property name="op" value="LogSumExpFwdOp" /><property name="op_module" value="tileops.ops.reduction.softmax" /><property name="max_abs_err" value="4.77e-07" /></properties></testcase><testcase classname="tests.ops.test_softmax" name="test_logsumexp_op[shape19--1-dtype19-False]" time="0.089"><properties><property name="op" value="LogSumExpFwdOp" /><property name="op_module" value="tileops.ops.reduction.softmax" /><property name="max_abs_err" value="0.00e+00" /></properties></testcase><testcase classname="tests.ops.test_softmax" name="test_logsumexp_op[shape20--1-dtype20-False]" time="0.088"><properties><property name="op" value="LogSumExpFwdOp" /><property name="op_module" value="tileops.ops.reduction.softmax" /><property name="max_abs_err" value="0.00e+00" /></properties></testcase><testcase classname="tests.ops.test_softmax" name="test_logsumexp_op[shape21-0-dtype21-False]" time="0.002"><properties><property name="op" value="LogSumExpFwdOp" /><property name="op_module" value="tileops.ops.reduction.softmax" /><property name="max_abs_err" value="4.77e-07" /></properties></testcase><testcase classname="tests.ops.test_softmax" name="test_logsumexp_op[shape22-0-dtype22-False]" time="0.002"><properties><property name="op" value="LogSumExpFwdOp" /><property name="op_module" value="tileops.ops.reduction.softmax" /><property name="max_abs_err" value="0.00e+00" /></properties></testcase><testcase classname="tests.ops.test_softmax" name="test_logsumexp_op[shape23-0-dtype23-False]" time="0.002"><properties><property name="op" value="LogSumExpFwdOp" /><property name="op_module" value="tileops.ops.reduction.softmax" /><property name="max_abs_err" value="0.00e+00" /></properties></testcase><testcase classname="tests.ops.test_softmax" name="test_logsumexp_op[shape24-1-dtype24-False]" time="0.002"><properties><property name="op" value="LogSumExpFwdOp" /><property name="op_module" value="tileops.ops.reduction.softmax" /><property name="max_abs_err" value="0.00e+00" /></properties></testcase><testcase classname="tests.ops.test_softmax" name="test_logsumexp_op[shape25-1-dtype25-False]" time="0.002"><properties><property name="op" value="LogSumExpFwdOp" /><property name="op_module" value="tileops.ops.reduction.softmax" /><property name="max_abs_err" value="0.00e+00" /></properties></testcase><testcase classname="tests.ops.test_softmax" name="test_logsumexp_op[shape26-1-dtype26-False]" time="0.002"><properties><property name="op" value="LogSumExpFwdOp" /><property name="op_module" value="tileops.ops.reduction.softmax" /><property name="max_abs_err" value="0.00e+00" /></properties></testcase><testcase classname="tests.ops.test_softmax" name="test_logsumexp_keepdim[shape2--1-dtype2]" time="0.001" /><testcase classname="tests.ops.test_softmax" name="test_logsumexp_keepdim[shape3-0-dtype3]" time="0.001" /><testcase classname="tests.ops.test_softmax" name="test_logsumexp_keepdim[shape4-0-dtype4]" time="0.001" /><testcase classname="tests.ops.test_softmax" name="test_logsumexp_keepdim[shape5-1-dtype5]" time="0.001" /><testcase classname="tests.ops.test_softmax" name="test_log_softmax_non_contiguous[shape3-dtype3]" time="0.001" /><testcase classname="tests.ops.test_softmax" name="test_log_softmax_non_contiguous[shape4-dtype4]" time="0.001" /><testcase classname="tests.ops.test_softmax" name="test_log_softmax_non_contiguous[shape5-dtype5]" time="0.002" /><testcase classname="tests.ops.test_softmax" name="test_logsumexp_non_contiguous[shape3-dtype3]" time="0.001" /><testcase classname="tests.ops.test_softmax" name="test_logsumexp_non_contiguous[shape4-dtype4]" time="0.001" /><testcase classname="tests.ops.test_softmax" name="test_logsumexp_non_contiguous[shape5-dtype5]" time="0.002" /><testcase classname="tests.ops.test_softmax" name="test_log_softmax_1d[300-dtype3]" time="0.076" /><testcase classname="tests.ops.test_softmax" name="test_log_softmax_1d[300-dtype4]" time="0.075" /><testcase classname="tests.ops.test_softmax" name="test_log_softmax_1d[300-dtype5]" time="0.075" /><testcase classname="tests.ops.test_softmax" name="test_logsumexp_1d[300-dtype3]" time="0.066" /><testcase classname="tests.ops.test_softmax" name="test_logsumexp_1d[300-dtype4]" time="0.066" /><testcase classname="tests.ops.test_softmax" name="test_logsumexp_1d[300-dtype5]" time="0.066" /><testcase classname="tests.ops.test_special_elementwise" name="test_clamp_dtype_size[16777216-dtype3]" time="0.023" /><testcase classname="tests.ops.test_topk_selector" name="test_topk_selector_op[8-512-2048-1-64-float32-int32-False]" time="0.148"><properties><property name="op" value="TopkSelectorOp" /><property name="op_module" value="tileops.ops.topk_selector" /><property name="max_abs_err" value="2.04e+03" /></properties></testcase><testcase classname="tests.ops.test_topk_selector" name="test_topk_selector_op[1-32768-65536-1-1024-float32-int32-False]" time="4.923"><properties><property name="op" value="TopkSelectorOp" /><property name="op_module" value="tileops.ops.topk_selector" /><property name="max_abs_err" value="6.55e+04" /></properties></testcase><testcase classname="tests.ops.test_topk_selector" name="test_topk_selector_op[1-32768-131072-1-2048-float32-int32-False]" time="10.258"><properties><property name="op" value="TopkSelectorOp" /><property name="op_module" value="tileops.ops.topk_selector" /><property name="max_abs_err" value="1.31e+05" /></properties></testcase><testcase classname="tests.ops.test_vector_norm" name="test_l1_norm_op[256-4096-dtype3]" time="0.068"><properties><property name="op" value="L1NormFwdOp" /><property name="op_module" value="tileops.ops.reduction.vector_norm" /><property name="max_abs_err" value="0.00e+00" /></properties></testcase><testcase classname="tests.ops.test_vector_norm" name="test_l1_norm_op[256-4096-dtype4]" time="0.065"><properties><property name="op" value="L1NormFwdOp" /><property name="op_module" value="tileops.ops.reduction.vector_norm" /><property name="max_abs_err" value="0.00e+00" /></properties></testcase><testcase classname="tests.ops.test_vector_norm" name="test_l1_norm_op[128-300-dtype5]" time="0.064"><properties><property name="op" value="L1NormFwdOp" /><property name="op_module" value="tileops.ops.reduction.vector_norm" /><property name="max_abs_err" value="3.05e-05" /></properties></testcase><testcase classname="tests.ops.test_vector_norm" name="test_l1_norm_op[128-300-dtype6]" time="0.064"><properties><property name="op" value="L1NormFwdOp" /><property name="op_module" value="tileops.ops.reduction.vector_norm" /><property name="max_abs_err" value="0.00e+00" /></properties></testcase><testcase classname="tests.ops.test_vector_norm" name="test_l1_norm_op[129-512-dtype7]" time="0.064"><properties><property name="op" value="L1NormFwdOp" /><property name="op_module" value="tileops.ops.reduction.vector_norm" /><property name="max_abs_err" value="0.00e+00" /></properties></testcase><testcase classname="tests.ops.test_vector_norm" name="test_l2_norm_op[256-4096-dtype3]" time="0.065"><properties><property name="op" value="L2NormFwdOp" /><property name="op_module" value="tileops.ops.reduction.vector_norm" /><property name="max_abs_err" value="0.00e+00" /></properties></testcase><testcase classname="tests.ops.test_vector_norm" name="test_l2_norm_op[256-4096-dtype4]" time="0.064"><properties><property name="op" value="L2NormFwdOp" /><property name="op_module" value="tileops.ops.reduction.vector_norm" /><property name="max_abs_err" value="0.00e+00" /></properties></testcase><testcase classname="tests.ops.test_vector_norm" name="test_l2_norm_op[128-300-dtype5]" time="0.065"><properties><property name="op" value="L2NormFwdOp" /><property name="op_module" value="tileops.ops.reduction.vector_norm" /><property name="max_abs_err" value="1.91e-06" /></properties></testcase><testcase classname="tests.ops.test_vector_norm" name="test_l2_norm_op[128-300-dtype6]" time="0.064"><properties><property name="op" value="L2NormFwdOp" /><property name="op_module" value="tileops.ops.reduction.vector_norm" /><property name="max_abs_err" value="0.00e+00" /></properties></testcase><testcase classname="tests.ops.test_vector_norm" name="test_l2_norm_op[129-512-dtype7]" time="0.064"><properties><property name="op" value="L2NormFwdOp" /><property name="op_module" value="tileops.ops.reduction.vector_norm" /><property name="max_abs_err" value="0.00e+00" /></properties></testcase><testcase classname="tests.ops.test_vector_norm" name="test_inf_norm_op[256-4096-dtype3]" time="0.064"><properties><property name="op" value="InfNormFwdOp" /><property name="op_module" value="tileops.ops.reduction.vector_norm" /><property name="max_abs_err" value="0.00e+00" /></properties></testcase><testcase classname="tests.ops.test_vector_norm" name="test_inf_norm_op[256-4096-dtype4]" time="0.064"><properties><property name="op" value="InfNormFwdOp" /><property name="op_module" value="tileops.ops.reduction.vector_norm" /><property name="max_abs_err" value="0.00e+00" /></properties></testcase><testcase classname="tests.ops.test_vector_norm" name="test_inf_norm_op[128-300-dtype5]" time="0.065"><properties><property name="op" value="InfNormFwdOp" /><property name="op_module" value="tileops.ops.reduction.vector_norm" /><property name="max_abs_err" value="0.00e+00" /></properties></testcase><testcase classname="tests.ops.test_vector_norm" name="test_inf_norm_op[128-300-dtype6]" time="0.064"><properties><property name="op" value="InfNormFwdOp" /><property name="op_module" value="tileops.ops.reduction.vector_norm" /><property name="max_abs_err" value="0.00e+00" /></properties></testcase><testcase classname="tests.ops.test_vector_norm" name="test_inf_norm_op[129-512-dtype7]" time="0.064"><properties><property name="op" value="InfNormFwdOp" /><property name="op_module" value="tileops.ops.reduction.vector_norm" /><property name="max_abs_err" value="0.00e+00" /></properties></testcase><testcase classname="tests.ops.test_vector_norm" name="test_inf_nan_propagation[4-300-dtype3]" time="0.063" /><testcase classname="tests.ops.test_welford_non_aligned" name="test_var_non_aligned[m32_n7_fp16]" time="0.101"><properties><property name="op" value="VarFwdOp" /><property name="op_module" value="tileops.ops.reduction.reduce" /><property name="max_abs_err" value="0.00e+00" /></properties></testcase><testcase classname="tests.ops.test_welford_non_aligned" name="test_var_non_aligned[m32_n33_fp16]" time="0.100"><properties><property name="op" value="VarFwdOp" /><property name="op_module" value="tileops.ops.reduction.reduce" /><property name="max_abs_err" value="0.00e+00" /></properties></testcase><testcase classname="tests.ops.test_welford_non_aligned" name="test_var_non_aligned[m32_n100_fp16]" time="0.099"><properties><property name="op" value="VarFwdOp" /><property name="op_module" value="tileops.ops.reduction.reduce" /><property name="max_abs_err" value="0.00e+00" /></properties></testcase><testcase classname="tests.ops.test_welford_non_aligned" name="test_var_non_aligned[m32_n255_fp16]" time="0.100"><properties><property name="op" value="VarFwdOp" /><property name="op_module" value="tileops.ops.reduction.reduce" /><property name="max_abs_err" value="0.00e+00" /></properties></testcase><testcase classname="tests.ops.test_welford_non_aligned" name="test_var_non_aligned[m32_n513_fp16]" time="0.100"><properties><property name="op" value="VarFwdOp" /><property name="op_module" value="tileops.ops.reduction.reduce" /><property name="max_abs_err" value="0.00e+00" /></properties></testcase><testcase classname="tests.ops.test_welford_non_aligned" name="test_var_non_aligned[m32_n7_bf16]" time="0.100"><properties><property name="op" value="VarFwdOp" /><property name="op_module" value="tileops.ops.reduction.reduce" /><property name="max_abs_err" value="0.00e+00" /></properties></testcase><testcase classname="tests.ops.test_welford_non_aligned" name="test_var_non_aligned[m32_n33_bf16]" time="0.100"><properties><property name="op" value="VarFwdOp" /><property name="op_module" value="tileops.ops.reduction.reduce" /><property name="max_abs_err" value="0.00e+00" /></properties></testcase><testcase classname="tests.ops.test_welford_non_aligned" name="test_var_non_aligned[m32_n100_bf16]" time="0.100"><properties><property name="op" value="VarFwdOp" /><property name="op_module" value="tileops.ops.reduction.reduce" /><property name="max_abs_err" value="0.00e+00" /></properties></testcase><testcase classname="tests.ops.test_welford_non_aligned" name="test_var_non_aligned[m32_n255_bf16]" time="0.100"><properties><property name="op" value="VarFwdOp" /><property name="op_module" value="tileops.ops.reduction.reduce" /><property name="max_abs_err" value="0.00e+00" /></properties></testcase><testcase classname="tests.ops.test_welford_non_aligned" name="test_var_non_aligned[m32_n513_bf16]" time="0.100"><properties><property name="op" value="VarFwdOp" /><property name="op_module" value="tileops.ops.reduction.reduce" /><property name="max_abs_err" value="0.00e+00" /></properties></testcase><testcase classname="tests.ops.test_welford_non_aligned" name="test_std_non_aligned[m32_n7_fp16]" time="0.100"><properties><property name="op" value="StdFwdOp" /><property name="op_module" value="tileops.ops.reduction.reduce" /><property name="max_abs_err" value="0.00e+00" /></properties></testcase><testcase classname="tests.ops.test_welford_non_aligned" name="test_std_non_aligned[m32_n33_fp16]" time="0.099"><properties><property name="op" value="StdFwdOp" /><property name="op_module" value="tileops.ops.reduction.reduce" /><property name="max_abs_err" value="0.00e+00" /></properties></testcase><testcase classname="tests.ops.test_welford_non_aligned" name="test_std_non_aligned[m32_n100_fp16]" time="0.100"><properties><property name="op" value="StdFwdOp" /><property name="op_module" value="tileops.ops.reduction.reduce" /><property name="max_abs_err" value="0.00e+00" /></properties></testcase><testcase classname="tests.ops.test_welford_non_aligned" name="test_std_non_aligned[m32_n255_fp16]" time="0.099"><properties><property name="op" value="StdFwdOp" /><property name="op_module" value="tileops.ops.reduction.reduce" /><property name="max_abs_err" value="0.00e+00" /></properties></testcase><testcase classname="tests.ops.test_welford_non_aligned" name="test_std_non_aligned[m32_n513_fp16]" time="0.100"><properties><property name="op" value="StdFwdOp" /><property name="op_module" value="tileops.ops.reduction.reduce" /><property name="max_abs_err" value="0.00e+00" /></properties></testcase><testcase classname="tests.ops.test_welford_non_aligned" name="test_std_non_aligned[m32_n7_bf16]" time="0.101"><properties><property name="op" value="StdFwdOp" /><property name="op_module" value="tileops.ops.reduction.reduce" /><property name="max_abs_err" value="0.00e+00" /></properties></testcase><testcase classname="tests.ops.test_welford_non_aligned" name="test_std_non_aligned[m32_n33_bf16]" time="0.100"><properties><property name="op" value="StdFwdOp" /><property name="op_module" value="tileops.ops.reduction.reduce" /><property name="max_abs_err" value="0.00e+00" /></properties></testcase><testcase classname="tests.ops.test_welford_non_aligned" name="test_std_non_aligned[m32_n100_bf16]" time="0.100"><properties><property name="op" value="StdFwdOp" /><property name="op_module" value="tileops.ops.reduction.reduce" /><property name="max_abs_err" value="0.00e+00" /></properties></testcase><testcase classname="tests.ops.test_welford_non_aligned" name="test_std_non_aligned[m32_n255_bf16]" time="0.387"><properties><property name="op" value="StdFwdOp" /><property name="op_module" value="tileops.ops.reduction.reduce" /><property name="max_abs_err" value="0.00e+00" /></properties></testcase><testcase classname="tests.ops.test_welford_non_aligned" name="test_std_non_aligned[m32_n513_bf16]" time="0.101"><properties><property name="op" value="StdFwdOp" /><property name="op_module" value="tileops.ops.reduction.reduce" /><property name="max_abs_err" value="0.00e+00" /></properties></testcase><testcase classname="tests.ops.test_welford_non_aligned" name="test_var_mean_non_aligned[m32_n7_fp16]" time="0.101"><properties><property name="op" value="VarMeanFwdOp" /><property name="op_module" value="tileops.ops.reduction.reduce" /><property name="max_abs_err" value="0.00e+00" /></properties></testcase><testcase classname="tests.ops.test_welford_non_aligned" name="test_var_mean_non_aligned[m32_n33_fp16]" time="0.102"><properties><property name="op" value="VarMeanFwdOp" /><property name="op_module" value="tileops.ops.reduction.reduce" /><property name="max_abs_err" value="0.00e+00" /></properties></testcase><testcase classname="tests.ops.test_welford_non_aligned" name="test_var_mean_non_aligned[m32_n100_fp16]" time="0.101"><properties><property name="op" value="VarMeanFwdOp" /><property name="op_module" value="tileops.ops.reduction.reduce" /><property name="max_abs_err" value="0.00e+00" /></properties></testcase><testcase classname="tests.ops.test_welford_non_aligned" name="test_var_mean_non_aligned[m32_n255_fp16]" time="0.100"><properties><property name="op" value="VarMeanFwdOp" /><property name="op_module" value="tileops.ops.reduction.reduce" /><property name="max_abs_err" value="0.00e+00" /></properties></testcase><testcase classname="tests.ops.test_welford_non_aligned" name="test_var_mean_non_aligned[m32_n513_fp16]" time="0.101"><properties><property name="op" value="VarMeanFwdOp" /><property name="op_module" value="tileops.ops.reduction.reduce" /><property name="max_abs_err" value="0.00e+00" /></properties></testcase><testcase classname="tests.ops.test_welford_non_aligned" name="test_var_mean_non_aligned[m32_n7_bf16]" time="0.101"><properties><property name="op" value="VarMeanFwdOp" /><property name="op_module" value="tileops.ops.reduction.reduce" /><property name="max_abs_err" value="0.00e+00" /></properties></testcase><testcase classname="tests.ops.test_welford_non_aligned" name="test_var_mean_non_aligned[m32_n33_bf16]" time="0.101"><properties><property name="op" value="VarMeanFwdOp" /><property name="op_module" value="tileops.ops.reduction.reduce" /><property name="max_abs_err" value="0.00e+00" /></properties></testcase><testcase classname="tests.ops.test_welford_non_aligned" name="test_var_mean_non_aligned[m32_n100_bf16]" time="0.101"><properties><property name="op" value="VarMeanFwdOp" /><property name="op_module" value="tileops.ops.reduction.reduce" /><property name="max_abs_err" value="0.00e+00" /></properties></testcase><testcase classname="tests.ops.test_welford_non_aligned" name="test_var_mean_non_aligned[m32_n255_bf16]" time="0.101"><properties><property name="op" value="VarMeanFwdOp" /><property name="op_module" value="tileops.ops.reduction.reduce" /><property name="max_abs_err" value="0.00e+00" /></properties></testcase><testcase classname="tests.ops.test_welford_non_aligned" name="test_var_mean_non_aligned[m32_n513_bf16]" time="0.101"><properties><property name="op" value="VarMeanFwdOp" /><property name="op_module" value="tileops.ops.reduction.reduce" /><property name="max_abs_err" value="0.00e+00" /></properties></testcase><testcase classname="tests.ops.test_welford_non_aligned" name="test_var_3d_non_aligned[b2_s16_h7_fp16]" time="0.001" /><testcase classname="tests.ops.test_welford_non_aligned" name="test_var_3d_non_aligned[b2_s16_h100_fp16]" time="0.001" /><testcase classname="tests.ops.test_welford_non_aligned" name="test_var_3d_non_aligned[b2_s16_h257_fp16]" time="0.098" /><testcase classname="tests.ops.test_welford_non_aligned" name="test_var_3d_non_aligned[b2_s16_h7_bf16]" time="0.002" /><testcase classname="tests.ops.test_welford_non_aligned" name="test_var_3d_non_aligned[b2_s16_h257_bf16]" time="0.104" /><testcase classname="tests.ops.test_welford_non_aligned" name="test_std_3d_non_aligned[b2_s16_h7_fp16]" time="0.001" /><testcase classname="tests.ops.test_welford_non_aligned" name="test_std_3d_non_aligned[b2_s16_h100_fp16]" time="0.001" /><testcase classname="tests.ops.test_welford_non_aligned" name="test_std_3d_non_aligned[b2_s16_h257_fp16]" time="0.098" /><testcase classname="tests.ops.test_welford_non_aligned" name="test_std_3d_non_aligned[b2_s16_h7_bf16]" time="0.001" /><testcase classname="tests.ops.test_welford_non_aligned" name="test_std_3d_non_aligned[b2_s16_h257_bf16]" time="0.097" /><testcase classname="tests.ops.test_welford_non_aligned" name="test_var_mean_3d_non_aligned[b2_s16_h7_fp16]" time="0.002" /><testcase classname="tests.ops.test_welford_non_aligned" name="test_var_mean_3d_non_aligned[b2_s16_h100_fp16]" time="0.002" /><testcase classname="tests.ops.test_welford_non_aligned" name="test_var_mean_3d_non_aligned[b2_s16_h257_fp16]" time="0.097" /><testcase classname="tests.ops.test_welford_non_aligned" name="test_var_mean_3d_non_aligned[b2_s16_h7_bf16]" time="0.002" /><testcase classname="tests.ops.test_welford_non_aligned" name="test_var_mean_3d_non_aligned[b2_s16_h257_bf16]" time="0.097" /><testcase classname="tests.ops.test_welford_non_aligned" name="test_var_multidim_non_aligned[flat258_fp16]" time="0.098" /><testcase classname="tests.ops.test_welford_non_aligned" name="test_var_multidim_non_aligned[flat255_keepdim_fp16]" time="0.098" /><testcase classname="tests.ops.test_welford_non_aligned" name="test_std_multidim_non_aligned[flat258_fp16]" time="0.098" /><testcase classname="tests.ops.test_welford_non_aligned" name="test_std_multidim_non_aligned[flat255_keepdim_fp16]" time="0.097" /><testcase classname="tests.ops.test_welford_non_aligned" name="test_var_mean_multidim_non_aligned[flat258_fp16]" time="0.097" /><testcase classname="tests.ops.test_welford_non_aligned" name="test_var_mean_multidim_non_aligned[flat255_keepdim_fp16]" time="0.096" /><testcase classname="tests.test_compile" name="test_mha_kernel_compile[8-1024-32-128-False-dtype0]" time="0.242"><properties><property name="op" value="function" /><property name="op_module" value="builtins" /><property name="max_abs_err" value="2.44e-04" /></properties></testcase><testcase classname="tests.test_compile" name="test_mha_kernel_compile[4-512-16-64-True-dtype1]" time="0.235"><properties><property name="op" value="function" /><property name="op_module" value="builtins" /><property name="max_abs_err" value="3.91e-03" /></properties></testcase><testcase classname="tests.test_tier_validation.TestFreezeValue" name="test_set_with_non_comparable_values_is_sorted_stably" time="0.001" /><testcase classname="tests.test_tier_validation.TestSmokeCount" name="test_zero_smoke_raises" time="0.001" /><testcase classname="tests.test_tier_validation.TestSmokeCount" name="test_multiple_smoke_params_pass" time="0.001" /><testcase classname="tests.test_tier_validation.TestSmokeOrdering" name="test_smoke_out_of_position_raises" time="0.001" /><testcase classname="tests.test_tier_validation.TestSmokeOrdering" name="test_xfail_before_smoke_ok" time="0.001" /><testcase classname="tests.test_tier_validation.TestSmokeConstraints" name="test_smoke_tune_true_raises" time="0.001" /><testcase classname="tests.test_tier_validation.TestSmokeConstraints" name="test_smoke_xfail_raises" time="0.002" /><testcase classname="tests.test_tier_validation.TestSmokeConstraints" name="test_smoke_xfail_reports_only_xfail_error" time="0.001" /><testcase classname="tests.test_tier_validation.TestNonRuntimeOpsFileExemption" name="test_exempt_ops_file_may_have_zero_smoke" time="0.001" /><testcase classname="tests.trace.test_payload" name="test_payload_api_signature" time="0.007" /><testcase classname="tests.trace.test_payload" name="test_payload_with_range_start_end" time="0.013" /><testcase classname="tests.trace.test_payload" name="test_payload_backward_compatibility" time="0.007" /><testcase classname="tests.trace.test_payload" name="test_implicit_thread_blocks_with_payload_e2e" time="0.010" /><testcase classname="tests.trace.test_payload" name="test_dynamic_payload_runtime_expr" time="0.012" /></testsuite></testsuites>